BL51 BANKED LINKER/LOCATER V5.03                                                        10/16/2013  16:33:51  PAGE 1


BL51 BANKED LINKER/LOCATER V5.03, INVOKED BY:
C:\KEIL\C51\BIN\BL51.EXE gpif.obj, fw.obj, dscr.obj, int0.obj, master.obj, .\EZUSB.LIB, .\USBJmpTb.OBJ TO master RAMSIZE
>>  (256) CODE (0X300) XDATA (0X1A00)


MEMORY MODEL: SMALL


INPUT MODULES INCLUDED:
  gpif.obj (GPIF)
  fw.obj (FW)
  dscr.obj (DSCR)
  int0.obj (INT0)
  master.obj (MASTER)
  .\EZUSB.LIB (RESUME)
  .\EZUSB.LIB (DISCON)
  .\EZUSB.LIB (EZREGS)
  .\EZUSB.LIB (I2C)
  .\EZUSB.LIB (GET_STRD)
  .\EZUSB.LIB (I2C_RW)
  .\EZUSB.LIB (SUSP)
  .\EZUSB.LIB (DELAY)
  .\EZUSB.LIB (DELAY1MS)
  .\USBJmpTb.OBJ (USBJMPTBL)
  C:\KEIL\C51\LIB\C51S.LIB (?C_STARTUP)
  C:\KEIL\C51\LIB\C51S.LIB (?C?CLDOPTR)
  C:\KEIL\C51\LIB\C51S.LIB (?C?CSTOPTR)
  C:\KEIL\C51\LIB\C51S.LIB (?C?IILDX)
  C:\KEIL\C51\LIB\C51S.LIB (?C?ULCMP)
  C:\KEIL\C51\LIB\C51S.LIB (?C?CCASE)
  C:\KEIL\C51\LIB\C51S.LIB (?C_INIT)


LINK MAP OF MODULE:  master (GPIF)


            TYPE    BASE      LENGTH    RELOCATION   SEGMENT NAME
            -----------------------------------------------------

            * * * * * * *   D A T A   M E M O R Y   * * * * * * *
            REG     0000H     0008H     ABSOLUTE     "REG BANK 0"
            DATA    0008H     0012H     UNIT         _DATA_GROUP_
            DATA    001AH     0006H     UNIT         ?DT?I2C
            BIT     0020H.0   0001H.0   UNIT         ?BI?MASTER
            BIT     0021H.0   0000H.4   UNIT         ?BI?FW
            BIT     0021H.4   0000H.1   UNIT         _BIT_GROUP_
                    0021H.5   0000H.3                *** GAP ***
            DATA    0022H     000EH     UNIT         ?DT?FW
            DATA    0030H     0003H     UNIT         ?DT?MASTER
            IDATA   0033H     0001H     UNIT         ?STACK

            * * * * * * *  X D A T A   M E M O R Y  * * * * * * *
                    0000H     1A00H                  *** GAP ***
            XDATA   1A00H     00ABH     UNIT         ?XD?GPIF
            XDATA   1AABH     0016H     UNIT         ?XD?MASTER
                    1AC1H     653FH                  *** GAP ***
            XDATA   8000H     0001H     ABSOLUTE     
                    8001H     07FFH                  *** GAP ***
BL51 BANKED LINKER/LOCATER V5.03                                                      10/16/2013  16:33:51  PAGE 2


            XDATA   8800H     0001H     ABSOLUTE     
                    8801H     07FFH                  *** GAP ***
            XDATA   9000H     0001H     ABSOLUTE     
                    9001H     07FFH                  *** GAP ***
            XDATA   9800H     0001H     ABSOLUTE     
                    9801H     07FFH                  *** GAP ***
            XDATA   A000H     0001H     ABSOLUTE     
                    A001H     07FFH                  *** GAP ***
            XDATA   A800H     0001H     ABSOLUTE     
                    A801H     07FFH                  *** GAP ***
            XDATA   B000H     0001H     ABSOLUTE     
                    B001H     07FFH                  *** GAP ***
            XDATA   B800H     0001H     ABSOLUTE     
                    B801H     2BFFH                  *** GAP ***
            XDATA   E400H     0001H     ABSOLUTE     
                    E401H     007FH                  *** GAP ***
            XDATA   E480H     0001H     ABSOLUTE     
                    E481H     008CH                  *** GAP ***
            XDATA   E50DH     0001H     ABSOLUTE     
                    E50EH     00F2H                  *** GAP ***
            XDATA   E600H     0001H     ABSOLUTE     
            XDATA   E601H     0001H     ABSOLUTE     
            XDATA   E602H     0001H     ABSOLUTE     
            XDATA   E603H     0001H     ABSOLUTE     
            XDATA   E604H     0001H     ABSOLUTE     
            XDATA   E605H     0001H     ABSOLUTE     
            XDATA   E606H     0001H     ABSOLUTE     
            XDATA   E607H     0001H     ABSOLUTE     
            XDATA   E608H     0001H     ABSOLUTE     
            XDATA   E609H     0001H     ABSOLUTE     
            XDATA   E60AH     0001H     ABSOLUTE     
            XDATA   E60BH     0001H     ABSOLUTE     
            XDATA   E60CH     0001H     ABSOLUTE     
                    E60DH     0003H                  *** GAP ***
            XDATA   E610H     0001H     ABSOLUTE     
            XDATA   E611H     0001H     ABSOLUTE     
            XDATA   E612H     0001H     ABSOLUTE     
            XDATA   E613H     0001H     ABSOLUTE     
            XDATA   E614H     0001H     ABSOLUTE     
            XDATA   E615H     0001H     ABSOLUTE     
                    E616H     0002H                  *** GAP ***
            XDATA   E618H     0001H     ABSOLUTE     
            XDATA   E619H     0001H     ABSOLUTE     
            XDATA   E61AH     0001H     ABSOLUTE     
            XDATA   E61BH     0001H     ABSOLUTE     
                    E61CH     0004H                  *** GAP ***
            XDATA   E620H     0001H     ABSOLUTE     
            XDATA   E621H     0001H     ABSOLUTE     
            XDATA   E622H     0001H     ABSOLUTE     
            XDATA   E623H     0001H     ABSOLUTE     
            XDATA   E624H     0001H     ABSOLUTE     
            XDATA   E625H     0001H     ABSOLUTE     
            XDATA   E626H     0001H     ABSOLUTE     
            XDATA   E627H     0001H     ABSOLUTE     
            XDATA   E628H     0001H     ABSOLUTE     
            XDATA   E629H     0001H     ABSOLUTE     
            XDATA   E62AH     0001H     ABSOLUTE     
BL51 BANKED LINKER/LOCATER V5.03                                                      10/16/2013  16:33:51  PAGE 3


            XDATA   E62BH     0001H     ABSOLUTE     
            XDATA   E62CH     0001H     ABSOLUTE     
            XDATA   E62DH     0001H     ABSOLUTE     
            XDATA   E62EH     0001H     ABSOLUTE     
            XDATA   E62FH     0001H     ABSOLUTE     
            XDATA   E630H     0001H     ABSOLUTE     
            XDATA   E631H     0001H     ABSOLUTE     
            XDATA   E632H     0001H     ABSOLUTE     
            XDATA   E633H     0001H     ABSOLUTE     
            XDATA   E634H     0001H     ABSOLUTE     
            XDATA   E635H     0001H     ABSOLUTE     
            XDATA   E636H     0001H     ABSOLUTE     
            XDATA   E637H     0001H     ABSOLUTE     
                    E638H     0008H                  *** GAP ***
            XDATA   E640H     0001H     ABSOLUTE     
            XDATA   E641H     0001H     ABSOLUTE     
            XDATA   E642H     0001H     ABSOLUTE     
            XDATA   E643H     0001H     ABSOLUTE     
                    E644H     0004H                  *** GAP ***
            XDATA   E648H     0001H     ABSOLUTE     
            XDATA   E649H     0001H     ABSOLUTE     
                    E64AH     0006H                  *** GAP ***
            XDATA   E650H     0001H     ABSOLUTE     
            XDATA   E651H     0001H     ABSOLUTE     
            XDATA   E652H     0001H     ABSOLUTE     
            XDATA   E653H     0001H     ABSOLUTE     
            XDATA   E654H     0001H     ABSOLUTE     
            XDATA   E655H     0001H     ABSOLUTE     
            XDATA   E656H     0001H     ABSOLUTE     
            XDATA   E657H     0001H     ABSOLUTE     
            XDATA   E658H     0001H     ABSOLUTE     
            XDATA   E659H     0001H     ABSOLUTE     
            XDATA   E65AH     0001H     ABSOLUTE     
            XDATA   E65BH     0001H     ABSOLUTE     
            XDATA   E65CH     0001H     ABSOLUTE     
            XDATA   E65DH     0001H     ABSOLUTE     
            XDATA   E65EH     0001H     ABSOLUTE     
            XDATA   E65FH     0001H     ABSOLUTE     
            XDATA   E660H     0001H     ABSOLUTE     
            XDATA   E661H     0001H     ABSOLUTE     
            XDATA   E662H     0001H     ABSOLUTE     
            XDATA   E663H     0001H     ABSOLUTE     
            XDATA   E664H     0001H     ABSOLUTE     
            XDATA   E665H     0001H     ABSOLUTE     
            XDATA   E666H     0001H     ABSOLUTE     
            XDATA   E667H     0001H     ABSOLUTE     
            XDATA   E668H     0001H     ABSOLUTE     
                    E669H     0007H                  *** GAP ***
            XDATA   E670H     0001H     ABSOLUTE     
            XDATA   E671H     0001H     ABSOLUTE     
            XDATA   E672H     0001H     ABSOLUTE     
                    E673H     0005H                  *** GAP ***
            XDATA   E678H     0001H     ABSOLUTE     
            XDATA   E679H     0001H     ABSOLUTE     
            XDATA   E67AH     0001H     ABSOLUTE     
            XDATA   E67BH     0001H     ABSOLUTE     
            XDATA   E67CH     0001H     ABSOLUTE     
BL51 BANKED LINKER/LOCATER V5.03                                                      10/16/2013  16:33:51  PAGE 4


            XDATA   E67DH     0001H     ABSOLUTE     
            XDATA   E67EH     0001H     ABSOLUTE     
            XDATA   E67FH     0001H     ABSOLUTE     
            XDATA   E680H     0001H     ABSOLUTE     
            XDATA   E681H     0001H     ABSOLUTE     
            XDATA   E682H     0001H     ABSOLUTE     
            XDATA   E683H     0001H     ABSOLUTE     
            XDATA   E684H     0001H     ABSOLUTE     
            XDATA   E685H     0001H     ABSOLUTE     
            XDATA   E686H     0001H     ABSOLUTE     
            XDATA   E687H     0001H     ABSOLUTE     
                    E688H     0002H                  *** GAP ***
            XDATA   E68AH     0001H     ABSOLUTE     
            XDATA   E68BH     0001H     ABSOLUTE     
                    E68CH     0001H                  *** GAP ***
            XDATA   E68DH     0001H     ABSOLUTE     
                    E68EH     0001H                  *** GAP ***
            XDATA   E68FH     0001H     ABSOLUTE     
            XDATA   E690H     0001H     ABSOLUTE     
            XDATA   E691H     0001H     ABSOLUTE     
                    E692H     0002H                  *** GAP ***
            XDATA   E694H     0001H     ABSOLUTE     
            XDATA   E695H     0001H     ABSOLUTE     
                    E696H     0002H                  *** GAP ***
            XDATA   E698H     0001H     ABSOLUTE     
            XDATA   E699H     0001H     ABSOLUTE     
                    E69AH     0002H                  *** GAP ***
            XDATA   E69CH     0001H     ABSOLUTE     
            XDATA   E69DH     0001H     ABSOLUTE     
                    E69EH     0002H                  *** GAP ***
            XDATA   E6A0H     0001H     ABSOLUTE     
            XDATA   E6A1H     0001H     ABSOLUTE     
            XDATA   E6A2H     0001H     ABSOLUTE     
            XDATA   E6A3H     0001H     ABSOLUTE     
            XDATA   E6A4H     0001H     ABSOLUTE     
            XDATA   E6A5H     0001H     ABSOLUTE     
            XDATA   E6A6H     0001H     ABSOLUTE     
            XDATA   E6A7H     0001H     ABSOLUTE     
            XDATA   E6A8H     0001H     ABSOLUTE     
            XDATA   E6A9H     0001H     ABSOLUTE     
            XDATA   E6AAH     0001H     ABSOLUTE     
            XDATA   E6ABH     0001H     ABSOLUTE     
            XDATA   E6ACH     0001H     ABSOLUTE     
            XDATA   E6ADH     0001H     ABSOLUTE     
            XDATA   E6AEH     0001H     ABSOLUTE     
            XDATA   E6AFH     0001H     ABSOLUTE     
            XDATA   E6B0H     0001H     ABSOLUTE     
            XDATA   E6B1H     0001H     ABSOLUTE     
            XDATA   E6B2H     0001H     ABSOLUTE     
            XDATA   E6B3H     0001H     ABSOLUTE     
            XDATA   E6B4H     0001H     ABSOLUTE     
            XDATA   E6B5H     0001H     ABSOLUTE     
                    E6B6H     0002H                  *** GAP ***
            XDATA   E6B8H     0008H     ABSOLUTE     
            XDATA   E6C0H     0001H     ABSOLUTE     
            XDATA   E6C1H     0001H     ABSOLUTE     
            XDATA   E6C2H     0001H     ABSOLUTE     
BL51 BANKED LINKER/LOCATER V5.03                                                      10/16/2013  16:33:51  PAGE 5


            XDATA   E6C3H     0001H     ABSOLUTE     
            XDATA   E6C4H     0001H     ABSOLUTE     
            XDATA   E6C5H     0001H     ABSOLUTE     
            XDATA   E6C6H     0001H     ABSOLUTE     
            XDATA   E6C7H     0001H     ABSOLUTE     
            XDATA   E6C8H     0001H     ABSOLUTE     
            XDATA   E6C9H     0001H     ABSOLUTE     
            XDATA   E6CAH     0001H     ABSOLUTE     
            XDATA   E6CBH     0001H     ABSOLUTE     
            XDATA   E6CCH     0001H     ABSOLUTE     
            XDATA   E6CDH     0001H     ABSOLUTE     
            XDATA   E6CEH     0001H     ABSOLUTE     
            XDATA   E6CFH     0001H     ABSOLUTE     
            XDATA   E6D0H     0001H     ABSOLUTE     
            XDATA   E6D1H     0001H     ABSOLUTE     
            XDATA   E6D2H     0001H     ABSOLUTE     
            XDATA   E6D3H     0001H     ABSOLUTE     
            XDATA   E6D4H     0001H     ABSOLUTE     
                    E6D5H     0005H                  *** GAP ***
            XDATA   E6DAH     0001H     ABSOLUTE     
            XDATA   E6DBH     0001H     ABSOLUTE     
            XDATA   E6DCH     0001H     ABSOLUTE     
                    E6DDH     0005H                  *** GAP ***
            XDATA   E6E2H     0001H     ABSOLUTE     
            XDATA   E6E3H     0001H     ABSOLUTE     
            XDATA   E6E4H     0001H     ABSOLUTE     
                    E6E5H     0005H                  *** GAP ***
            XDATA   E6EAH     0001H     ABSOLUTE     
            XDATA   E6EBH     0001H     ABSOLUTE     
            XDATA   E6ECH     0001H     ABSOLUTE     
                    E6EDH     0003H                  *** GAP ***
            XDATA   E6F0H     0001H     ABSOLUTE     
            XDATA   E6F1H     0001H     ABSOLUTE     
            XDATA   E6F2H     0001H     ABSOLUTE     
            XDATA   E6F3H     0001H     ABSOLUTE     
            XDATA   E6F4H     0001H     ABSOLUTE     
            XDATA   E6F5H     0001H     ABSOLUTE     
                    E6F6H     0002H                  *** GAP ***
            XDATA   E6F8H     0001H     ABSOLUTE     
            XDATA   E6F9H     0001H     ABSOLUTE     
            XDATA   E6FAH     0001H     ABSOLUTE     
            XDATA   E6FBH     0001H     ABSOLUTE     
            XDATA   E6FCH     0001H     ABSOLUTE     
            XDATA   E6FDH     0001H     ABSOLUTE     
            XDATA   E6FEH     0001H     ABSOLUTE     
                    E6FFH     0041H                  *** GAP ***
            XDATA   E740H     0040H     ABSOLUTE     
            XDATA   E780H     0040H     ABSOLUTE     
            XDATA   E7C0H     0040H     ABSOLUTE     
                    E800H     0800H                  *** GAP ***
            XDATA   F000H     0400H     ABSOLUTE     
            XDATA   F400H     0400H     ABSOLUTE     
            XDATA   F800H     0400H     ABSOLUTE     
            XDATA   FC00H     0400H     ABSOLUTE     

            * * * * * * *   C O D E   M E M O R Y   * * * * * * *
            CODE    0000H     0003H     ABSOLUTE     
BL51 BANKED LINKER/LOCATER V5.03                                                      10/16/2013  16:33:51  PAGE 6


            CODE    0003H     0003H     ABSOLUTE     
                    0006H     002DH                  *** GAP ***
            CODE    0033H     0003H     ABSOLUTE     
                    0036H     000DH                  *** GAP ***
            CODE    0043H     0003H     ABSOLUTE     
                    0046H     0005H                  *** GAP ***
            CODE    004BH     0003H     ABSOLUTE     
                    004EH     0005H                  *** GAP ***
            CODE    0053H     0003H     ABSOLUTE     
                    0056H     00AAH                  *** GAP ***
            CODE    0100H     00BAH     ABSOLUTE     
                    01BAH     0146H                  *** GAP ***
            CODE    0300H     0224H     UNIT         ?PR?SETUPCOMMAND?FW
            CODE    0524H     01D1H     UNIT         ?PR?MAIN?FW
            CODE    06F5H     01C4H     UNIT         ?PR?DR_VENDORCMND?MASTER
            CODE    08B9H     015AH     UNIT         ?PR?TD_POLL?MASTER
            CODE    0A13H     0108H     UNIT         ?PR?I2C_ISR?I2C
            CODE    0B1BH     00EFH     UNIT         ?C_INITSEG
            CODE    0C0AH     00BCH     UNIT         ?PR?GPIFINIT?GPIF
            CODE    0CC6H     0038H     UNIT         ?PR?_EZUSB_WAITFOREEPROMWRITE?I2C
            CODE    0CFEH     0002H     UNIT         ?PR?TD_SUSPEND?MASTER
            CODE    0D00H     00B8H     PAGE         ?PR?USB_JUMP_TABLE?USBJT
            CODE    0DB8H     00B6H     UNIT         ?PR?TD_INIT?MASTER
            CODE    0E6EH     009CH     UNIT         ?C?LIB_CODE
            CODE    0F0AH     008CH     UNIT         ?C_C51STARTUP
            CODE    0F96H     0058H     UNIT         ?PR?LED_CONTROL?MASTER
            CODE    0FEEH     0047H     UNIT         ?PR?_LED_OFF?MASTER
            CODE    1035H     0047H     UNIT         ?PR?_LED_ON?MASTER
            CODE    107CH     0046H     UNIT         ?PR?_EZUSB_DELAY?DELAY
            CODE    10C2H     003DH     UNIT         ?PR?DR_SETCONFIGURATION?MASTER
            CODE    10FFH     003DH     UNIT         ?PR?ISR_HIGHSPEED?MASTER
            CODE    113CH     0036H     UNIT         ?PR?ISR_URES?MASTER
            CODE    1172H     0034H     UNIT         ?PR?_EZUSB_READI2C_?I2C
            CODE    11A6H     0032H     UNIT         ?PR?_EZUSB_WRITEI2C_?I2C
            CODE    11D8H     002FH     UNIT         ?PR?EZUSB_DISCON?DISCON
            CODE    1207H     002CH     UNIT         ?PR?EZUSB_RESUME?RESUME
            CODE    1233H     002BH     UNIT         ?PR?_EZUSB_GETSTRINGDSCR?GET_STRD
            CODE    125EH     0025H     UNIT         EZUSB
            CODE    1283H     001CH     UNIT         ?PR?_EZUSB_READI2C?I2C_RW
            CODE    129FH     001CH     UNIT         ?PR?_EZUSB_WRITEI2C?I2C_RW
            CODE    12BBH     0018H     UNIT         ?PR?ISR_SUDAV?MASTER
            CODE    12D3H     0018H     UNIT         ?PR?ISR_SUSP?MASTER
            CODE    12EBH     0016H     UNIT         ?PR?ISR_SUTOK?MASTER
            CODE    1301H     0016H     UNIT         ?PR?ISR_SOF?MASTER
            CODE    1317H     0012H     UNIT         ?PR?DR_GETCONFIGURATION?MASTER
            CODE    1329H     0012H     UNIT         ?PR?DR_GETINTERFACE?MASTER
            CODE    133BH     000AH     UNIT         ?CO?FW
            CODE    1345H     0008H     UNIT         ?PR?DR_SETINTERFACE?MASTER
            CODE    134DH     0008H     UNIT         ?PR?EZUSB_INITI2C?I2C
            CODE    1355H     0005H     UNIT         ?PR?INT0?INT0
            CODE    135AH     0004H     UNIT         ?PR?RESUME_ISR?FW
            CODE    135EH     0002H     UNIT         ?PR?TD_RESUME?MASTER
            CODE    1360H     0002H     UNIT         ?PR?DR_GETDESCRIPTOR?MASTER
            CODE    1362H     0002H     UNIT         ?PR?DR_GETSTATUS?MASTER
            CODE    1364H     0002H     UNIT         ?PR?DR_CLEARFEATURE?MASTER
            CODE    1366H     0002H     UNIT         ?PR?DR_SETFEATURE?MASTER
            CODE    1368H     0001H     UNIT         ?PR?ISR_EP0ACK?MASTER
BL51 BANKED LINKER/LOCATER V5.03                                                      10/16/2013  16:33:51  PAGE 7


            CODE    1369H     0001H     UNIT         ?PR?ISR_STUB?MASTER
            CODE    136AH     0001H     UNIT         ?PR?ISR_EP0IN?MASTER
            CODE    136BH     0001H     UNIT         ?PR?ISR_EP0OUT?MASTER
            CODE    136CH     0001H     UNIT         ?PR?ISR_EP1IN?MASTER
            CODE    136DH     0001H     UNIT         ?PR?ISR_EP1OUT?MASTER
            CODE    136EH     0001H     UNIT         ?PR?ISR_EP2INOUT?MASTER
            CODE    136FH     0001H     UNIT         ?PR?ISR_EP4INOUT?MASTER
            CODE    1370H     0001H     UNIT         ?PR?ISR_EP6INOUT?MASTER
            CODE    1371H     0001H     UNIT         ?PR?ISR_EP8INOUT?MASTER
            CODE    1372H     0001H     UNIT         ?PR?ISR_IBN?MASTER
            CODE    1373H     0001H     UNIT         ?PR?ISR_EP0PINGNAK?MASTER
            CODE    1374H     0001H     UNIT         ?PR?ISR_EP1PINGNAK?MASTER
            CODE    1375H     0001H     UNIT         ?PR?ISR_EP2PINGNAK?MASTER
            CODE    1376H     0001H     UNIT         ?PR?ISR_EP4PINGNAK?MASTER
            CODE    1377H     0001H     UNIT         ?PR?ISR_EP6PINGNAK?MASTER
            CODE    1378H     0001H     UNIT         ?PR?ISR_EP8PINGNAK?MASTER
            CODE    1379H     0001H     UNIT         ?PR?ISR_ERRORLIMIT?MASTER
            CODE    137AH     0001H     UNIT         ?PR?ISR_EP2PIDERROR?MASTER
            CODE    137BH     0001H     UNIT         ?PR?ISR_EP4PIDERROR?MASTER
            CODE    137CH     0001H     UNIT         ?PR?ISR_EP6PIDERROR?MASTER
            CODE    137DH     0001H     UNIT         ?PR?ISR_EP8PIDERROR?MASTER
            CODE    137EH     0001H     UNIT         ?PR?ISR_EP2PFLAG?MASTER
            CODE    137FH     0001H     UNIT         ?PR?ISR_EP4PFLAG?MASTER
            CODE    1380H     0001H     UNIT         ?PR?ISR_EP6PFLAG?MASTER
            CODE    1381H     0001H     UNIT         ?PR?ISR_EP8PFLAG?MASTER
            CODE    1382H     0001H     UNIT         ?PR?ISR_EP2EFLAG?MASTER
            CODE    1383H     0001H     UNIT         ?PR?ISR_EP4EFLAG?MASTER
            CODE    1384H     0001H     UNIT         ?PR?ISR_EP6EFLAG?MASTER
            CODE    1385H     0001H     UNIT         ?PR?ISR_EP8EFLAG?MASTER
            CODE    1386H     0001H     UNIT         ?PR?ISR_EP2FFLAG?MASTER
            CODE    1387H     0001H     UNIT         ?PR?ISR_EP4FFLAG?MASTER
            CODE    1388H     0001H     UNIT         ?PR?ISR_EP6FFLAG?MASTER
            CODE    1389H     0001H     UNIT         ?PR?ISR_EP8FFLAG?MASTER
            CODE    138AH     0001H     UNIT         ?PR?ISR_GPIFCOMPLETE?MASTER
            CODE    138BH     0001H     UNIT         ?PR?ISR_GPIFWAVEFORM?MASTER



OVERLAY MAP OF MODULE:   master (GPIF)


SEGMENT                                      BIT_GROUP          DATA_GROUP 
  +--> CALLED SEGMENT                     START    LENGTH     START    LENGTH
-----------------------------------------------------------------------------
?PR?USB_JUMP_TABLE?USBJT                  -----    -----      -----    -----
  +--> ?PR?ISR_SUDAV?MASTER
  +--> ?PR?ISR_SOF?MASTER
  +--> ?PR?ISR_SUTOK?MASTER
  +--> ?PR?ISR_SUSP?MASTER
  +--> ?PR?ISR_URES?MASTER
  +--> ?PR?ISR_HIGHSPEED?MASTER
  +--> ?PR?ISR_EP0ACK?MASTER
  +--> ?PR?ISR_STUB?MASTER
  +--> ?PR?ISR_EP0IN?MASTER
  +--> ?PR?ISR_EP0OUT?MASTER
  +--> ?PR?ISR_EP1IN?MASTER
  +--> ?PR?ISR_EP1OUT?MASTER
BL51 BANKED LINKER/LOCATER V5.03                                                      10/16/2013  16:33:51  PAGE 8


  +--> ?PR?ISR_EP2INOUT?MASTER
  +--> ?PR?ISR_EP4INOUT?MASTER
  +--> ?PR?ISR_EP6INOUT?MASTER
  +--> ?PR?ISR_EP8INOUT?MASTER
  +--> ?PR?ISR_IBN?MASTER
  +--> ?PR?ISR_EP0PINGNAK?MASTER
  +--> ?PR?ISR_EP1PINGNAK?MASTER
  +--> ?PR?ISR_EP2PINGNAK?MASTER
  +--> ?PR?ISR_EP4PINGNAK?MASTER
  +--> ?PR?ISR_EP6PINGNAK?MASTER
  +--> ?PR?ISR_EP8PINGNAK?MASTER
  +--> ?PR?ISR_ERRORLIMIT?MASTER
  +--> ?PR?ISR_EP2PIDERROR?MASTER
  +--> ?PR?ISR_EP4PIDERROR?MASTER
  +--> ?PR?ISR_EP6PIDERROR?MASTER
  +--> ?PR?ISR_EP8PIDERROR?MASTER
  +--> ?PR?ISR_EP2PFLAG?MASTER
  +--> ?PR?ISR_EP4PFLAG?MASTER
  +--> ?PR?ISR_EP6PFLAG?MASTER
  +--> ?PR?ISR_EP8PFLAG?MASTER
  +--> ?PR?ISR_EP2EFLAG?MASTER
  +--> ?PR?ISR_EP4EFLAG?MASTER
  +--> ?PR?ISR_EP6EFLAG?MASTER
  +--> ?PR?ISR_EP8EFLAG?MASTER
  +--> ?PR?ISR_EP2FFLAG?MASTER
  +--> ?PR?ISR_EP4FFLAG?MASTER
  +--> ?PR?ISR_EP6FFLAG?MASTER
  +--> ?PR?ISR_EP8FFLAG?MASTER
  +--> ?PR?ISR_GPIFCOMPLETE?MASTER
  +--> ?PR?ISR_GPIFWAVEFORM?MASTER

*** NEW ROOT ***************************************************

?C_C51STARTUP                             -----    -----      -----    -----
  +--> ?PR?MAIN?FW
  +--> ?C_INITSEG

?PR?MAIN?FW                               -----    -----      0008H    0010H
  +--> ?PR?TD_INIT?MASTER
  +--> ?PR?EZUSB_DISCON?DISCON
  +--> ?PR?SETUPCOMMAND?FW
  +--> ?PR?TD_SUSPEND?MASTER
  +--> ?PR?EZUSB_RESUME?RESUME
  +--> ?PR?TD_RESUME?MASTER
  +--> ?PR?TD_POLL?MASTER

?PR?TD_INIT?MASTER                        -----    -----      -----    -----
  +--> ?PR?GPIFINIT?GPIF
  +--> ?PR?EZUSB_INITI2C?I2C

?PR?EZUSB_DISCON?DISCON                   0021H.4  0000H.1    -----    -----
  +--> ?PR?_EZUSB_DELAY?DELAY

?PR?_EZUSB_DELAY?DELAY                    -----    -----      0018H    0002H

?PR?SETUPCOMMAND?FW                       -----    -----      -----    -----
  +--> ?PR?DR_GETDESCRIPTOR?MASTER
BL51 BANKED LINKER/LOCATER V5.03                                                      10/16/2013  16:33:51  PAGE 9


  +--> ?PR?_EZUSB_GETSTRINGDSCR?GET_STRD
  +--> ?PR?DR_GETINTERFACE?MASTER
  +--> ?PR?DR_SETINTERFACE?MASTER
  +--> ?PR?DR_SETCONFIGURATION?MASTER
  +--> ?PR?DR_GETCONFIGURATION?MASTER
  +--> ?PR?DR_GETSTATUS?MASTER
  +--> ?CO?FW
  +--> ?PR?DR_CLEARFEATURE?MASTER
  +--> ?PR?DR_SETFEATURE?MASTER
  +--> ?PR?DR_VENDORCMND?MASTER

?PR?EZUSB_RESUME?RESUME                   -----    -----      -----    -----
  +--> ?PR?_EZUSB_DELAY?DELAY

?PR?TD_POLL?MASTER                        -----    -----      -----    -----
  +--> ?PR?_EZUSB_WRITEI2C?I2C_RW
  +--> ?PR?_EZUSB_WAITFOREEPROMWRITE?I2C
  +--> ?PR?LED_CONTROL?MASTER

?PR?_EZUSB_WRITEI2C?I2C_RW                -----    -----      -----    -----
  +--> ?PR?_EZUSB_WRITEI2C_?I2C

?PR?LED_CONTROL?MASTER                    -----    -----      -----    -----
  +--> ?PR?_LED_ON?MASTER
  +--> ?PR?_LED_OFF?MASTER



SYMBOL TABLE OF MODULE:  master (GPIF)

  VALUE           TYPE          NAME
  ----------------------------------

  -------         MODULE        GPIF
  C:0000H         SYMBOL        _ICE_DUMMY_
  X:1A00H         PUBLIC        WaveData
  X:1A80H         PUBLIC        InitData
  X:1A87H         PUBLIC        FlowStates
  C:0C0AH         PUBLIC        GpifInit
  D:009AH         PUBLIC        AUTOPTRH1
  D:009DH         PUBLIC        AUTOPTRH2
  D:009BH         PUBLIC        AUTOPTRL1
  D:009EH         PUBLIC        AUTOPTRL2
  D:00AFH         PUBLIC        AUTOPTRSETUP
  D:00B4H         PUBLIC        OEC
  D:00B6H         PUBLIC        OEE
  -------         PROC          GPIFINIT
  -------         DO            
  D:0007H         SYMBOL        i
  -------         ENDDO         
  C:0C0AH         LINE#         203
  C:0C0AH         LINE#         204
  C:0C0AH         LINE#         227
  C:0C10H         LINE#         236
  C:0C16H         LINE#         238
  C:0C1EH         LINE#         239
  C:0C26H         LINE#         240
BL51 BANKED LINKER/LOCATER V5.03                                                      10/16/2013  16:33:51  PAGE 10


  C:0C2EH         LINE#         241
  C:0C36H         LINE#         242
  C:0C3EH         LINE#         243
  C:0C46H         LINE#         246
  C:0C49H         LINE#         251
  C:0C4DH         LINE#         252
  C:0C51H         LINE#         255
  C:0C54H         LINE#         256
  C:0C57H         LINE#         259
  C:0C58H         LINE#         260
  C:0C58H         LINE#         261
  C:0C60H         LINE#         262
  C:0C64H         LINE#         265
  C:0C6AH         LINE#         266
  C:0C6CH         LINE#         267
  C:0C73H         LINE#         268
  C:0C76H         LINE#         277
  C:0C79H         LINE#         278
  C:0C7EH         LINE#         279
  C:0C81H         LINE#         280
  C:0C85H         LINE#         283
  C:0C8DH         LINE#         284
  C:0C95H         LINE#         285
  C:0C9DH         LINE#         286
  C:0CA5H         LINE#         287
  C:0CADH         LINE#         288
  C:0CB5H         LINE#         289
  C:0CBDH         LINE#         290
  C:0CC5H         LINE#         291
  -------         ENDPROC       GPIFINIT
  -------         ENDMOD        GPIF

  -------         MODULE        FW
  C:0000H         SYMBOL        _ICE_DUMMY_
  B:00A8H.7       PUBLIC        EA
  B:0021H.0       PUBLIC        Rwuen
  B:0021H.1       PUBLIC        GotSUD
  C:133BH         PUBLIC        EPCS_Offset_Lookup_Table
  C:0524H         PUBLIC        main
  B:00E8H.0       PUBLIC        EUSB
  C:135AH         PUBLIC        resume_isr
  D:0022H         PUBLIC        pHighSpeedConfigDscr
  D:0024H         PUBLIC        pDeviceDscr
  C:0300H         PUBLIC        SetupCommand
  D:0026H         PUBLIC        pConfigDscr
  D:0028H         PUBLIC        pOtherConfigDscr
  D:002AH         PUBLIC        pFullSpeedConfigDscr
  B:0021H.2       PUBLIC        Selfpwr
  D:002CH         PUBLIC        pDeviceQualDscr
  D:00D8H         PUBLIC        EICON
  D:008EH         PUBLIC        CKCON
  D:002EH         PUBLIC        pStringDscr
  B:0021H.3       PUBLIC        Sleep
  -------         PROC          MAIN
  -------         DO            
  D:0008H         SYMBOL        i
  D:0006H         SYMBOL        offset
BL51 BANKED LINKER/LOCATER V5.03                                                      10/16/2013  16:33:51  PAGE 11


  D:000CH         SYMBOL        DevDescrLen
  D:0010H         SYMBOL        j
  D:0014H         SYMBOL        IntDescrAddr
  D:0016H         SYMBOL        ExtDescrAddr
  -------         ENDDO         
  C:0524H         LINE#         106
  C:0524H         LINE#         107
  C:0524H         LINE#         111
  C:052DH         LINE#         116
  C:052FH         LINE#         117
  C:0531H         LINE#         118
  C:0533H         LINE#         119
  C:0535H         LINE#         122
  C:0538H         LINE#         130
  C:0540H         LINE#         131
  C:0546H         LINE#         132
  C:054CH         LINE#         133
  C:0552H         LINE#         134
  C:0558H         LINE#         136
  C:055FH         LINE#         137
  C:055FH         LINE#         138
  C:0565H         LINE#         139
  C:056BH         LINE#         140
  C:056DH         LINE#         142
  C:056DH         LINE#         143
  C:0573H         LINE#         144
  C:0579H         LINE#         145
  C:0579H         LINE#         147
  C:0581H         LINE#         148
  C:0581H         LINE#         149
  C:0587H         LINE#         150
  C:058FH         LINE#         151
  C:05A7H         LINE#         152
  C:05C5H         LINE#         153
  C:05EBH         LINE#         154
  C:060AH         LINE#         155
  C:063DH         LINE#         156
  C:0643H         LINE#         157
  C:064DH         LINE#         158
  C:0658H         LINE#         159
  C:0663H         LINE#         160
  C:066EH         LINE#         161
  C:0679H         LINE#         162
  C:0684H         LINE#         163
  C:068FH         LINE#         164
  C:068FH         LINE#         166
  C:0691H         LINE#         167
  C:0694H         LINE#         169
  C:069BH         LINE#         171
  C:06A2H         LINE#         172
  C:06A4H         LINE#         178
  C:06ABH         LINE#         179
  C:06ABH         LINE#         180
  C:06B0H         LINE#         181
  C:06B0H         LINE#         187
  C:06B7H         LINE#         189
  C:06BAH         LINE#         192
BL51 BANKED LINKER/LOCATER V5.03                                                      10/16/2013  16:33:51  PAGE 12


  C:06BCH         LINE#         195
  C:06BCH         LINE#         196
  C:06BCH         LINE#         197
  C:06BFH         LINE#         198
  C:06BFH         LINE#         199
  C:06C2H         LINE#         200
  C:06C4H         LINE#         201
  C:06C4H         LINE#         208
  C:06C7H         LINE#         209
  C:06C7H         LINE#         210
  C:06CCH         LINE#         211
  C:06CCH         LINE#         212
  C:06CEH         LINE#         214
  C:06CEH         LINE#         215
  C:06D1H         LINE#         216
  C:06D1H         LINE#         217
  C:06EAH         LINE#         222
  C:06EDH         LINE#         223
  C:06F0H         LINE#         224
  C:06F0H         LINE#         225
  C:06F0H         LINE#         226
  C:06F3H         LINE#         227
  -------         ENDPROC       MAIN
  -------         PROC          SETUPCOMMAND
  -------         DO            
  D:0001H         SYMBOL        dscr_ptr
  -------         ENDDO         
  C:0300H         LINE#         231
  C:0300H         LINE#         232
  C:0300H         LINE#         235
  C:0330H         LINE#         236
  C:0330H         LINE#         237
  C:0330H         LINE#         238
  C:0338H         LINE#         239
  C:034EH         LINE#         240
  C:034EH         LINE#         241
  C:034EH         LINE#         242
  C:0354H         LINE#         243
  C:0356H         LINE#         244
  C:0358H         LINE#         245
  C:0358H         LINE#         246
  C:035EH         LINE#         247
  C:0360H         LINE#         248
  C:0362H         LINE#         249
  C:0362H         LINE#         250
  C:0368H         LINE#         251
  C:036AH         LINE#         252
  C:036CH         LINE#         253
  C:036CH         LINE#         254
  C:0372H         LINE#         255
  C:0374H         LINE#         256
  C:0376H         LINE#         257
  C:0376H         LINE#         258
  C:0389H         LINE#         259
  C:0389H         LINE#         260
  C:038EH         LINE#         261
  C:0393H         LINE#         262
BL51 BANKED LINKER/LOCATER V5.03                                                      10/16/2013  16:33:51  PAGE 13


  C:0396H         LINE#         266
  C:0396H         LINE#         267
  C:0396H         LINE#         268
  C:0396H         LINE#         269
  C:0399H         LINE#         270
  C:0399H         LINE#         271
  C:039CH         LINE#         272
  C:039FH         LINE#         273
  C:039FH         LINE#         274
  C:03A2H         LINE#         275
  C:03A5H         LINE#         276
  C:03A5H         LINE#         277
  C:03A8H         LINE#         278
  C:03ABH         LINE#         279
  C:03ABH         LINE#         280
  C:03AEH         LINE#         281
  C:03B1H         LINE#         282
  C:03B1H         LINE#         283
  C:03B9H         LINE#         284
  C:03C8H         LINE#         285
  C:03C8H         LINE#         286
  C:03C8H         LINE#         287
  C:03D4H         LINE#         288
  C:03D4H         LINE#         289
  C:03D4H         LINE#         290
  C:03D4H         LINE#         291
  C:03D6H         LINE#         292
  C:03D6H         LINE#         293
  C:03DBH         LINE#         294
  C:03DBH         LINE#         295
  C:03DBH         LINE#         296
  C:03DBH         LINE#         297
  C:03DDH         LINE#         298
  C:03DDH         LINE#         299
  C:041BH         LINE#         300
  C:041EH         LINE#         301
  C:0422H         LINE#         302
  C:0428H         LINE#         303
  C:042BH         LINE#         304
  C:042BH         LINE#         305
  C:042BH         LINE#         306
  C:042BH         LINE#         307
  C:042EH         LINE#         308
  C:042EH         LINE#         309
  C:0436H         LINE#         310
  C:0445H         LINE#         311
  C:0445H         LINE#         312
  C:0445H         LINE#         313
  C:044CH         LINE#         314
  C:0451H         LINE#         316
  C:0451H         LINE#         317
  C:0454H         LINE#         318
  C:0454H         LINE#         319
  C:045AH         LINE#         320
  C:045AH         LINE#         321
  C:0495H         LINE#         322
  C:04ADH         LINE#         323
BL51 BANKED LINKER/LOCATER V5.03                                                      10/16/2013  16:33:51  PAGE 14


  C:04AFH         LINE#         325
  C:04AFH         LINE#         326
  C:04B1H         LINE#         327
  C:04B1H         LINE#         328
  C:04B1H         LINE#         329
  C:04B1H         LINE#         330
  C:04B6H         LINE#         331
  C:04C2H         LINE#         332
  C:04C2H         LINE#         333
  C:04C2H         LINE#         334
  C:04C9H         LINE#         335
  C:04CDH         LINE#         336
  C:04D5H         LINE#         342
  C:04D5H         LINE#         344
  C:04D5H         LINE#         345
  C:04D7H         LINE#         346
  C:04D7H         LINE#         347
  C:050EH         LINE#         348
  C:0510H         LINE#         349
  C:0510H         LINE#         350
  C:0510H         LINE#         351
  C:0510H         LINE#         352
  C:0515H         LINE#         353
  C:051CH         LINE#         354
  C:051CH         LINE#         357
  C:0523H         LINE#         358
  -------         ENDPROC       SETUPCOMMAND
  -------         PROC          RESUME_ISR
  C:135AH         LINE#         361
  C:135AH         LINE#         363
  C:135DH         LINE#         364
  -------         ENDPROC       RESUME_ISR
  -------         ENDMOD        FW

  -------         MODULE        DSCR
  C:0100H         PUBLIC        DEVICEDSCR
  C:0114H         PUBLIC        DEVICEQUALDSCR
  C:0142H         PUBLIC        FULLSPEEDCONFIGDSCR
  C:0120H         PUBLIC        HIGHSPEEDCONFIGDSCR
  C:0164H         PUBLIC        STRINGDSCR
  C:01B8H         PUBLIC        USERDSCR
  N:0002H         SYMBOL        DSCR_CONFIG
  N:0009H         SYMBOL        DSCR_CONFIG_LEN
  N:0001H         SYMBOL        DSCR_DEVICE
  N:0012H         SYMBOL        DSCR_DEVICE_LEN
  N:0006H         SYMBOL        DSCR_DEVQUAL
  N:000AH         SYMBOL        DSCR_DEVQUAL_LEN
  N:0005H         SYMBOL        DSCR_ENDPNT
  N:0007H         SYMBOL        DSCR_ENDPNT_LEN
  N:0004H         SYMBOL        DSCR_INTRFC
  N:0009H         SYMBOL        DSCR_INTRFC_LEN
  N:0003H         SYMBOL        DSCR_STRING
  N:0002H         SYMBOL        ET_BULK
  N:0000H         SYMBOL        ET_CONTROL
  N:0003H         SYMBOL        ET_INT
  N:0001H         SYMBOL        ET_ISO
  C:0162H         SYMBOL        FULLSPEEDCONFIGDSCREND
BL51 BANKED LINKER/LOCATER V5.03                                                      10/16/2013  16:33:51  PAGE 15


  C:0140H         SYMBOL        HIGHSPEEDCONFIGDSCREND
  C:0164H         SYMBOL        STRINGDSCR0
  C:0168H         SYMBOL        STRINGDSCR0END
  C:0168H         SYMBOL        STRINGDSCR1
  C:0178H         SYMBOL        STRINGDSCR1END
  C:0178H         SYMBOL        STRINGDSCR2
  C:01B8H         SYMBOL        STRINGDSCR2END
  -------         ENDMOD        DSCR

  -------         MODULE        INT0
  C:0000H         SYMBOL        _ICE_DUMMY_
  B:00A8H.0       PUBLIC        EX0
  C:1355H         PUBLIC        int0
  -------         PROC          INT0
  C:1355H         LINE#         11
  C:1355H         LINE#         13
  C:1357H         LINE#         14
  C:1359H         LINE#         19
  -------         ENDPROC       INT0
  -------         ENDMOD        INT0

  -------         MODULE        MASTER
  C:0000H         SYMBOL        _ICE_DUMMY_
  C:1379H         PUBLIC        ISR_Errorlimit
  X:8800H         PUBLIC        LED0_ON
  X:9800H         PUBLIC        LED1_ON
  X:A800H         PUBLIC        LED2_ON
  C:10C2H         PUBLIC        DR_SetConfiguration
  X:B800H         PUBLIC        LED3_ON
  D:0030H         PUBLIC        AlternateSetting
  C:136AH         PUBLIC        ISR_Ep0in
  C:136CH         PUBLIC        ISR_Ep1in
  C:0DB8H         PUBLIC        TD_Init
  C:136BH         PUBLIC        ISR_Ep0out
  C:136DH         PUBLIC        ISR_Ep1out
  C:08B9H         PUBLIC        TD_Poll
  D:0031H         PUBLIC        ledX_rdvar
  C:138AH         PUBLIC        ISR_GpifComplete
  C:0F96H         PUBLIC        LED_Control
  C:1362H         PUBLIC        DR_GetStatus
  C:1373H         PUBLIC        ISR_Ep0pingnak
  B:0020H.0       PUBLIC        in_enable
  C:1374H         PUBLIC        ISR_Ep1pingnak
  C:138BH         PUBLIC        ISR_GpifWaveform
  C:137AH         PUBLIC        ISR_Ep2piderror
  C:1375H         PUBLIC        ISR_Ep2pingnak
  C:137BH         PUBLIC        ISR_Ep4piderror
  C:1376H         PUBLIC        ISR_Ep4pingnak
  C:137CH         PUBLIC        ISR_Ep6piderror
  C:1377H         PUBLIC        ISR_Ep6pingnak
  D:00AAH         PUBLIC        EP2468STAT
  C:137DH         PUBLIC        ISR_Ep8piderror
  C:1378H         PUBLIC        ISR_Ep8pingnak
  D:0091H         PUBLIC        EXIF
  B:0020H.1       PUBLIC        enum_high_speed
  C:1329H         PUBLIC        DR_GetInterface
  C:1364H         PUBLIC        DR_ClearFeature
BL51 BANKED LINKER/LOCATER V5.03                                                      10/16/2013  16:33:51  PAGE 16


  C:0FEEH         PUBLIC        _LED_Off
  C:1382H         PUBLIC        ISR_Ep2eflag
  X:1AABH         PUBLIC        LED_State
  C:1386H         PUBLIC        ISR_Ep2fflag
  C:1383H         PUBLIC        ISR_Ep4eflag
  C:1345H         PUBLIC        DR_SetInterface
  C:1387H         PUBLIC        ISR_Ep4fflag
  C:1384H         PUBLIC        ISR_Ep6eflag
  X:1AACH         SYMBOL        LED_Status
  C:1388H         PUBLIC        ISR_Ep6fflag
  C:1360H         PUBLIC        DR_GetDescriptor
  C:1385H         PUBLIC        ISR_Ep8eflag
  C:1389H         PUBLIC        ISR_Ep8fflag
  X:1AADH         SYMBOL        LED_Count
  X:8000H         PUBLIC        LED0_OFF
  B:0020H.2       PUBLIC        auto_mode
  X:9000H         PUBLIC        LED1_OFF
  B:00A0H.0       PUBLIC        PC0
  X:A000H         PUBLIC        LED2_OFF
  B:00A0H.1       PUBLIC        PC1
  C:137EH         PUBLIC        ISR_Ep2pflag
  X:B000H         PUBLIC        LED3_OFF
  B:00A0H.2       PUBLIC        PC2
  C:137FH         PUBLIC        ISR_Ep4pflag
  C:1380H         PUBLIC        ISR_Ep6pflag
  C:1381H         PUBLIC        ISR_Ep8pflag
  B:00A8H.0       PUBLIC        EX0
  B:0088H.0       PUBLIC        IT0
  D:00ABH         PUBLIC        EP24FIFOFLGS
  C:1035H         PUBLIC        _LED_On
  B:0020H.3       PUBLIC        flg_trig
  C:12BBH         PUBLIC        ISR_Sudav
  B:0020H.4       PUBLIC        zerolenpkt
  D:00B2H         PUBLIC        OEA
  D:00B4H         PUBLIC        OEC
  D:00ACH         PUBLIC        EP68FIFOFLGS
  B:0080H.6       PUBLIC        PERIPH_FIFOADR0
  D:0080H         PUBLIC        IOA
  B:0080H.7       PUBLIC        PERIPH_FIFOADR1
  C:0CFEH         PUBLIC        TD_Suspend
  D:00BBH         PUBLIC        GPIFTRIG
  B:0020H.5       PUBLIC        b
  D:0032H         PUBLIC        Configuration
  X:1AAFH         SYMBOL        Blink_Rate
  C:1368H         PUBLIC        ISR_Ep0ack
  C:10FFH         PUBLIC        ISR_Highspeed
  C:12EBH         PUBLIC        ISR_Sutok
  C:1372H         PUBLIC        ISR_Ibn
  C:136EH         PUBLIC        ISR_Ep2inout
  C:136FH         PUBLIC        ISR_Ep4inout
  C:06F5H         PUBLIC        DR_VendorCmnd
  C:135EH         PUBLIC        TD_Resume
  C:1370H         PUBLIC        ISR_Ep6inout
  C:1369H         PUBLIC        ISR_Stub
  C:1371H         PUBLIC        ISR_Ep8inout
  C:113CH         PUBLIC        ISR_Ures
  B:0020H.6       PUBLIC        flg_in
BL51 BANKED LINKER/LOCATER V5.03                                                      10/16/2013  16:33:51  PAGE 17


  X:1AB1H         PUBLIC        Digit
  B:0020H.7       PUBLIC        flg_out
  C:1366H         PUBLIC        DR_SetFeature
  C:1301H         PUBLIC        ISR_Sof
  C:1317H         PUBLIC        DR_GetConfiguration
  C:12D3H         PUBLIC        ISR_Susp
  -------         PROC          TD_INIT
  C:0DB8H         LINE#         112
  C:0DB8H         LINE#         113
  C:0DB8H         LINE#         116
  C:0DBEH         LINE#         117
  C:0DC1H         LINE#         119
  C:0DC4H         LINE#         120
  C:0DCAH         LINE#         121
  C:0DCDH         LINE#         124
  C:0DD0H         LINE#         125
  C:0DDAH         LINE#         139
  C:0DE0H         LINE#         140
  C:0DE3H         LINE#         141
  C:0DE9H         LINE#         142
  C:0DECH         LINE#         143
  C:0DF1H         LINE#         144
  C:0DF4H         LINE#         145
  C:0DF8H         LINE#         146
  C:0DFBH         LINE#         148
  C:0E01H         LINE#         149
  C:0E04H         LINE#         150
  C:0E07H         LINE#         151
  C:0E0AH         LINE#         152
  C:0E0DH         LINE#         153
  C:0E10H         LINE#         154
  C:0E13H         LINE#         155
  C:0E16H         LINE#         156
  C:0E19H         LINE#         157
  C:0E1CH         LINE#         158
  C:0E1EH         LINE#         159
  C:0E21H         LINE#         161
  C:0E25H         LINE#         162
  C:0E28H         LINE#         163
  C:0E2CH         LINE#         164
  C:0E2FH         LINE#         166
  C:0E35H         LINE#         167
  C:0E38H         LINE#         168
  C:0E39H         LINE#         169
  C:0E3CH         LINE#         170
  C:0E3DH         LINE#         171
  C:0E40H         LINE#         172
  C:0E41H         LINE#         173
  C:0E44H         LINE#         175
  C:0E4AH         LINE#         176
  C:0E4DH         LINE#         177
  C:0E52H         LINE#         178
  C:0E55H         LINE#         182
  C:0E5AH         LINE#         183
  C:0E5DH         LINE#         184
  C:0E5FH         LINE#         186
  C:0E62H         LINE#         187
BL51 BANKED LINKER/LOCATER V5.03                                                      10/16/2013  16:33:51  PAGE 18


  C:0E69H         LINE#         190
  C:0E6BH         LINE#         191
  C:0E6DH         LINE#         195
  -------         ENDPROC       TD_INIT
  -------         PROC          TD_POLL
  -------         DO            
  D:0007H         SYMBOL        waiting_inpkts
  -------         ENDDO         
  C:08B9H         LINE#         197
  C:08B9H         LINE#         198
  C:08B9H         LINE#         203
  C:08C2H         LINE#         204
  C:08D3H         LINE#         205
  C:08D8H         LINE#         210
  C:08DBH         LINE#         213
  C:08E4H         LINE#         214
  C:08E4H         LINE#         215
  C:08E8H         LINE#         216
  C:08EAH         LINE#         217
  C:08EAH         LINE#         221
  C:08EFH         LINE#         222
  C:08EFH         LINE#         223
  C:08F2H         LINE#         224
  C:08F8H         LINE#         225
  C:08FBH         LINE#         226
  C:08FEH         LINE#         227
  C:0901H         LINE#         228
  C:0904H         LINE#         229
  C:0907H         LINE#         230
  C:090AH         LINE#         231
  C:090DH         LINE#         232
  C:0910H         LINE#         233
  C:0913H         LINE#         234
  C:0919H         LINE#         235
  C:091CH         LINE#         236
  C:0921H         LINE#         237
  C:0924H         LINE#         238
  C:0924H         LINE#         240
  C:0929H         LINE#         241
  C:0929H         LINE#         242
  C:0933H         LINE#         245
  C:0933H         LINE#         246
  C:0938H         LINE#         247
  C:0938H         LINE#         248
  C:093AH         LINE#         249
  C:093CH         LINE#         250
  C:093FH         LINE#         251
  C:0942H         LINE#         252
  C:0942H         LINE#         253
  C:0945H         LINE#         254
  C:094BH         LINE#         255
  C:094EH         LINE#         256
  C:0952H         LINE#         257
  C:0952H         LINE#         258
  C:0954H         LINE#         260
  C:0954H         LINE#         261
  C:0957H         LINE#         262
BL51 BANKED LINKER/LOCATER V5.03                                                      10/16/2013  16:33:51  PAGE 19


  C:095CH         LINE#         263
  C:095FH         LINE#         264
  C:0965H         LINE#         265
  C:0968H         LINE#         266
  C:0968H         LINE#         267
  C:096BH         LINE#         268
  C:096EH         LINE#         269
  C:0971H         LINE#         270
  C:0976H         LINE#         271
  C:0976H         LINE#         273
  C:0976H         LINE#         274
  C:0979H         LINE#         275
  C:097BH         LINE#         276
  C:097BH         LINE#         277
  C:097BH         LINE#         278
  C:097BH         LINE#         282
  C:0981H         LINE#         283
  C:0981H         LINE#         284
  C:0989H         LINE#         285
  C:0989H         LINE#         286
  C:098BH         LINE#         287
  C:098DH         LINE#         288
  C:0990H         LINE#         290
  C:0997H         LINE#         291
  C:0997H         LINE#         292
  C:099CH         LINE#         293
  C:099CH         LINE#         294
  C:099FH         LINE#         295
  C:099FH         LINE#         296
  C:09A2H         LINE#         297
  C:09A8H         LINE#         298
  C:09ABH         LINE#         299
  C:09AFH         LINE#         300
  C:09AFH         LINE#         301
  C:09B1H         LINE#         303
  C:09B1H         LINE#         304
  C:09B4H         LINE#         305
  C:09B9H         LINE#         306
  C:09BCH         LINE#         307
  C:09C2H         LINE#         308
  C:09C5H         LINE#         309
  C:09C5H         LINE#         311
  C:09C8H         LINE#         312
  C:09CBH         LINE#         314
  C:09D0H         LINE#         315
  C:09D0H         LINE#         317
  C:09D0H         LINE#         319
  C:09D6H         LINE#         320
  C:09DBH         LINE#         321
  C:09E0H         LINE#         322
  C:09E5H         LINE#         323
  C:09EAH         LINE#         324
  C:09EDH         LINE#         325
  C:09F0H         LINE#         326
  C:09F5H         LINE#         327
  C:09F8H         LINE#         328
  C:09FCH         LINE#         329
BL51 BANKED LINKER/LOCATER V5.03                                                      10/16/2013  16:33:51  PAGE 20


  C:09FCH         LINE#         330
  C:09FCH         LINE#         331
  C:09FCH         LINE#         332
  C:09FCH         LINE#         333
  C:09FEH         LINE#         335
  C:09FEH         LINE#         336
  C:0A04H         LINE#         337
  C:0A07H         LINE#         338
  C:0A0AH         LINE#         339
  C:0A0DH         LINE#         340
  C:0A0FH         LINE#         341
  C:0A12H         LINE#         343
  C:0A12H         LINE#         344
  -------         ENDPROC       TD_POLL
  -------         PROC          TD_SUSPEND
  C:0CFEH         LINE#         347
  C:0CFEH         LINE#         348
  C:0CFEH         LINE#         349
  C:0CFFH         LINE#         350
  -------         ENDPROC       TD_SUSPEND
  -------         PROC          TD_RESUME
  C:135EH         LINE#         352
  C:135EH         LINE#         353
  C:135EH         LINE#         354
  C:135FH         LINE#         355
  -------         ENDPROC       TD_RESUME
  -------         PROC          DR_GETDESCRIPTOR
  C:1360H         LINE#         362
  C:1360H         LINE#         363
  C:1360H         LINE#         364
  C:1361H         LINE#         365
  -------         ENDPROC       DR_GETDESCRIPTOR
  -------         PROC          DR_SETCONFIGURATION
  C:10C2H         LINE#         367
  C:10C2H         LINE#         368
  C:10C2H         LINE#         369
  C:10C9H         LINE#         370
  C:10C9H         LINE#         371
  C:10CCH         LINE#         372
  C:10D2H         LINE#         373
  C:10D5H         LINE#         374
  C:10DAH         LINE#         375
  C:10DDH         LINE#         376
  C:10DFH         LINE#         377
  C:10E1H         LINE#         379
  C:10E1H         LINE#         380
  C:10E4H         LINE#         381
  C:10E9H         LINE#         382
  C:10ECH         LINE#         383
  C:10F2H         LINE#         384
  C:10F5H         LINE#         385
  C:10F7H         LINE#         386
  C:10F7H         LINE#         388
  C:10FDH         LINE#         389
  C:10FEH         LINE#         390
  -------         ENDPROC       DR_SETCONFIGURATION
  -------         PROC          DR_GETCONFIGURATION
BL51 BANKED LINKER/LOCATER V5.03                                                      10/16/2013  16:33:51  PAGE 21


  C:1317H         LINE#         392
  C:1317H         LINE#         393
  C:1317H         LINE#         394
  C:131DH         LINE#         395
  C:1322H         LINE#         396
  C:1327H         LINE#         397
  C:1328H         LINE#         398
  -------         ENDPROC       DR_GETCONFIGURATION
  -------         PROC          DR_SETINTERFACE
  C:1345H         LINE#         400
  C:1345H         LINE#         401
  C:1345H         LINE#         402
  C:134BH         LINE#         403
  C:134CH         LINE#         404
  -------         ENDPROC       DR_SETINTERFACE
  -------         PROC          DR_GETINTERFACE
  C:1329H         LINE#         406
  C:1329H         LINE#         407
  C:1329H         LINE#         408
  C:132FH         LINE#         409
  C:1334H         LINE#         410
  C:1339H         LINE#         411
  C:133AH         LINE#         412
  -------         ENDPROC       DR_GETINTERFACE
  -------         PROC          DR_GETSTATUS
  C:1362H         LINE#         414
  C:1362H         LINE#         415
  C:1362H         LINE#         416
  C:1363H         LINE#         417
  -------         ENDPROC       DR_GETSTATUS
  -------         PROC          DR_CLEARFEATURE
  C:1364H         LINE#         419
  C:1364H         LINE#         420
  C:1364H         LINE#         421
  C:1365H         LINE#         422
  -------         ENDPROC       DR_CLEARFEATURE
  -------         PROC          DR_SETFEATURE
  C:1366H         LINE#         424
  C:1366H         LINE#         425
  C:1366H         LINE#         426
  C:1367H         LINE#         427
  -------         ENDPROC       DR_SETFEATURE
  -------         PROC          DR_VENDORCMND
  C:06F5H         LINE#         442
  C:06F5H         LINE#         443
  C:06F5H         LINE#         444
  C:0724H         LINE#         445
  C:0724H         LINE#         446
  C:0727H         LINE#         447
  C:0729H         LINE#         448
  C:072EH         LINE#         449
  C:072EH         LINE#         450
  C:072EH         LINE#         451
  C:072EH         LINE#         452
  C:0731H         LINE#         453
  C:0731H         LINE#         454
  C:0733H         LINE#         455
BL51 BANKED LINKER/LOCATER V5.03                                                      10/16/2013  16:33:51  PAGE 22


  C:0738H         LINE#         456
  C:073BH         LINE#         457
  C:073EH         LINE#         458
  C:0741H         LINE#         459
  C:0747H         LINE#         460
  C:074AH         LINE#         461
  C:074FH         LINE#         462
  C:074FH         LINE#         463
  C:074FH         LINE#         464
  C:074FH         LINE#         465
  C:0752H         LINE#         466
  C:0752H         LINE#         467
  C:0754H         LINE#         468
  C:0759H         LINE#         469
  C:075CH         LINE#         470
  C:0760H         LINE#         471
  C:0763H         LINE#         472
  C:0769H         LINE#         473
  C:076CH         LINE#         474
  C:076DH         LINE#         475
  C:0770H         LINE#         476
  C:0776H         LINE#         477
  C:0779H         LINE#         478
  C:077FH         LINE#         479
  C:0782H         LINE#         480
  C:0783H         LINE#         481
  C:0786H         LINE#         483
  C:078BH         LINE#         484
  C:078BH         LINE#         485
  C:078BH         LINE#         486
  C:078BH         LINE#         488
  C:078EH         LINE#         492
  C:078EH         LINE#         493
  C:0790H         LINE#         494
  C:0796H         LINE#         495
  C:0799H         LINE#         496
  C:079AH         LINE#         497
  C:079DH         LINE#         498
  C:07A3H         LINE#         499
  C:07A6H         LINE#         500
  C:07ACH         LINE#         501
  C:07AFH         LINE#         502
  C:07B5H         LINE#         503
  C:07B8H         LINE#         504
  C:07BDH         LINE#         505
  C:07BDH         LINE#         506
  C:07BDH         LINE#         507
  C:07BDH         LINE#         509
  C:07C0H         LINE#         510
  C:07C0H         LINE#         511
  C:07C6H         LINE#         512
  C:07C9H         LINE#         513
  C:07CEH         LINE#         514
  C:07D1H         LINE#         515
  C:07D7H         LINE#         516
  C:07DAH         LINE#         517
  C:07DFH         LINE#         518
BL51 BANKED LINKER/LOCATER V5.03                                                      10/16/2013  16:33:51  PAGE 23


  C:07DFH         LINE#         519
  C:07DFH         LINE#         520
  C:07DFH         LINE#         521
  C:07E1H         LINE#         522
  C:07E1H         LINE#         523
  C:07E9H         LINE#         524
  C:07F1H         LINE#         525
  C:07F9H         LINE#         526
  C:0801H         LINE#         527
  C:0804H         LINE#         528
  C:0804H         LINE#         529
  C:0804H         LINE#         530
  C:0804H         LINE#         531
  C:0806H         LINE#         532
  C:0806H         LINE#         533
  C:080EH         LINE#         534
  C:0816H         LINE#         535
  C:081EH         LINE#         536
  C:0826H         LINE#         537
  C:082EH         LINE#         538
  C:0833H         LINE#         539
  C:0838H         LINE#         540
  C:0838H         LINE#         541
  C:083AH         LINE#         542
  C:083AH         LINE#         543
  C:083AH         LINE#         546
  C:0840H         LINE#         547
  C:0845H         LINE#         548
  C:0849H         LINE#         549
  C:0849H         LINE#         550
  C:084BH         LINE#         551
  C:084BH         LINE#         552
  C:084BH         LINE#         553
  C:084BH         LINE#         554
  C:084DH         LINE#         556
  C:0853H         LINE#         557
  C:0858H         LINE#         558
  C:085CH         LINE#         559
  C:085CH         LINE#         560
  C:085EH         LINE#         561
  C:085EH         LINE#         562
  C:085EH         LINE#         563
  C:085EH         LINE#         564
  C:0860H         LINE#         566
  C:0866H         LINE#         567
  C:086BH         LINE#         568
  C:086FH         LINE#         569
  C:086FH         LINE#         570
  C:0871H         LINE#         571
  C:0871H         LINE#         572
  C:0871H         LINE#         573
  C:0871H         LINE#         574
  C:0877H         LINE#         575
  C:087AH         LINE#         576
  C:0882H         LINE#         577
  C:0885H         LINE#         578
  C:088AH         LINE#         579
BL51 BANKED LINKER/LOCATER V5.03                                                      10/16/2013  16:33:51  PAGE 24


  C:088FH         LINE#         580
  C:088FH         LINE#         581
  C:0891H         LINE#         582
  C:0891H         LINE#         583
  C:0891H         LINE#         584
  C:0891H         LINE#         585
  C:0897H         LINE#         586
  C:089AH         LINE#         587
  C:089EH         LINE#         588
  C:08A1H         LINE#         589
  C:08A6H         LINE#         590
  C:08ACH         LINE#         591
  C:08B3H         LINE#         592
  C:08B5H         LINE#         593
  C:08B5H         LINE#         595
  C:08B5H         LINE#         596
  C:08B7H         LINE#         597
  C:08B7H         LINE#         599
  C:08B8H         LINE#         600
  -------         ENDPROC       DR_VENDORCMND
  -------         PROC          ISR_SUDAV
  C:12BBH         LINE#         608
  C:12C1H         LINE#         610
  C:12C3H         LINE#         611
  C:12C6H         LINE#         612
  C:12CCH         LINE#         613
  -------         ENDPROC       ISR_SUDAV
  -------         PROC          ISR_SUTOK
  C:12EBH         LINE#         616
  C:12F1H         LINE#         618
  C:12F4H         LINE#         619
  C:12FAH         LINE#         620
  -------         ENDPROC       ISR_SUTOK
  -------         PROC          ISR_SOF
  C:1301H         LINE#         622
  C:1307H         LINE#         624
  C:130AH         LINE#         625
  C:1310H         LINE#         626
  -------         ENDPROC       ISR_SOF
  -------         PROC          ISR_URES
  C:113CH         LINE#         628
  C:1142H         LINE#         631
  C:1148H         LINE#         632
  C:1152H         LINE#         633
  C:1158H         LINE#         634
  C:1162H         LINE#         636
  C:1165H         LINE#         637
  C:116BH         LINE#         638
  -------         ENDPROC       ISR_URES
  -------         PROC          ISR_SUSP
  C:12D3H         LINE#         640
  C:12D9H         LINE#         642
  C:12DBH         LINE#         643
  C:12DEH         LINE#         644
  C:12E4H         LINE#         645
  -------         ENDPROC       ISR_SUSP
  -------         PROC          ISR_HIGHSPEED
BL51 BANKED LINKER/LOCATER V5.03                                                      10/16/2013  16:33:51  PAGE 25


  C:10FFH         LINE#         647
  C:1105H         LINE#         649
  C:110CH         LINE#         650
  C:110CH         LINE#         651
  C:1112H         LINE#         652
  C:111CH         LINE#         653
  C:1122H         LINE#         654
  C:112CH         LINE#         655
  C:112CH         LINE#         657
  C:112FH         LINE#         658
  C:1135H         LINE#         659
  -------         ENDPROC       ISR_HIGHSPEED
  -------         PROC          ISR_EP0ACK
  C:1368H         LINE#         660
  C:1368H         LINE#         662
  -------         ENDPROC       ISR_EP0ACK
  -------         PROC          ISR_STUB
  C:1369H         LINE#         663
  C:1369H         LINE#         665
  -------         ENDPROC       ISR_STUB
  -------         PROC          ISR_EP0IN
  C:136AH         LINE#         666
  C:136AH         LINE#         668
  -------         ENDPROC       ISR_EP0IN
  -------         PROC          ISR_EP0OUT
  C:136BH         LINE#         669
  C:136BH         LINE#         671
  -------         ENDPROC       ISR_EP0OUT
  -------         PROC          ISR_EP1IN
  C:136CH         LINE#         672
  C:136CH         LINE#         674
  -------         ENDPROC       ISR_EP1IN
  -------         PROC          ISR_EP1OUT
  C:136DH         LINE#         675
  C:136DH         LINE#         677
  -------         ENDPROC       ISR_EP1OUT
  -------         PROC          ISR_EP2INOUT
  C:136EH         LINE#         678
  C:136EH         LINE#         680
  -------         ENDPROC       ISR_EP2INOUT
  -------         PROC          ISR_EP4INOUT
  C:136FH         LINE#         681
  C:136FH         LINE#         683
  -------         ENDPROC       ISR_EP4INOUT
  -------         PROC          ISR_EP6INOUT
  C:1370H         LINE#         684
  C:1370H         LINE#         686
  -------         ENDPROC       ISR_EP6INOUT
  -------         PROC          ISR_EP8INOUT
  C:1371H         LINE#         687
  C:1371H         LINE#         689
  -------         ENDPROC       ISR_EP8INOUT
  -------         PROC          ISR_IBN
  C:1372H         LINE#         690
  C:1372H         LINE#         692
  -------         ENDPROC       ISR_IBN
  -------         PROC          ISR_EP0PINGNAK
BL51 BANKED LINKER/LOCATER V5.03                                                      10/16/2013  16:33:51  PAGE 26


  C:1373H         LINE#         693
  C:1373H         LINE#         695
  -------         ENDPROC       ISR_EP0PINGNAK
  -------         PROC          ISR_EP1PINGNAK
  C:1374H         LINE#         696
  C:1374H         LINE#         698
  -------         ENDPROC       ISR_EP1PINGNAK
  -------         PROC          ISR_EP2PINGNAK
  C:1375H         LINE#         699
  C:1375H         LINE#         701
  -------         ENDPROC       ISR_EP2PINGNAK
  -------         PROC          ISR_EP4PINGNAK
  C:1376H         LINE#         702
  C:1376H         LINE#         704
  -------         ENDPROC       ISR_EP4PINGNAK
  -------         PROC          ISR_EP6PINGNAK
  C:1377H         LINE#         705
  C:1377H         LINE#         707
  -------         ENDPROC       ISR_EP6PINGNAK
  -------         PROC          ISR_EP8PINGNAK
  C:1378H         LINE#         708
  C:1378H         LINE#         710
  -------         ENDPROC       ISR_EP8PINGNAK
  -------         PROC          ISR_ERRORLIMIT
  C:1379H         LINE#         711
  C:1379H         LINE#         713
  -------         ENDPROC       ISR_ERRORLIMIT
  -------         PROC          ISR_EP2PIDERROR
  C:137AH         LINE#         714
  C:137AH         LINE#         716
  -------         ENDPROC       ISR_EP2PIDERROR
  -------         PROC          ISR_EP4PIDERROR
  C:137BH         LINE#         717
  C:137BH         LINE#         719
  -------         ENDPROC       ISR_EP4PIDERROR
  -------         PROC          ISR_EP6PIDERROR
  C:137CH         LINE#         720
  C:137CH         LINE#         722
  -------         ENDPROC       ISR_EP6PIDERROR
  -------         PROC          ISR_EP8PIDERROR
  C:137DH         LINE#         723
  C:137DH         LINE#         725
  -------         ENDPROC       ISR_EP8PIDERROR
  -------         PROC          ISR_EP2PFLAG
  C:137EH         LINE#         726
  C:137EH         LINE#         728
  -------         ENDPROC       ISR_EP2PFLAG
  -------         PROC          ISR_EP4PFLAG
  C:137FH         LINE#         729
  C:137FH         LINE#         731
  -------         ENDPROC       ISR_EP4PFLAG
  -------         PROC          ISR_EP6PFLAG
  C:1380H         LINE#         732
  C:1380H         LINE#         734
  -------         ENDPROC       ISR_EP6PFLAG
  -------         PROC          ISR_EP8PFLAG
  C:1381H         LINE#         735
BL51 BANKED LINKER/LOCATER V5.03                                                      10/16/2013  16:33:51  PAGE 27


  C:1381H         LINE#         737
  -------         ENDPROC       ISR_EP8PFLAG
  -------         PROC          ISR_EP2EFLAG
  C:1382H         LINE#         738
  C:1382H         LINE#         740
  -------         ENDPROC       ISR_EP2EFLAG
  -------         PROC          ISR_EP4EFLAG
  C:1383H         LINE#         741
  C:1383H         LINE#         743
  -------         ENDPROC       ISR_EP4EFLAG
  -------         PROC          ISR_EP6EFLAG
  C:1384H         LINE#         744
  C:1384H         LINE#         746
  -------         ENDPROC       ISR_EP6EFLAG
  -------         PROC          ISR_EP8EFLAG
  C:1385H         LINE#         747
  C:1385H         LINE#         749
  -------         ENDPROC       ISR_EP8EFLAG
  -------         PROC          ISR_EP2FFLAG
  C:1386H         LINE#         750
  C:1386H         LINE#         752
  -------         ENDPROC       ISR_EP2FFLAG
  -------         PROC          ISR_EP4FFLAG
  C:1387H         LINE#         753
  C:1387H         LINE#         755
  -------         ENDPROC       ISR_EP4FFLAG
  -------         PROC          ISR_EP6FFLAG
  C:1388H         LINE#         756
  C:1388H         LINE#         758
  -------         ENDPROC       ISR_EP6FFLAG
  -------         PROC          ISR_EP8FFLAG
  C:1389H         LINE#         759
  C:1389H         LINE#         761
  -------         ENDPROC       ISR_EP8FFLAG
  -------         PROC          ISR_GPIFCOMPLETE
  C:138AH         LINE#         762
  C:138AH         LINE#         764
  -------         ENDPROC       ISR_GPIFCOMPLETE
  -------         PROC          ISR_GPIFWAVEFORM
  C:138BH         LINE#         765
  C:138BH         LINE#         767
  -------         ENDPROC       ISR_GPIFWAVEFORM
  -------         PROC          _LED_OFF
  D:0005H         SYMBOL        LED_Mask
  C:0FEEH         LINE#         771
  C:0FF0H         LINE#         772
  C:0FF0H         LINE#         773
  C:0FF4H         LINE#         774
  C:0FF4H         LINE#         775
  C:0FFAH         LINE#         776
  C:1001H         LINE#         777
  C:1001H         LINE#         778
  C:1005H         LINE#         779
  C:1005H         LINE#         780
  C:100BH         LINE#         781
  C:1012H         LINE#         782
  C:1012H         LINE#         783
BL51 BANKED LINKER/LOCATER V5.03                                                      10/16/2013  16:33:51  PAGE 28


  C:1016H         LINE#         784
  C:1016H         LINE#         785
  C:101CH         LINE#         786
  C:1023H         LINE#         787
  C:1023H         LINE#         788
  C:1027H         LINE#         789
  C:1027H         LINE#         790
  C:102DH         LINE#         791
  C:1034H         LINE#         792
  C:1034H         LINE#         793
  -------         ENDPROC       _LED_OFF
  -------         PROC          _LED_ON
  D:0005H         SYMBOL        LED_Mask
  C:1035H         LINE#         795
  C:1037H         LINE#         796
  C:1037H         LINE#         797
  C:103BH         LINE#         798
  C:103BH         LINE#         799
  C:1041H         LINE#         800
  C:1048H         LINE#         801
  C:1048H         LINE#         802
  C:104CH         LINE#         803
  C:104CH         LINE#         804
  C:1052H         LINE#         805
  C:1059H         LINE#         806
  C:1059H         LINE#         807
  C:105DH         LINE#         808
  C:105DH         LINE#         809
  C:1063H         LINE#         810
  C:106AH         LINE#         811
  C:106AH         LINE#         812
  C:106EH         LINE#         813
  C:106EH         LINE#         814
  C:1074H         LINE#         815
  C:107BH         LINE#         816
  C:107BH         LINE#         817
  -------         ENDPROC       _LED_ON
  -------         PROC          LED_CONTROL
  C:0F96H         LINE#         821
  C:0F96H         LINE#         822
  C:0F96H         LINE#         824
  C:0F9DH         LINE#         825
  C:0FA2H         LINE#         827
  C:0FA5H         LINE#         829
  C:0FACH         LINE#         830
  C:0FB1H         LINE#         832
  C:0FB4H         LINE#         836
  C:0FCBH         LINE#         837
  C:0FCBH         LINE#         838
  C:0FD3H         LINE#         839
  C:0FD3H         LINE#         840
  C:0FD6H         LINE#         841
  C:0FDBH         LINE#         842
  C:0FDDH         LINE#         844
  C:0FDDH         LINE#         845
  C:0FE0H         LINE#         846
  C:0FE6H         LINE#         847
BL51 BANKED LINKER/LOCATER V5.03                                                      10/16/2013  16:33:51  PAGE 29


  C:0FE6H         LINE#         848
  C:0FEDH         LINE#         849
  C:0FEDH         LINE#         850
  -------         ENDPROC       LED_CONTROL
  -------         ENDMOD        MASTER

  -------         MODULE        RESUME
  C:0000H         SYMBOL        _ICE_DUMMY_
  C:1207H         PUBLIC        EZUSB_Resume
  -------         PROC          EZUSB_RESUME
  C:1207H         LINE#         38
  C:1207H         LINE#         39
  C:1207H         LINE#         40
  C:121DH         LINE#         42
  C:121DH         LINE#         43
  C:1224H         LINE#         44
  C:122BH         LINE#         45
  C:1232H         LINE#         46
  C:1232H         LINE#         47
  -------         ENDPROC       EZUSB_RESUME
  -------         ENDMOD        RESUME

  -------         MODULE        DISCON
  C:0000H         SYMBOL        _ICE_DUMMY_
  D:0091H         PUBLIC        EXIF
  C:11D8H         PUBLIC        EZUSB_Discon
  -------         PROC          EZUSB_DISCON
  B:0021H.4       SYMBOL        renum
  C:11D8H         LINE#         39
  C:11D8H         LINE#         40
  C:11D8H         LINE#         42
  C:11DBH         LINE#         43
  C:11E4H         LINE#         45
  C:11EBH         LINE#         47
  C:11F2H         LINE#         49
  C:11F8H         LINE#         50
  C:11FCH         LINE#         51
  C:11FFH         LINE#         53
  C:1206H         LINE#         54
  -------         ENDPROC       EZUSB_DISCON
  -------         ENDMOD        DISCON

  -------         MODULE        EZREGS
  C:0000H         SYMBOL        _ICE_DUMMY_
  X:E652H         PUBLIC        EP4FIFOIE
  X:E668H         PUBLIC        INTSETUP
  X:E600H         PUBLIC        CPUCS
  X:E654H         PUBLIC        EP6FIFOIE
  X:E680H         PUBLIC        USBCS
  X:E65FH         PUBLIC        EPIRQ
  X:E656H         PUBLIC        EP8FIFOIE
  X:E6F2H         PUBLIC        XGPIFSGLDATLNOX
  X:E6C0H         PUBLIC        GPIFWFSELECT
  X:E6F0H         PUBLIC        XGPIFSGLDATH
  X:E605H         PUBLIC        BREAKPT
  X:E609H         PUBLIC        FIFOPINPOLAR
  X:E640H         PUBLIC        EP2ISOINPKTS
BL51 BANKED LINKER/LOCATER V5.03                                                      10/16/2013  16:33:51  PAGE 30


  X:E678H         PUBLIC        I2CS
  X:E610H         PUBLIC        EP1OUTCFG
  X:E6F9H         PUBLIC        TESTCFG
  X:E641H         PUBLIC        EP4ISOINPKTS
  X:E68AH         PUBLIC        EP0BCH
  X:E661H         PUBLIC        GPIFIRQ
  X:E642H         PUBLIC        EP6ISOINPKTS
  X:E690H         PUBLIC        EP2BCH
  X:E643H         PUBLIC        EP8ISOINPKTS
  X:E694H         PUBLIC        EP4BCH
  X:E68BH         PUBLIC        EP0BCL
  X:E612H         PUBLIC        EP2CFG
  X:E698H         PUBLIC        EP6BCH
  X:E691H         PUBLIC        EP2BCL
  X:E613H         PUBLIC        EP4CFG
  X:E6A7H         PUBLIC        EP2FIFOFLGS
  X:E69CH         PUBLIC        EP8BCH
  X:E695H         PUBLIC        EP4BCL
  X:E628H         PUBLIC        ECCCFG
  X:E614H         PUBLIC        EP6CFG
  X:E6A8H         PUBLIC        EP4FIFOFLGS
  X:E699H         PUBLIC        EP6BCL
  X:E780H         PUBLIC        EP1OUTBUF
  X:E67BH         PUBLIC        XAUTODAT1
  X:E615H         PUBLIC        EP8CFG
  X:E6A9H         PUBLIC        EP6FIFOFLGS
  X:E69DH         PUBLIC        EP8BCL
  X:E67CH         PUBLIC        XAUTODAT2
  X:E684H         PUBLIC        USBFRAMEH
  X:E6F5H         PUBLIC        GPIFABORT
  X:E6AAH         PUBLIC        EP8FIFOFLGS
  X:E6F8H         PUBLIC        DBUG
  X:E740H         PUBLIC        EP0BUF
  X:E6CBH         PUBLIC        FLOWSTB
  X:E65EH         PUBLIC        EPIE
  X:E685H         PUBLIC        USBFRAMEL
  X:E681H         PUBLIC        SUSPEND
  X:E60CH         PUBLIC        GPIFHOLDAMOUNT
  X:E6D4H         PUBLIC        EP2GPIFTRIG
  X:E6C7H         PUBLIC        FLOWLOGIC
  X:E6DCH         PUBLIC        EP4GPIFTRIG
  X:E604H         PUBLIC        FIFORESET
  X:E6E4H         PUBLIC        EP6GPIFTRIG
  X:E6C2H         PUBLIC        GPIFIDLECTL
  X:E6FAH         PUBLIC        USBTEST
  X:E6B3H         PUBLIC        SUDPTRH
  X:E6ECH         PUBLIC        EP8GPIFTRIG
  X:E6D2H         PUBLIC        EP2GPIFFLGSEL
  X:E611H         PUBLIC        EP1INCFG
  X:E6B4H         PUBLIC        SUDPTRL
  X:E687H         PUBLIC        FNADDR
  X:E6DAH         PUBLIC        EP4GPIFFLGSEL
  X:E6D1H         PUBLIC        GPIFTCB0
  X:E6CDH         PUBLIC        FLOWSTBHPERIOD
  X:E6D0H         PUBLIC        GPIFTCB1
  X:E665H         PUBLIC        CLRERRCNT
  X:E6E2H         PUBLIC        EP6GPIFFLGSEL
BL51 BANKED LINKER/LOCATER V5.03                                                      10/16/2013  16:33:51  PAGE 31


  X:E6CFH         PUBLIC        GPIFTCB2
  X:E664H         PUBLIC        ERRCNTLIM
  X:E6CEH         PUBLIC        GPIFTCB3
  X:E6EAH         PUBLIC        EP8GPIFFLGSEL
  X:E660H         PUBLIC        GPIFIE
  X:E67FH         PUBLIC        UDMACRCQUAL
  X:E400H         PUBLIC        GPIF_WAVE_DATA
  X:E6CCH         PUBLIC        FLOWSTBEDGE
  X:E6ABH         PUBLIC        EP2FIFOBCH
  X:E7C0H         PUBLIC        EP1INBUF
  X:E6C6H         PUBLIC        FLOWSTATE
  X:E6ADH         PUBLIC        EP4FIFOBCH
  X:E6CAH         PUBLIC        FLOWHOLDOFF
  X:E618H         PUBLIC        EP2FIFOCFG
  X:E6AFH         PUBLIC        EP6FIFOBCH
  X:E6ACH         PUBLIC        EP2FIFOBCL
  X:E619H         PUBLIC        EP4FIFOCFG
  X:E6B1H         PUBLIC        EP8FIFOBCH
  X:E6AEH         PUBLIC        EP4FIFOBCL
  X:E649H         PUBLIC        OUTPKTEND
  X:E663H         PUBLIC        USBERRIRQ
  X:E61AH         PUBLIC        EP6FIFOCFG
  X:E6B0H         PUBLIC        EP6FIFOBCL
  X:E620H         PUBLIC        EP2AUTOINLENH
  X:E61BH         PUBLIC        EP8FIFOCFG
  X:E6B2H         PUBLIC        EP8FIFOBCL
  X:E68DH         PUBLIC        EP1OUTBC
  X:E622H         PUBLIC        EP4AUTOINLENH
  X:E666H         PUBLIC        INT2IVEC
  X:E659H         PUBLIC        IBNIRQ
  X:E6FBH         PUBLIC        CT1
  X:E6C4H         PUBLIC        GPIFADRH
  X:E65BH         PUBLIC        NAKIRQ
  X:E624H         PUBLIC        EP6AUTOINLENH
  X:E621H         PUBLIC        EP2AUTOINLENL
  X:E601H         PUBLIC        IFCONFIG
  X:E6FCH         PUBLIC        CT2
  X:E6B5H         PUBLIC        SUDPTRCTL
  X:E667H         PUBLIC        INT4IVEC
  X:E6FDH         PUBLIC        CT3
  X:E67DH         PUBLIC        UDMACRCH
  X:E626H         PUBLIC        EP8AUTOINLENH
  X:E623H         PUBLIC        EP4AUTOINLENL
  X:E6FEH         PUBLIC        CT4
  X:F000H         PUBLIC        EP2FIFOBUF
  X:E6C5H         PUBLIC        GPIFADRL
  X:E625H         PUBLIC        EP6AUTOINLENL
  X:E630H         PUBLIC        EP2FIFOPFH
  X:F400H         PUBLIC        EP4FIFOBUF
  X:E67EH         PUBLIC        UDMACRCL
  X:E627H         PUBLIC        EP8AUTOINLENL
  X:E6D3H         PUBLIC        EP2GPIFPFSTOP
  X:E683H         PUBLIC        TOGCTL
  X:E632H         PUBLIC        EP4FIFOPFH
  X:F800H         PUBLIC        EP6FIFOBUF
  X:E629H         PUBLIC        ECCRESET
  X:E6DBH         PUBLIC        EP4GPIFPFSTOP
BL51 BANKED LINKER/LOCATER V5.03                                                      10/16/2013  16:33:51  PAGE 32


  X:E634H         PUBLIC        EP6FIFOPFH
  X:E631H         PUBLIC        EP2FIFOPFL
  X:FC00H         PUBLIC        EP8FIFOBUF
  X:E60BH         PUBLIC        REVCTL
  X:E6E3H         PUBLIC        EP6GPIFPFSTOP
  X:E636H         PUBLIC        EP8FIFOPFH
  X:E633H         PUBLIC        EP4FIFOPFL
[...]
  C:1269H         LINE#         30
  C:126CH         LINE#         32
  C:126DH         LINE#         33
  C:126EH         LINE#         34
  C:126FH         LINE#         35
  C:1270H         LINE#         36
  C:1271H         LINE#         37
  -------         ENDMOD        SUSP

  -------         MODULE        DELAY
  C:0000H         SYMBOL        _ICE_DUMMY_
  C:107CH         PUBLIC        _EZUSB_Delay
  -------         PROC          _EZUSB_DELAY
BL51 BANKED LINKER/LOCATER V5.03                                                      10/16/2013  16:33:51  PAGE 43


  D:0018H         SYMBOL        ms
  C:107CH         LINE#         39
  C:1080H         LINE#         40
  C:1080H         LINE#         46
  C:1088H         LINE#         47
  C:109AH         LINE#         48
  C:10A4H         LINE#         49
  C:10AFH         LINE#         51
  C:10BCH         LINE#         52
  C:10C1H         LINE#         53
  -------         ENDPROC       _EZUSB_DELAY
  -------         ENDMOD        DELAY

  -------         MODULE        DELAY1MS
  C:125EH         SEGMENT       EZUSB
  C:1272H         PUBLIC        EZUSB_DELAY1MS
  B:00D0H.6       SYMBOL        AC
  D:00E0H         SYMBOL        ACC
  D:009AH         SYMBOL        APTR1H
  D:009BH         SYMBOL        APTR1L
  D:009AH         SYMBOL        AUTOPTR1H
  D:009BH         SYMBOL        AUTOPTR1L
  D:009AH         SYMBOL        AUTOPTRH1
  D:009DH         SYMBOL        AUTOPTRH2
  D:009BH         SYMBOL        AUTOPTRL1
  D:009EH         SYMBOL        AUTOPTRL2
  D:00AFH         SYMBOL        AUTOPTRSETUP
  D:00F0H         SYMBOL        B
  X:E606H         SYMBOL        BPADDRH
  X:E607H         SYMBOL        BPADDRL
  X:E605H         SYMBOL        BREAKPT
  D:008EH         SYMBOL        CKCON
  X:E665H         SYMBOL        CLRERRCNT
  X:E600H         SYMBOL        CPUCS
  B:00C8H.0       SYMBOL        CP_RL2
  X:E6FBH         SYMBOL        CT1
  X:E6FCH         SYMBOL        CT2
  X:E6FDH         SYMBOL        CT3
  X:E6FEH         SYMBOL        CT4
  B:00D0H.7       SYMBOL        CY
  B:00C8H.1       SYMBOL        C_T2
  X:E6F8H         SYMBOL        DBUG
  N:0000H         SYMBOL        DELAY1MS
  D:0083H         SYMBOL        DPH
  D:0085H         SYMBOL        DPH1
  D:0082H         SYMBOL        DPL
  D:0084H         SYMBOL        DPL1
  D:0086H         SYMBOL        DPS
  B:00A8H.7       SYMBOL        EA
  X:E62AH         SYMBOL        ECC1B0
  X:E62BH         SYMBOL        ECC1B1
  X:E62CH         SYMBOL        ECC1B2
  X:E62DH         SYMBOL        ECC2B0
  X:E62EH         SYMBOL        ECC2B1
  X:E62FH         SYMBOL        ECC2B2
  X:E628H         SYMBOL        ECCCFG
  X:E629H         SYMBOL        ECCRESET
BL51 BANKED LINKER/LOCATER V5.03                                                      10/16/2013  16:33:51  PAGE 44


  B:00E8H.1       SYMBOL        EI2C
  D:00D8H         SYMBOL        EICON
  D:00E8H         SYMBOL        EIE
  B:00E8H.2       SYMBOL        EIEX4
  B:00E8H.3       SYMBOL        EIEX5
  B:00E8H.4       SYMBOL        EIEX6
  D:00F8H         SYMBOL        EIP
  B:00F8H.2       SYMBOL        EIPX4
  B:00F8H.3       SYMBOL        EIPX5
  B:00F8H.4       SYMBOL        EIPX6
  D:00BAH         SYMBOL        EP01STAT
  X:E68AH         SYMBOL        EP0BCH
  X:E68BH         SYMBOL        EP0BCL
  X:E740H         SYMBOL        EP0BUF
  X:E6A0H         SYMBOL        EP0CS
  X:E68FH         SYMBOL        EP1INBC
  X:E7C0H         SYMBOL        EP1INBUF
  X:E611H         SYMBOL        EP1INCFG
  X:E6A2H         SYMBOL        EP1INCS
  X:E68DH         SYMBOL        EP1OUTBC
  X:E780H         SYMBOL        EP1OUTBUF
  X:E610H         SYMBOL        EP1OUTCFG
  X:E6A1H         SYMBOL        EP1OUTCS
  D:00AAH         SYMBOL        EP2468STAT
  D:00ABH         SYMBOL        EP24FIFOFLGS
  X:E620H         SYMBOL        EP2AUTOINLENH
  X:E621H         SYMBOL        EP2AUTOINLENL
  X:E690H         SYMBOL        EP2BCH
  X:E691H         SYMBOL        EP2BCL
  X:E612H         SYMBOL        EP2CFG
  X:E6A3H         SYMBOL        EP2CS
  X:E6ABH         SYMBOL        EP2FIFOBCH
  X:E6ACH         SYMBOL        EP2FIFOBCL
  X:F000H         SYMBOL        EP2FIFOBUF
  X:E618H         SYMBOL        EP2FIFOCFG
  X:E6A7H         SYMBOL        EP2FIFOFLGS
  X:E650H         SYMBOL        EP2FIFOIE
  X:E651H         SYMBOL        EP2FIFOIRQ
  X:E630H         SYMBOL        EP2FIFOPFH
  X:E631H         SYMBOL        EP2FIFOPFL
  X:E6D2H         SYMBOL        EP2GPIFFLGSEL
  X:E6D3H         SYMBOL        EP2GPIFPFSTOP
  X:E6D0H         SYMBOL        EP2GPIFTCH
  X:E6D1H         SYMBOL        EP2GPIFTCL
  X:E6D4H         SYMBOL        EP2GPIFTRIG
  X:E640H         SYMBOL        EP2ISOINPKTS
  X:E622H         SYMBOL        EP4AUTOINLENH
  X:E623H         SYMBOL        EP4AUTOINLENL
  X:E694H         SYMBOL        EP4BCH
  X:E695H         SYMBOL        EP4BCL
  X:E613H         SYMBOL        EP4CFG
  X:E6A4H         SYMBOL        EP4CS
  X:E6ADH         SYMBOL        EP4FIFOBCH
  X:E6AEH         SYMBOL        EP4FIFOBCL
  X:F400H         SYMBOL        EP4FIFOBUF
  X:E619H         SYMBOL        EP4FIFOCFG
  X:E6A8H         SYMBOL        EP4FIFOFLGS
BL51 BANKED LINKER/LOCATER V5.03                                                      10/16/2013  16:33:51  PAGE 45


  X:E652H         SYMBOL        EP4FIFOIE
  X:E653H         SYMBOL        EP4FIFOIRQ
  X:E632H         SYMBOL        EP4FIFOPFH
  X:E633H         SYMBOL        EP4FIFOPFL
  X:E6DAH         SYMBOL        EP4GPIFFLGSEL
  X:E6DBH         SYMBOL        EP4GPIFPFSTOP
  X:E6D0H         SYMBOL        EP4GPIFTCH
  X:E6D1H         SYMBOL        EP4GPIFTCL
  X:E6DCH         SYMBOL        EP4GPIFTRIG
  X:E641H         SYMBOL        EP4ISOINPKTS
  D:00ACH         SYMBOL        EP68FIFOFLGS
  X:E624H         SYMBOL        EP6AUTOINLENH
  X:E625H         SYMBOL        EP6AUTOINLENL
  X:E698H         SYMBOL        EP6BCH
  X:E699H         SYMBOL        EP6BCL
  X:E614H         SYMBOL        EP6CFG
  X:E6A5H         SYMBOL        EP6CS
  X:E6AFH         SYMBOL        EP6FIFOBCH
  X:E6B0H         SYMBOL        EP6FIFOBCL
  X:F800H         SYMBOL        EP6FIFOBUF
  X:E61AH         SYMBOL        EP6FIFOCFG
  X:E6A9H         SYMBOL        EP6FIFOFLGS
  X:E654H         SYMBOL        EP6FIFOIE
  X:E655H         SYMBOL        EP6FIFOIRQ
  X:E634H         SYMBOL        EP6FIFOPFH
  X:E635H         SYMBOL        EP6FIFOPFL
  X:E6E2H         SYMBOL        EP6GPIFFLGSEL
  X:E6E3H         SYMBOL        EP6GPIFPFSTOP
  X:E6D0H         SYMBOL        EP6GPIFTCH
  X:E6D1H         SYMBOL        EP6GPIFTCL
  X:E6E4H         SYMBOL        EP6GPIFTRIG
  X:E642H         SYMBOL        EP6ISOINPKTS
  X:E626H         SYMBOL        EP8AUTOINLENH
  X:E627H         SYMBOL        EP8AUTOINLENL
  X:E69CH         SYMBOL        EP8BCH
  X:E69DH         SYMBOL        EP8BCL
  X:E615H         SYMBOL        EP8CFG
  X:E6A6H         SYMBOL        EP8CS
  X:E6B1H         SYMBOL        EP8FIFOBCH
  X:E6B2H         SYMBOL        EP8FIFOBCL
  X:FC00H         SYMBOL        EP8FIFOBUF
  X:E61BH         SYMBOL        EP8FIFOCFG
  X:E6AAH         SYMBOL        EP8FIFOFLGS
  X:E656H         SYMBOL        EP8FIFOIE
  X:E657H         SYMBOL        EP8FIFOIRQ
  X:E636H         SYMBOL        EP8FIFOPFH
  X:E637H         SYMBOL        EP8FIFOPFL
  X:E6EAH         SYMBOL        EP8GPIFFLGSEL
  X:E6EBH         SYMBOL        EP8GPIFPFSTOP
  X:E6D0H         SYMBOL        EP8GPIFTCH
  X:E6D1H         SYMBOL        EP8GPIFTCL
  X:E6ECH         SYMBOL        EP8GPIFTRIG
  X:E643H         SYMBOL        EP8ISOINPKTS
  X:E65EH         SYMBOL        EPIE
  X:E65FH         SYMBOL        EPIRQ
  B:00D8H.5       SYMBOL        ERESI
  X:E664H         SYMBOL        ERRCNTLIM
BL51 BANKED LINKER/LOCATER V5.03                                                      10/16/2013  16:33:51  PAGE 46


  C:1282H         SYMBOL        ER_END
  B:00A8H.4       SYMBOL        ES0
  B:00A8H.6       SYMBOL        ES1
  B:00A8H.1       SYMBOL        ET0
  B:00A8H.3       SYMBOL        ET1
  B:00A8H.5       SYMBOL        ET2
  B:00E8H.0       SYMBOL        EUSB
  B:00A8H.0       SYMBOL        EX0
  B:00A8H.2       SYMBOL        EX1
  B:00C8H.3       SYMBOL        EXEN2
  B:00C8H.6       SYMBOL        EXF2
  D:0091H         SYMBOL        EXIF
  X:E67BH         SYMBOL        EXTAUTODAT1
  X:E67CH         SYMBOL        EXTAUTODAT2
  B:00D0H.5       SYMBOL        F0
  X:E609H         SYMBOL        FIFOPINPOLAR
  X:E604H         SYMBOL        FIFORESET
  B:00D0H.1       SYMBOL        FL
  X:E6CCH         SYMBOL        FLOWEDGE
  X:E6C8H         SYMBOL        FLOWEQ0CTL
  X:E6C9H         SYMBOL        FLOWEQ1CTL
  X:E6C7H         SYMBOL        FLOWLOGIC
  X:E6C6H         SYMBOL        FLOWSTATE
  X:E6CBH         SYMBOL        FLOWSTB
  X:E6CDH         SYMBOL        FLOWSTBHPERIOD
  X:E687H         SYMBOL        FNADDR
  X:E509H         SYMBOL        GPCR2
  X:E6F5H         SYMBOL        GPIFABORT
  X:E6C4H         SYMBOL        GPIFADRH
  X:E6C5H         SYMBOL        GPIFADRL
  X:E6C3H         SYMBOL        GPIFCTLCFG
  X:E60CH         SYMBOL        GPIFHOLDAMOUNT
  X:E6C1H         SYMBOL        GPIFIDLECS
  X:E6C2H         SYMBOL        GPIFIDLECTL
  X:E660H         SYMBOL        GPIFIE
  X:E661H         SYMBOL        GPIFIRQ
  X:E6F3H         SYMBOL        GPIFREADYCFG
  X:E6F4H         SYMBOL        GPIFREADYSTAT
  D:00BDH         SYMBOL        GPIFSGLDATH
  D:00BFH         SYMBOL        GPIFSGLDATLNOX
  D:00BEH         SYMBOL        GPIFSGLDATLX
  X:E6D1H         SYMBOL        GPIFTCB0
  X:E6D0H         SYMBOL        GPIFTCB1
  X:E6CFH         SYMBOL        GPIFTCB2
  X:E6CEH         SYMBOL        GPIFTCB3
  D:00BBH         SYMBOL        GPIFTRIG
  X:E6C0H         SYMBOL        GPIFWFSELECT
  X:E400H         SYMBOL        GPIF_WAVE_DATA
  X:E678H         SYMBOL        I2CS
  X:E67AH         SYMBOL        I2CTL
  X:E679H         SYMBOL        I2DAT
  X:E658H         SYMBOL        IBNIE
  X:E659H         SYMBOL        IBNIRQ
  D:00A8H         SYMBOL        IE
  B:0088H.1       SYMBOL        IE0
  B:0088H.3       SYMBOL        IE1
  X:E601H         SYMBOL        IFCONFIG
BL51 BANKED LINKER/LOCATER V5.03                                                      10/16/2013  16:33:51  PAGE 47


  X:E648H         SYMBOL        INPKTEND
  D:00A1H         SYMBOL        INT2CLR
  X:E666H         SYMBOL        INT2IVEC
  D:00A2H         SYMBOL        INT4CLR
  X:E667H         SYMBOL        INT4IVEC
  B:00D8H.3       SYMBOL        INT6
  X:E668H         SYMBOL        INTSETUP
  D:0080H         SYMBOL        IOA
  D:0090H         SYMBOL        IOB
  D:00A0H         SYMBOL        IOC
  D:00B0H         SYMBOL        IOD
  D:00B1H         SYMBOL        IOE
  D:00B8H         SYMBOL        IP
  B:0088H.0       SYMBOL        IT0
  B:0088H.2       SYMBOL        IT1
  C:127BH         SYMBOL        LOOP
  X:E686H         SYMBOL        MICROFRAME
  D:0092H         SYMBOL        MPAGE
  X:E65AH         SYMBOL        NAKIE
  X:E65BH         SYMBOL        NAKIRQ
  D:00B2H         SYMBOL        OEA
  D:00B3H         SYMBOL        OEB
  D:00B4H         SYMBOL        OEC
  D:00B5H         SYMBOL        OED
  D:00B6H         SYMBOL        OEE
  X:E649H         SYMBOL        OUTPKTEND
  B:00D0H.2       SYMBOL        OV
  B:00D0H.0       SYMBOL        P
  B:0080H.0       SYMBOL        PA0
  B:0080H.1       SYMBOL        PA1
  B:0080H.2       SYMBOL        PA2
  B:0080H.3       SYMBOL        PA3
  B:0080H.4       SYMBOL        PA4
  B:0080H.5       SYMBOL        PA5
  B:0080H.6       SYMBOL        PA6
  B:0080H.7       SYMBOL        PA7
  B:0090H.0       SYMBOL        PB0
  B:0090H.1       SYMBOL        PB1
  B:0090H.2       SYMBOL        PB2
  B:0090H.3       SYMBOL        PB3
  B:0090H.4       SYMBOL        PB4
  B:0090H.5       SYMBOL        PB5
  B:0090H.6       SYMBOL        PB6
  B:0090H.7       SYMBOL        PB7
  B:00A0H.0       SYMBOL        PC0
  B:00A0H.1       SYMBOL        PC1
  B:00A0H.2       SYMBOL        PC2
  B:00A0H.3       SYMBOL        PC3
  B:00A0H.4       SYMBOL        PC4
  B:00A0H.5       SYMBOL        PC5
  B:00A0H.6       SYMBOL        PC6
  B:00A0H.7       SYMBOL        PC7
  D:0087H         SYMBOL        PCON
  B:00B0H.0       SYMBOL        PD0
  B:00B0H.1       SYMBOL        PD1
  B:00B0H.2       SYMBOL        PD2
  B:00B0H.3       SYMBOL        PD3
BL51 BANKED LINKER/LOCATER V5.03                                                      10/16/2013  16:33:51  PAGE 48


  B:00B0H.4       SYMBOL        PD4
  B:00B0H.5       SYMBOL        PD5
  B:00B0H.6       SYMBOL        PD6
  B:00B0H.7       SYMBOL        PD7
  B:00F8H.1       SYMBOL        PI2C
  X:E602H         SYMBOL        PINFLAGSAB
  X:E603H         SYMBOL        PINFLAGSCD
  X:E670H         SYMBOL        PORTACFG
  X:E671H         SYMBOL        PORTCCFG
  X:E672H         SYMBOL        PORTECFG
  B:00B8H.4       SYMBOL        PS0
  B:00B8H.6       SYMBOL        PS1
  D:00D0H         SYMBOL        PSW
  B:00B8H.1       SYMBOL        PT0
  B:00B8H.3       SYMBOL        PT1
  B:00B8H.5       SYMBOL        PT2
  B:00F8H.0       SYMBOL        PUSB
  B:00B8H.0       SYMBOL        PX0
  B:00B8H.2       SYMBOL        PX1
  B:0098H.2       SYMBOL        RB8
  B:00C0H.2       SYMBOL        RB81
  D:00CBH         SYMBOL        RCAP2H
  D:00CAH         SYMBOL        RCAP2L
  B:00C8H.5       SYMBOL        RCLK
  B:0098H.4       SYMBOL        REN
  B:00C0H.4       SYMBOL        REN1
  B:00D8H.4       SYMBOL        RESI
  X:E480H         SYMBOL        RES_WAVEDATA_END
  X:E60BH         SYMBOL        REVCTL
  X:E60AH         SYMBOL        REVID
  B:0098H.0       SYMBOL        RI
  B:00C0H.0       SYMBOL        RI1
  B:00D0H.3       SYMBOL        RS0
  B:00D0H.4       SYMBOL        RS1
  D:0099H         SYMBOL        SBUF0
  D:00C1H         SYMBOL        SBUF1
  D:0098H         SYMBOL        SCON0
  D:00C0H         SYMBOL        SCON1
  X:E6B8H         SYMBOL        SETUPDAT
  B:0098H.7       SYMBOL        SM0
  B:00C0H.7       SYMBOL        SM01
  B:0098H.6       SYMBOL        SM1
  B:00C0H.6       SYMBOL        SM11
  B:0098H.5       SYMBOL        SM2
  B:00C0H.5       SYMBOL        SM21
  B:00D8H.7       SYMBOL        SMOD1
  D:0081H         SYMBOL        SP
  X:E6B5H         SYMBOL        SUDPTRCTL
  X:E6B3H         SYMBOL        SUDPTRH
  X:E6B4H         SYMBOL        SUDPTRL
  X:E681H         SYMBOL        SUSPEND
  D:00C8H         SYMBOL        T2CON
  B:0098H.3       SYMBOL        TB8
  B:00C0H.3       SYMBOL        TB81
  B:00C8H.4       SYMBOL        TCLK
  D:0088H         SYMBOL        TCON
  X:E6F9H         SYMBOL        TESTCFG
BL51 BANKED LINKER/LOCATER V5.03                                                      10/16/2013  16:33:51  PAGE 49


  B:0088H.5       SYMBOL        TF0
  B:0088H.7       SYMBOL        TF1
  B:00C8H.7       SYMBOL        TF2
  D:008CH         SYMBOL        TH0
  D:008DH         SYMBOL        TH1
  D:00CDH         SYMBOL        TH2
  B:0098H.1       SYMBOL        TI
  B:00C0H.1       SYMBOL        TI1
  D:008AH         SYMBOL        TL0
  D:008BH         SYMBOL        TL1
  D:00CCH         SYMBOL        TL2
  D:0089H         SYMBOL        TMOD
  X:E683H         SYMBOL        TOGCTL
  B:0088H.4       SYMBOL        TR0
  B:0088H.6       SYMBOL        TR1
  B:00C8H.2       SYMBOL        TR2
  X:E608H         SYMBOL        UART230
  X:E67DH         SYMBOL        UDMACRCH
  X:E67EH         SYMBOL        UDMACRCL
  X:E67FH         SYMBOL        UDMACRCQUAL
  X:E680H         SYMBOL        USBCS
  X:E662H         SYMBOL        USBERRIE
  X:E663H         SYMBOL        USBERRIRQ
  X:E684H         SYMBOL        USBFRAMEH
  X:E685H         SYMBOL        USBFRAMEL
  X:E65CH         SYMBOL        USBIE
  X:E65DH         SYMBOL        USBIRQ
  X:E6FAH         SYMBOL        USBTEST
  X:E682H         SYMBOL        WAKEUPCS
  X:E6F0H         SYMBOL        XGPIFSGLDATH
  X:E6F2H         SYMBOL        XGPIFSGLDATLNOX
  X:E6F1H         SYMBOL        XGPIFSGLDATLX
  C:1272H         LINE#         48
  C:1274H         LINE#         49
  C:1276H         LINE#         50
  C:1279H         LINE#         51
  C:127BH         LINE#         53
  C:127CH         LINE#         54
  C:127EH         LINE#         55
  C:1280H         LINE#         56
  C:1282H         LINE#         58
  -------         ENDMOD        DELAY1MS

  -------         MODULE        USBJMPTBL
  C:0D00H         SEGMENT       ?PR?USB_JUMP_TABLE?USBJT
  N:0045H         PUBLIC        USB_INT2AUTOVECTOR
  N:0055H         PUBLIC        USB_INT4AUTOVECTOR
  C:0D00H         PUBLIC        USB_JUMP_TABLE
  N:0000H         SYMBOL        USBJMPTBL
  C:0043H         LINE#         49
  C:0053H         LINE#         53
  C:0D00H         LINE#         61
  C:0D04H         LINE#         63
  C:0D08H         LINE#         65
  C:0D0CH         LINE#         67
  C:0D10H         LINE#         69
  C:0D14H         LINE#         71
BL51 BANKED LINKER/LOCATER V5.03                                                      10/16/2013  16:33:51  PAGE 50


  C:0D18H         LINE#         73
  C:0D1CH         LINE#         75
  C:0D20H         LINE#         77
  C:0D24H         LINE#         79
  C:0D28H         LINE#         81
  C:0D2CH         LINE#         83
  C:0D30H         LINE#         85
  C:0D34H         LINE#         87
  C:0D38H         LINE#         89
  C:0D3CH         LINE#         91
  C:0D40H         LINE#         93
  C:0D44H         LINE#         95
  C:0D48H         LINE#         97
  C:0D4CH         LINE#         99
  C:0D50H         LINE#         101
  C:0D54H         LINE#         103
  C:0D58H         LINE#         105
  C:0D5CH         LINE#         107
  C:0D60H         LINE#         109
  C:0D64H         LINE#         111
  C:0D68H         LINE#         113
  C:0D6CH         LINE#         115
  C:0D70H         LINE#         117
  C:0D74H         LINE#         119
  C:0D78H         LINE#         121
  C:0D7CH         LINE#         123
  C:0D80H         LINE#         126
  C:0D84H         LINE#         128
  C:0D88H         LINE#         130
  C:0D8CH         LINE#         132
  C:0D90H         LINE#         134
  C:0D94H         LINE#         136
  C:0D98H         LINE#         138
  C:0D9CH         LINE#         140
  C:0DA0H         LINE#         142
  C:0DA4H         LINE#         144
  C:0DA8H         LINE#         146
  C:0DACH         LINE#         148
  C:0DB0H         LINE#         150
  C:0DB4H         LINE#         152
  -------         ENDMOD        USBJMPTBL

  -------         MODULE        ?C?CLDOPTR
  C:0E6EH         PUBLIC        ?C?CLDOPTR
  -------         ENDMOD        ?C?CLDOPTR

  -------         MODULE        ?C?CSTOPTR
  C:0E9BH         PUBLIC        ?C?CSTOPTR
  -------         ENDMOD        ?C?CSTOPTR

  -------         MODULE        ?C?IILDX
  C:0EBDH         PUBLIC        ?C?IILDX
  -------         ENDMOD        ?C?IILDX

  -------         MODULE        ?C?ULCMP
  C:0ED3H         PUBLIC        ?C?ULCMP
  -------         ENDMOD        ?C?ULCMP
BL51 BANKED LINKER/LOCATER V5.03                                                      10/16/2013  16:33:51  PAGE 51



  -------         MODULE        ?C?CCASE
  C:0EE4H         PUBLIC        ?C?CCASE
  -------         ENDMOD        ?C?CCASE

*** WARNING L16: UNCALLED SEGMENT, IGNORED FOR OVERLAY PROCESS
    SEGMENT: ?PR?_EZUSB_READI2C?I2C_RW

Program Size: data=51.5 xdata=4674 code=4440
LINK/LOCATE RUN COMPLETE.  1 WARNING(S),  0 ERROR(S)
