BL51 BANKED LINKER/LOCATER V5.03                                                        10/16/2013  16:33:59  PAGE 1


BL51 BANKED LINKER/LOCATER V5.03, INVOKED BY:
C:\KEIL\C51\BIN\BL51.EXE gpif.obj, fw.obj, dscr.obj, int0.obj, master.obj, .\EZUSB.LIB, .\USBJmpTb.OBJ TO master RAMSIZE
>>  (256) CODE (0X300) XDATA (0X1A00)


MEMORY MODEL: SMALL


INPUT MODULES INCLUDED:
  gpif.obj (GPIF)
  fw.obj (FW)
  dscr.obj (DSCR)
  int0.obj (INT0)
  master.obj (MASTER)
  .\EZUSB.LIB (RESUME)
  .\EZUSB.LIB (DISCON)
  .\EZUSB.LIB (EZREGS)
  .\EZUSB.LIB (I2C)
  .\EZUSB.LIB (GET_STRD)
  .\EZUSB.LIB (I2C_RW)
  .\EZUSB.LIB (SUSP)
  .\EZUSB.LIB (DELAY)
  .\EZUSB.LIB (DELAY1MS)
  .\USBJmpTb.OBJ (USBJMPTBL)
  C:\KEIL\C51\LIB\C51S.LIB (?C_STARTUP)
  C:\KEIL\C51\LIB\C51S.LIB (?C?CLDOPTR)
  C:\KEIL\C51\LIB\C51S.LIB (?C?CSTOPTR)
  C:\KEIL\C51\LIB\C51S.LIB (?C?IILDX)
  C:\KEIL\C51\LIB\C51S.LIB (?C?ULCMP)
  C:\KEIL\C51\LIB\C51S.LIB (?C_INIT)


LINK MAP OF MODULE:  master (GPIF)


            TYPE    BASE      LENGTH    RELOCATION   SEGMENT NAME
            -----------------------------------------------------

            * * * * * * *   D A T A   M E M O R Y   * * * * * * *
            REG     0000H     0008H     ABSOLUTE     "REG BANK 0"
            DATA    0008H     0012H     UNIT         _DATA_GROUP_
            DATA    001AH     0006H     UNIT         ?DT?I2C
            BIT     0020H.0   0000H.4   UNIT         ?BI?FW
            BIT     0020H.4   0000H.3   UNIT         ?BI?MASTER
            BIT     0020H.7   0000H.1   UNIT         _BIT_GROUP_
            DATA    0021H     000EH     UNIT         ?DT?FW
            DATA    002FH     0004H     UNIT         ?DT?MASTER
            IDATA   0033H     0001H     UNIT         ?STACK

            * * * * * * *  X D A T A   M E M O R Y  * * * * * * *
                    0000H     1A00H                  *** GAP ***
            XDATA   1A00H     00ABH     UNIT         ?XD?GPIF
            XDATA   1AABH     0016H     UNIT         ?XD?MASTER
                    1AC1H     653FH                  *** GAP ***
            XDATA   8000H     0001H     ABSOLUTE     
                    8001H     07FFH                  *** GAP ***
            XDATA   8800H     0001H     ABSOLUTE     
                    8801H     07FFH                  *** GAP ***
BL51 BANKED LINKER/LOCATER V5.03                                                      10/16/2013  16:33:59  PAGE 2


            XDATA   9000H     0001H     ABSOLUTE     
                    9001H     07FFH                  *** GAP ***
            XDATA   9800H     0001H     ABSOLUTE     
                    9801H     07FFH                  *** GAP ***
            XDATA   A000H     0001H     ABSOLUTE     
                    A001H     07FFH                  *** GAP ***
            XDATA   A800H     0001H     ABSOLUTE     
                    A801H     07FFH                  *** GAP ***
            XDATA   B000H     0001H     ABSOLUTE     
                    B001H     07FFH                  *** GAP ***
            XDATA   B800H     0001H     ABSOLUTE     
                    B801H     2BFFH                  *** GAP ***
            XDATA   E400H     0001H     ABSOLUTE     
                    E401H     007FH                  *** GAP ***
            XDATA   E480H     0001H     ABSOLUTE     
                    E481H     008CH                  *** GAP ***
            XDATA   E50DH     0001H     ABSOLUTE     
                    E50EH     00F2H                  *** GAP ***
            XDATA   E600H     0001H     ABSOLUTE     
            XDATA   E601H     0001H     ABSOLUTE     
            XDATA   E602H     0001H     ABSOLUTE     
            XDATA   E603H     0001H     ABSOLUTE     
            XDATA   E604H     0001H     ABSOLUTE     
            XDATA   E605H     0001H     ABSOLUTE     
            XDATA   E606H     0001H     ABSOLUTE     
            XDATA   E607H     0001H     ABSOLUTE     
            XDATA   E608H     0001H     ABSOLUTE     
            XDATA   E609H     0001H     ABSOLUTE     
            XDATA   E60AH     0001H     ABSOLUTE     
            XDATA   E60BH     0001H     ABSOLUTE     
            XDATA   E60CH     0001H     ABSOLUTE     
                    E60DH     0003H                  *** GAP ***
            XDATA   E610H     0001H     ABSOLUTE     
            XDATA   E611H     0001H     ABSOLUTE     
            XDATA   E612H     0001H     ABSOLUTE     
            XDATA   E613H     0001H     ABSOLUTE     
            XDATA   E614H     0001H     ABSOLUTE     
            XDATA   E615H     0001H     ABSOLUTE     
                    E616H     0002H                  *** GAP ***
            XDATA   E618H     0001H     ABSOLUTE     
            XDATA   E619H     0001H     ABSOLUTE     
            XDATA   E61AH     0001H     ABSOLUTE     
            XDATA   E61BH     0001H     ABSOLUTE     
                    E61CH     0004H                  *** GAP ***
            XDATA   E620H     0001H     ABSOLUTE     
            XDATA   E621H     0001H     ABSOLUTE     
            XDATA   E622H     0001H     ABSOLUTE     
            XDATA   E623H     0001H     ABSOLUTE     
            XDATA   E624H     0001H     ABSOLUTE     
            XDATA   E625H     0001H     ABSOLUTE     
            XDATA   E626H     0001H     ABSOLUTE     
            XDATA   E627H     0001H     ABSOLUTE     
            XDATA   E628H     0001H     ABSOLUTE     
            XDATA   E629H     0001H     ABSOLUTE     
            XDATA   E62AH     0001H     ABSOLUTE     
            XDATA   E62BH     0001H     ABSOLUTE     
            XDATA   E62CH     0001H     ABSOLUTE     
BL51 BANKED LINKER/LOCATER V5.03                                                      10/16/2013  16:33:59  PAGE 3


            XDATA   E62DH     0001H     ABSOLUTE     
            XDATA   E62EH     0001H     ABSOLUTE     
            XDATA   E62FH     0001H     ABSOLUTE     
            XDATA   E630H     0001H     ABSOLUTE     
            XDATA   E631H     0001H     ABSOLUTE     
            XDATA   E632H     0001H     ABSOLUTE     
            XDATA   E633H     0001H     ABSOLUTE     
            XDATA   E634H     0001H     ABSOLUTE     
            XDATA   E635H     0001H     ABSOLUTE     
            XDATA   E636H     0001H     ABSOLUTE     
            XDATA   E637H     0001H     ABSOLUTE     
                    E638H     0008H                  *** GAP ***
            XDATA   E640H     0001H     ABSOLUTE     
            XDATA   E641H     0001H     ABSOLUTE     
            XDATA   E642H     0001H     ABSOLUTE     
            XDATA   E643H     0001H     ABSOLUTE     
                    E644H     0004H                  *** GAP ***
            XDATA   E648H     0001H     ABSOLUTE     
            XDATA   E649H     0001H     ABSOLUTE     
                    E64AH     0006H                  *** GAP ***
            XDATA   E650H     0001H     ABSOLUTE     
            XDATA   E651H     0001H     ABSOLUTE     
            XDATA   E652H     0001H     ABSOLUTE     
            XDATA   E653H     0001H     ABSOLUTE     
            XDATA   E654H     0001H     ABSOLUTE     
            XDATA   E655H     0001H     ABSOLUTE     
            XDATA   E656H     0001H     ABSOLUTE     
            XDATA   E657H     0001H     ABSOLUTE     
            XDATA   E658H     0001H     ABSOLUTE     
            XDATA   E659H     0001H     ABSOLUTE     
            XDATA   E65AH     0001H     ABSOLUTE     
            XDATA   E65BH     0001H     ABSOLUTE     
            XDATA   E65CH     0001H     ABSOLUTE     
            XDATA   E65DH     0001H     ABSOLUTE     
            XDATA   E65EH     0001H     ABSOLUTE     
            XDATA   E65FH     0001H     ABSOLUTE     
            XDATA   E660H     0001H     ABSOLUTE     
            XDATA   E661H     0001H     ABSOLUTE     
            XDATA   E662H     0001H     ABSOLUTE     
            XDATA   E663H     0001H     ABSOLUTE     
            XDATA   E664H     0001H     ABSOLUTE     
            XDATA   E665H     0001H     ABSOLUTE     
            XDATA   E666H     0001H     ABSOLUTE     
            XDATA   E667H     0001H     ABSOLUTE     
            XDATA   E668H     0001H     ABSOLUTE     
                    E669H     0007H                  *** GAP ***
            XDATA   E670H     0001H     ABSOLUTE     
            XDATA   E671H     0001H     ABSOLUTE     
            XDATA   E672H     0001H     ABSOLUTE     
                    E673H     0005H                  *** GAP ***
            XDATA   E678H     0001H     ABSOLUTE     
            XDATA   E679H     0001H     ABSOLUTE     
            XDATA   E67AH     0001H     ABSOLUTE     
            XDATA   E67BH     0001H     ABSOLUTE     
            XDATA   E67CH     0001H     ABSOLUTE     
            XDATA   E67DH     0001H     ABSOLUTE     
            XDATA   E67EH     0001H     ABSOLUTE     
BL51 BANKED LINKER/LOCATER V5.03                                                      10/16/2013  16:33:59  PAGE 4


            XDATA   E67FH     0001H     ABSOLUTE     
            XDATA   E680H     0001H     ABSOLUTE     
            XDATA   E681H     0001H     ABSOLUTE     
            XDATA   E682H     0001H     ABSOLUTE     
            XDATA   E683H     0001H     ABSOLUTE     
            XDATA   E684H     0001H     ABSOLUTE     
            XDATA   E685H     0001H     ABSOLUTE     
            XDATA   E686H     0001H     ABSOLUTE     
            XDATA   E687H     0001H     ABSOLUTE     
                    E688H     0002H                  *** GAP ***
            XDATA   E68AH     0001H     ABSOLUTE     
            XDATA   E68BH     0001H     ABSOLUTE     
                    E68CH     0001H                  *** GAP ***
            XDATA   E68DH     0001H     ABSOLUTE     
                    E68EH     0001H                  *** GAP ***
            XDATA   E68FH     0001H     ABSOLUTE     
            XDATA   E690H     0001H     ABSOLUTE     
            XDATA   E691H     0001H     ABSOLUTE     
                    E692H     0002H                  *** GAP ***
            XDATA   E694H     0001H     ABSOLUTE     
            XDATA   E695H     0001H     ABSOLUTE     
                    E696H     0002H                  *** GAP ***
            XDATA   E698H     0001H     ABSOLUTE     
            XDATA   E699H     0001H     ABSOLUTE     
                    E69AH     0002H                  *** GAP ***
            XDATA   E69CH     0001H     ABSOLUTE     
            XDATA   E69DH     0001H     ABSOLUTE     
                    E69EH     0002H                  *** GAP ***
            XDATA   E6A0H     0001H     ABSOLUTE     
            XDATA   E6A1H     0001H     ABSOLUTE     
            XDATA   E6A2H     0001H     ABSOLUTE     
            XDATA   E6A3H     0001H     ABSOLUTE     
            XDATA   E6A4H     0001H     ABSOLUTE     
            XDATA   E6A5H     0001H     ABSOLUTE     
            XDATA   E6A6H     0001H     ABSOLUTE     
            XDATA   E6A7H     0001H     ABSOLUTE     
            XDATA   E6A8H     0001H     ABSOLUTE     
            XDATA   E6A9H     0001H     ABSOLUTE     
            XDATA   E6AAH     0001H     ABSOLUTE     
            XDATA   E6ABH     0001H     ABSOLUTE     
            XDATA   E6ACH     0001H     ABSOLUTE     
            XDATA   E6ADH     0001H     ABSOLUTE     
            XDATA   E6AEH     0001H     ABSOLUTE     
            XDATA   E6AFH     0001H     ABSOLUTE     
            XDATA   E6B0H     0001H     ABSOLUTE     
            XDATA   E6B1H     0001H     ABSOLUTE     
            XDATA   E6B2H     0001H     ABSOLUTE     
            XDATA   E6B3H     0001H     ABSOLUTE     
            XDATA   E6B4H     0001H     ABSOLUTE     
            XDATA   E6B5H     0001H     ABSOLUTE     
                    E6B6H     0002H                  *** GAP ***
            XDATA   E6B8H     0008H     ABSOLUTE     
            XDATA   E6C0H     0001H     ABSOLUTE     
            XDATA   E6C1H     0001H     ABSOLUTE     
            XDATA   E6C2H     0001H     ABSOLUTE     
            XDATA   E6C3H     0001H     ABSOLUTE     
            XDATA   E6C4H     0001H     ABSOLUTE     
BL51 BANKED LINKER/LOCATER V5.03                                                      10/16/2013  16:33:59  PAGE 5


            XDATA   E6C5H     0001H     ABSOLUTE     
            XDATA   E6C6H     0001H     ABSOLUTE     
            XDATA   E6C7H     0001H     ABSOLUTE     
            XDATA   E6C8H     0001H     ABSOLUTE     
            XDATA   E6C9H     0001H     ABSOLUTE     
            XDATA   E6CAH     0001H     ABSOLUTE     
            XDATA   E6CBH     0001H     ABSOLUTE     
            XDATA   E6CCH     0001H     ABSOLUTE     
            XDATA   E6CDH     0001H     ABSOLUTE     
            XDATA   E6CEH     0001H     ABSOLUTE     
            XDATA   E6CFH     0001H     ABSOLUTE     
            XDATA   E6D0H     0001H     ABSOLUTE     
            XDATA   E6D1H     0001H     ABSOLUTE     
            XDATA   E6D2H     0001H     ABSOLUTE     
            XDATA   E6D3H     0001H     ABSOLUTE     
            XDATA   E6D4H     0001H     ABSOLUTE     
                    E6D5H     0005H                  *** GAP ***
            XDATA   E6DAH     0001H     ABSOLUTE     
            XDATA   E6DBH     0001H     ABSOLUTE     
            XDATA   E6DCH     0001H     ABSOLUTE     
                    E6DDH     0005H                  *** GAP ***
            XDATA   E6E2H     0001H     ABSOLUTE     
            XDATA   E6E3H     0001H     ABSOLUTE     
            XDATA   E6E4H     0001H     ABSOLUTE     
                    E6E5H     0005H                  *** GAP ***
            XDATA   E6EAH     0001H     ABSOLUTE     
            XDATA   E6EBH     0001H     ABSOLUTE     
            XDATA   E6ECH     0001H     ABSOLUTE     
                    E6EDH     0003H                  *** GAP ***
            XDATA   E6F0H     0001H     ABSOLUTE     
            XDATA   E6F1H     0001H     ABSOLUTE     
            XDATA   E6F2H     0001H     ABSOLUTE     
            XDATA   E6F3H     0001H     ABSOLUTE     
            XDATA   E6F4H     0001H     ABSOLUTE     
            XDATA   E6F5H     0001H     ABSOLUTE     
                    E6F6H     0002H                  *** GAP ***
            XDATA   E6F8H     0001H     ABSOLUTE     
            XDATA   E6F9H     0001H     ABSOLUTE     
            XDATA   E6FAH     0001H     ABSOLUTE     
            XDATA   E6FBH     0001H     ABSOLUTE     
            XDATA   E6FCH     0001H     ABSOLUTE     
            XDATA   E6FDH     0001H     ABSOLUTE     
            XDATA   E6FEH     0001H     ABSOLUTE     
                    E6FFH     0041H                  *** GAP ***
            XDATA   E740H     0040H     ABSOLUTE     
            XDATA   E780H     0040H     ABSOLUTE     
            XDATA   E7C0H     0040H     ABSOLUTE     
                    E800H     0800H                  *** GAP ***
            XDATA   F000H     0400H     ABSOLUTE     
            XDATA   F400H     0400H     ABSOLUTE     
            XDATA   F800H     0400H     ABSOLUTE     
            XDATA   FC00H     0400H     ABSOLUTE     

            * * * * * * *   C O D E   M E M O R Y   * * * * * * *
            CODE    0000H     0003H     ABSOLUTE     
            CODE    0003H     0003H     ABSOLUTE     
                    0006H     002DH                  *** GAP ***
BL51 BANKED LINKER/LOCATER V5.03                                                      10/16/2013  16:33:59  PAGE 6


            CODE    0033H     0003H     ABSOLUTE     
                    0036H     000DH                  *** GAP ***
            CODE    0043H     0003H     ABSOLUTE     
                    0046H     0005H                  *** GAP ***
            CODE    004BH     0003H     ABSOLUTE     
                    004EH     0005H                  *** GAP ***
            CODE    0053H     0003H     ABSOLUTE     
                    0056H     00AAH                  *** GAP ***
            CODE    0100H     00BAH     ABSOLUTE     
                    01BAH     0146H                  *** GAP ***
            CODE    0300H     0224H     UNIT         ?PR?SETUPCOMMAND?FW
            CODE    0524H     01D1H     UNIT         ?PR?MAIN?FW
            CODE    06F5H     0108H     UNIT         ?PR?I2C_ISR?I2C
            CODE    07FDH     00E8H     UNIT         ?C_INITSEG
            CODE    08E5H     00E3H     UNIT         ?PR?TD_POLL?MASTER
            CODE    09C8H     00BCH     UNIT         ?PR?GPIFINIT?GPIF
            CODE    0A84H     0076H     UNIT         ?C?LIB_CODE
            CODE    0AFAH     0005H     UNIT         ?PR?INT0?INT0
            CODE    0AFFH     0001H     UNIT         ?PR?ISR_EP0ACK?MASTER
            CODE    0B00H     00B8H     PAGE         ?PR?USB_JUMP_TABLE?USBJT
            CODE    0BB8H     0095H     UNIT         ?PR?TD_INIT?MASTER
            CODE    0C4DH     008CH     UNIT         ?C_C51STARTUP
            CODE    0CD9H     008AH     UNIT         ?PR?DR_VENDORCMND?MASTER
            CODE    0D63H     0058H     UNIT         ?PR?LED_CONTROL?MASTER
            CODE    0DBBH     0047H     UNIT         ?PR?_LED_OFF?MASTER
            CODE    0E02H     0047H     UNIT         ?PR?_LED_ON?MASTER
            CODE    0E49H     0046H     UNIT         ?PR?_EZUSB_DELAY?DELAY
            CODE    0E8FH     003DH     UNIT         ?PR?DR_SETCONFIGURATION?MASTER
            CODE    0ECCH     003DH     UNIT         ?PR?ISR_HIGHSPEED?MASTER
            CODE    0F09H     0038H     UNIT         ?PR?_EZUSB_WAITFOREEPROMWRITE?I2C
            CODE    0F41H     0036H     UNIT         ?PR?ISR_URES?MASTER
            CODE    0F77H     0034H     UNIT         ?PR?_EZUSB_READI2C_?I2C
            CODE    0FABH     0032H     UNIT         ?PR?_EZUSB_WRITEI2C_?I2C
            CODE    0FDDH     002FH     UNIT         ?PR?EZUSB_DISCON?DISCON
            CODE    100CH     002CH     UNIT         ?PR?EZUSB_RESUME?RESUME
            CODE    1038H     002BH     UNIT         ?PR?_EZUSB_GETSTRINGDSCR?GET_STRD
            CODE    1063H     0025H     UNIT         EZUSB
            CODE    1088H     001CH     UNIT         ?PR?_EZUSB_READI2C?I2C_RW
            CODE    10A4H     001CH     UNIT         ?PR?_EZUSB_WRITEI2C?I2C_RW
            CODE    10C0H     0018H     UNIT         ?PR?ISR_SUDAV?MASTER
            CODE    10D8H     0018H     UNIT         ?PR?ISR_SUSP?MASTER
            CODE    10F0H     0016H     UNIT         ?PR?ISR_SUTOK?MASTER
            CODE    1106H     0016H     UNIT         ?PR?ISR_SOF?MASTER
            CODE    111CH     0012H     UNIT         ?PR?DR_GETCONFIGURATION?MASTER
            CODE    112EH     0012H     UNIT         ?PR?DR_GETINTERFACE?MASTER
            CODE    1140H     000AH     UNIT         ?CO?FW
            CODE    114AH     0008H     UNIT         ?PR?DR_SETINTERFACE?MASTER
            CODE    1152H     0008H     UNIT         ?PR?EZUSB_INITI2C?I2C
            CODE    115AH     0004H     UNIT         ?PR?RESUME_ISR?FW
            CODE    115EH     0002H     UNIT         ?PR?TD_SUSPEND?MASTER
            CODE    1160H     0002H     UNIT         ?PR?TD_RESUME?MASTER
            CODE    1162H     0002H     UNIT         ?PR?DR_GETDESCRIPTOR?MASTER
            CODE    1164H     0002H     UNIT         ?PR?DR_GETSTATUS?MASTER
            CODE    1166H     0002H     UNIT         ?PR?DR_CLEARFEATURE?MASTER
            CODE    1168H     0002H     UNIT         ?PR?DR_SETFEATURE?MASTER
            CODE    116AH     0001H     UNIT         ?PR?ISR_STUB?MASTER
            CODE    116BH     0001H     UNIT         ?PR?ISR_EP0IN?MASTER
BL51 BANKED LINKER/LOCATER V5.03                                                      10/16/2013  16:33:59  PAGE 7


            CODE    116CH     0001H     UNIT         ?PR?ISR_EP0OUT?MASTER
            CODE    116DH     0001H     UNIT         ?PR?ISR_EP1IN?MASTER
            CODE    116EH     0001H     UNIT         ?PR?ISR_EP1OUT?MASTER
            CODE    116FH     0001H     UNIT         ?PR?ISR_EP2INOUT?MASTER
            CODE    1170H     0001H     UNIT         ?PR?ISR_EP4INOUT?MASTER
            CODE    1171H     0001H     UNIT         ?PR?ISR_EP6INOUT?MASTER
            CODE    1172H     0001H     UNIT         ?PR?ISR_EP8INOUT?MASTER
            CODE    1173H     0001H     UNIT         ?PR?ISR_IBN?MASTER
            CODE    1174H     0001H     UNIT         ?PR?ISR_EP0PINGNAK?MASTER
            CODE    1175H     0001H     UNIT         ?PR?ISR_EP1PINGNAK?MASTER
            CODE    1176H     0001H     UNIT         ?PR?ISR_EP2PINGNAK?MASTER
            CODE    1177H     0001H     UNIT         ?PR?ISR_EP4PINGNAK?MASTER
            CODE    1178H     0001H     UNIT         ?PR?ISR_EP6PINGNAK?MASTER
            CODE    1179H     0001H     UNIT         ?PR?ISR_EP8PINGNAK?MASTER
            CODE    117AH     0001H     UNIT         ?PR?ISR_ERRORLIMIT?MASTER
            CODE    117BH     0001H     UNIT         ?PR?ISR_EP2PIDERROR?MASTER
            CODE    117CH     0001H     UNIT         ?PR?ISR_EP4PIDERROR?MASTER
            CODE    117DH     0001H     UNIT         ?PR?ISR_EP6PIDERROR?MASTER
            CODE    117EH     0001H     UNIT         ?PR?ISR_EP8PIDERROR?MASTER
            CODE    117FH     0001H     UNIT         ?PR?ISR_EP2PFLAG?MASTER
            CODE    1180H     0001H     UNIT         ?PR?ISR_EP4PFLAG?MASTER
            CODE    1181H     0001H     UNIT         ?PR?ISR_EP6PFLAG?MASTER
            CODE    1182H     0001H     UNIT         ?PR?ISR_EP8PFLAG?MASTER
            CODE    1183H     0001H     UNIT         ?PR?ISR_EP2EFLAG?MASTER
            CODE    1184H     0001H     UNIT         ?PR?ISR_EP4EFLAG?MASTER
            CODE    1185H     0001H     UNIT         ?PR?ISR_EP6EFLAG?MASTER
            CODE    1186H     0001H     UNIT         ?PR?ISR_EP8EFLAG?MASTER
            CODE    1187H     0001H     UNIT         ?PR?ISR_EP2FFLAG?MASTER
            CODE    1188H     0001H     UNIT         ?PR?ISR_EP4FFLAG?MASTER
            CODE    1189H     0001H     UNIT         ?PR?ISR_EP6FFLAG?MASTER
            CODE    118AH     0001H     UNIT         ?PR?ISR_EP8FFLAG?MASTER
            CODE    118BH     0001H     UNIT         ?PR?ISR_GPIFCOMPLETE?MASTER
            CODE    118CH     0001H     UNIT         ?PR?ISR_GPIFWAVEFORM?MASTER



OVERLAY MAP OF MODULE:   master (GPIF)


SEGMENT                                      BIT_GROUP          DATA_GROUP 
  +--> CALLED SEGMENT                     START    LENGTH     START    LENGTH
-----------------------------------------------------------------------------
?PR?USB_JUMP_TABLE?USBJT                  -----    -----      -----    -----
  +--> ?PR?ISR_SUDAV?MASTER
  +--> ?PR?ISR_SOF?MASTER
  +--> ?PR?ISR_SUTOK?MASTER
  +--> ?PR?ISR_SUSP?MASTER
  +--> ?PR?ISR_URES?MASTER
  +--> ?PR?ISR_HIGHSPEED?MASTER
  +--> ?PR?ISR_EP0ACK?MASTER
  +--> ?PR?ISR_STUB?MASTER
  +--> ?PR?ISR_EP0IN?MASTER
  +--> ?PR?ISR_EP0OUT?MASTER
  +--> ?PR?ISR_EP1IN?MASTER
  +--> ?PR?ISR_EP1OUT?MASTER
  +--> ?PR?ISR_EP2INOUT?MASTER
  +--> ?PR?ISR_EP4INOUT?MASTER
BL51 BANKED LINKER/LOCATER V5.03                                                      10/16/2013  16:33:59  PAGE 8


  +--> ?PR?ISR_EP6INOUT?MASTER
  +--> ?PR?ISR_EP8INOUT?MASTER
  +--> ?PR?ISR_IBN?MASTER
  +--> ?PR?ISR_EP0PINGNAK?MASTER
  +--> ?PR?ISR_EP1PINGNAK?MASTER
  +--> ?PR?ISR_EP2PINGNAK?MASTER
  +--> ?PR?ISR_EP4PINGNAK?MASTER
  +--> ?PR?ISR_EP6PINGNAK?MASTER
  +--> ?PR?ISR_EP8PINGNAK?MASTER
  +--> ?PR?ISR_ERRORLIMIT?MASTER
  +--> ?PR?ISR_EP2PIDERROR?MASTER
  +--> ?PR?ISR_EP4PIDERROR?MASTER
  +--> ?PR?ISR_EP6PIDERROR?MASTER
  +--> ?PR?ISR_EP8PIDERROR?MASTER
  +--> ?PR?ISR_EP2PFLAG?MASTER
  +--> ?PR?ISR_EP4PFLAG?MASTER
  +--> ?PR?ISR_EP6PFLAG?MASTER
  +--> ?PR?ISR_EP8PFLAG?MASTER
  +--> ?PR?ISR_EP2EFLAG?MASTER
  +--> ?PR?ISR_EP4EFLAG?MASTER
  +--> ?PR?ISR_EP6EFLAG?MASTER
  +--> ?PR?ISR_EP8EFLAG?MASTER
  +--> ?PR?ISR_EP2FFLAG?MASTER
  +--> ?PR?ISR_EP4FFLAG?MASTER
  +--> ?PR?ISR_EP6FFLAG?MASTER
  +--> ?PR?ISR_EP8FFLAG?MASTER
  +--> ?PR?ISR_GPIFCOMPLETE?MASTER
  +--> ?PR?ISR_GPIFWAVEFORM?MASTER

*** NEW ROOT ***************************************************

?C_C51STARTUP                             -----    -----      -----    -----
  +--> ?PR?MAIN?FW
  +--> ?C_INITSEG

?PR?MAIN?FW                               -----    -----      0008H    0010H
  +--> ?PR?TD_INIT?MASTER
  +--> ?PR?EZUSB_DISCON?DISCON
  +--> ?PR?SETUPCOMMAND?FW
  +--> ?PR?TD_SUSPEND?MASTER
  +--> ?PR?EZUSB_RESUME?RESUME
  +--> ?PR?TD_RESUME?MASTER
  +--> ?PR?TD_POLL?MASTER

?PR?TD_INIT?MASTER                        -----    -----      -----    -----
  +--> ?PR?GPIFINIT?GPIF
  +--> ?PR?EZUSB_INITI2C?I2C

?PR?EZUSB_DISCON?DISCON                   0020H.7  0000H.1    -----    -----
  +--> ?PR?_EZUSB_DELAY?DELAY

?PR?_EZUSB_DELAY?DELAY                    -----    -----      0018H    0002H

?PR?SETUPCOMMAND?FW                       -----    -----      -----    -----
  +--> ?PR?DR_GETDESCRIPTOR?MASTER
  +--> ?PR?_EZUSB_GETSTRINGDSCR?GET_STRD
  +--> ?PR?DR_GETINTERFACE?MASTER
BL51 BANKED LINKER/LOCATER V5.03                                                      10/16/2013  16:33:59  PAGE 9


  +--> ?PR?DR_SETINTERFACE?MASTER
  +--> ?PR?DR_SETCONFIGURATION?MASTER
  +--> ?PR?DR_GETCONFIGURATION?MASTER
  +--> ?PR?DR_GETSTATUS?MASTER
  +--> ?CO?FW
  +--> ?PR?DR_CLEARFEATURE?MASTER
  +--> ?PR?DR_SETFEATURE?MASTER
  +--> ?PR?DR_VENDORCMND?MASTER

?PR?EZUSB_RESUME?RESUME                   -----    -----      -----    -----
  +--> ?PR?_EZUSB_DELAY?DELAY

?PR?TD_POLL?MASTER                        -----    -----      -----    -----
  +--> ?PR?_EZUSB_WRITEI2C?I2C_RW
  +--> ?PR?_EZUSB_WAITFOREEPROMWRITE?I2C
  +--> ?PR?LED_CONTROL?MASTER

?PR?_EZUSB_WRITEI2C?I2C_RW                -----    -----      -----    -----
  +--> ?PR?_EZUSB_WRITEI2C_?I2C

?PR?LED_CONTROL?MASTER                    -----    -----      -----    -----
  +--> ?PR?_LED_ON?MASTER
  +--> ?PR?_LED_OFF?MASTER



SYMBOL TABLE OF MODULE:  master (GPIF)

  VALUE           TYPE          NAME
  ----------------------------------

  -------         MODULE        GPIF
  C:0000H         SYMBOL        _ICE_DUMMY_
  X:1A00H         PUBLIC        WaveData
  X:1A80H         PUBLIC        InitData
  X:1A87H         PUBLIC        FlowStates
  C:09C8H         PUBLIC        GpifInit
  D:009AH         PUBLIC        AUTOPTRH1
  D:009DH         PUBLIC        AUTOPTRH2
  D:009BH         PUBLIC        AUTOPTRL1
  D:009EH         PUBLIC        AUTOPTRL2
  D:00AFH         PUBLIC        AUTOPTRSETUP
  D:00B4H         PUBLIC        OEC
  D:00B6H         PUBLIC        OEE
  -------         PROC          GPIFINIT
  -------         DO            
  D:0007H         SYMBOL        i
  -------         ENDDO         
  C:09C8H         LINE#         203
  C:09C8H         LINE#         204
  C:09C8H         LINE#         227
  C:09CEH         LINE#         236
  C:09D4H         LINE#         238
  C:09DCH         LINE#         239
  C:09E4H         LINE#         240
  C:09ECH         LINE#         241
  C:09F4H         LINE#         242
BL51 BANKED LINKER/LOCATER V5.03                                                      10/16/2013  16:33:59  PAGE 10


  C:09FCH         LINE#         243
  C:0A04H         LINE#         246
  C:0A07H         LINE#         251
  C:0A0BH         LINE#         252
  C:0A0FH         LINE#         255
  C:0A12H         LINE#         256
  C:0A15H         LINE#         259
  C:0A16H         LINE#         260
  C:0A16H         LINE#         261
  C:0A1EH         LINE#         262
  C:0A22H         LINE#         265
  C:0A28H         LINE#         266
  C:0A2AH         LINE#         267
  C:0A31H         LINE#         268
  C:0A34H         LINE#         277
  C:0A37H         LINE#         278
  C:0A3CH         LINE#         279
  C:0A3FH         LINE#         280
  C:0A43H         LINE#         283
  C:0A4BH         LINE#         284
  C:0A53H         LINE#         285
  C:0A5BH         LINE#         286
  C:0A63H         LINE#         287
  C:0A6BH         LINE#         288
  C:0A73H         LINE#         289
  C:0A7BH         LINE#         290
  C:0A83H         LINE#         291
  -------         ENDPROC       GPIFINIT
  -------         ENDMOD        GPIF

  -------         MODULE        FW
  C:0000H         SYMBOL        _ICE_DUMMY_
  B:00A8H.7       PUBLIC        EA
  B:0020H.0       PUBLIC        Rwuen
  B:0020H.1       PUBLIC        GotSUD
  C:1140H         PUBLIC        EPCS_Offset_Lookup_Table
  C:0524H         PUBLIC        main
  B:00E8H.0       PUBLIC        EUSB
  C:115AH         PUBLIC        resume_isr
  D:0021H         PUBLIC        pHighSpeedConfigDscr
  D:0023H         PUBLIC        pDeviceDscr
  C:0300H         PUBLIC        SetupCommand
  D:0025H         PUBLIC        pConfigDscr
  D:0027H         PUBLIC        pOtherConfigDscr
  D:0029H         PUBLIC        pFullSpeedConfigDscr
  B:0020H.2       PUBLIC        Selfpwr
  D:002BH         PUBLIC        pDeviceQualDscr
  D:00D8H         PUBLIC        EICON
  D:008EH         PUBLIC        CKCON
  D:002DH         PUBLIC        pStringDscr
  B:0020H.3       PUBLIC        Sleep
  -------         PROC          MAIN
  -------         DO            
  D:0008H         SYMBOL        i
  D:0006H         SYMBOL        offset
  D:000CH         SYMBOL        DevDescrLen
  D:0010H         SYMBOL        j
BL51 BANKED LINKER/LOCATER V5.03                                                      10/16/2013  16:33:59  PAGE 11


  D:0014H         SYMBOL        IntDescrAddr
  D:0016H         SYMBOL        ExtDescrAddr
  -------         ENDDO         
  C:0524H         LINE#         106
  C:0524H         LINE#         107
  C:0524H         LINE#         111
  C:052DH         LINE#         116
  C:052FH         LINE#         117
  C:0531H         LINE#         118
  C:0533H         LINE#         119
  C:0535H         LINE#         122
  C:0538H         LINE#         130
  C:0540H         LINE#         131
  C:0546H         LINE#         132
  C:054CH         LINE#         133
  C:0552H         LINE#         134
  C:0558H         LINE#         136
  C:055FH         LINE#         137
  C:055FH         LINE#         138
  C:0565H         LINE#         139
  C:056BH         LINE#         140
  C:056DH         LINE#         142
  C:056DH         LINE#         143
  C:0573H         LINE#         144
  C:0579H         LINE#         145
  C:0579H         LINE#         147
  C:0581H         LINE#         148
  C:0581H         LINE#         149
  C:0587H         LINE#         150
  C:058FH         LINE#         151
  C:05A7H         LINE#         152
  C:05C5H         LINE#         153
  C:05EBH         LINE#         154
  C:060AH         LINE#         155
  C:063DH         LINE#         156
  C:0643H         LINE#         157
  C:064DH         LINE#         158
  C:0658H         LINE#         159
  C:0663H         LINE#         160
  C:066EH         LINE#         161
  C:0679H         LINE#         162
  C:0684H         LINE#         163
  C:068FH         LINE#         164
  C:068FH         LINE#         166
  C:0691H         LINE#         167
  C:0694H         LINE#         169
  C:069BH         LINE#         171
  C:06A2H         LINE#         172
  C:06A4H         LINE#         178
  C:06ABH         LINE#         179
  C:06ABH         LINE#         180
  C:06B0H         LINE#         181
  C:06B0H         LINE#         187
  C:06B7H         LINE#         189
  C:06BAH         LINE#         192
  C:06BCH         LINE#         195
  C:06BCH         LINE#         196
BL51 BANKED LINKER/LOCATER V5.03                                                      10/16/2013  16:33:59  PAGE 12


  C:06BCH         LINE#         197
  C:06BFH         LINE#         198
  C:06BFH         LINE#         199
  C:06C2H         LINE#         200
  C:06C4H         LINE#         201
  C:06C4H         LINE#         208
  C:06C7H         LINE#         209
  C:06C7H         LINE#         210
  C:06CCH         LINE#         211
  C:06CCH         LINE#         212
  C:06CEH         LINE#         214
  C:06CEH         LINE#         215
  C:06D1H         LINE#         216
  C:06D1H         LINE#         217
  C:06EAH         LINE#         222
  C:06EDH         LINE#         223
  C:06F0H         LINE#         224
  C:06F0H         LINE#         225
  C:06F0H         LINE#         226
  C:06F3H         LINE#         227
  -------         ENDPROC       MAIN
  -------         PROC          SETUPCOMMAND
  -------         DO            
  D:0001H         SYMBOL        dscr_ptr
  -------         ENDDO         
  C:0300H         LINE#         231
  C:0300H         LINE#         232
  C:0300H         LINE#         235
  C:0330H         LINE#         236
  C:0330H         LINE#         237
  C:0330H         LINE#         238
  C:0338H         LINE#         239
  C:034EH         LINE#         240
  C:034EH         LINE#         241
  C:034EH         LINE#         242
  C:0354H         LINE#         243
  C:0356H         LINE#         244
  C:0358H         LINE#         245
  C:0358H         LINE#         246
  C:035EH         LINE#         247
  C:0360H         LINE#         248
  C:0362H         LINE#         249
  C:0362H         LINE#         250
  C:0368H         LINE#         251
  C:036AH         LINE#         252
  C:036CH         LINE#         253
  C:036CH         LINE#         254
  C:0372H         LINE#         255
  C:0374H         LINE#         256
  C:0376H         LINE#         257
  C:0376H         LINE#         258
  C:0389H         LINE#         259
  C:0389H         LINE#         260
  C:038EH         LINE#         261
  C:0393H         LINE#         262
  C:0396H         LINE#         266
  C:0396H         LINE#         267
BL51 BANKED LINKER/LOCATER V5.03                                                      10/16/2013  16:33:59  PAGE 13


  C:0396H         LINE#         268
  C:0396H         LINE#         269
  C:0399H         LINE#         270
  C:0399H         LINE#         271
  C:039CH         LINE#         272
  C:039FH         LINE#         273
  C:039FH         LINE#         274
  C:03A2H         LINE#         275
  C:03A5H         LINE#         276
  C:03A5H         LINE#         277
  C:03A8H         LINE#         278
  C:03ABH         LINE#         279
  C:03ABH         LINE#         280
  C:03AEH         LINE#         281
  C:03B1H         LINE#         282
  C:03B1H         LINE#         283
  C:03B9H         LINE#         284
  C:03C8H         LINE#         285
  C:03C8H         LINE#         286
  C:03C8H         LINE#         287
  C:03D4H         LINE#         288
  C:03D4H         LINE#         289
  C:03D4H         LINE#         290
  C:03D4H         LINE#         291
  C:03D6H         LINE#         292
  C:03D6H         LINE#         293
  C:03DBH         LINE#         294
  C:03DBH         LINE#         295
  C:03DBH         LINE#         296
  C:03DBH         LINE#         297
  C:03DDH         LINE#         298
  C:03DDH         LINE#         299
  C:041BH         LINE#         300
  C:041EH         LINE#         301
  C:0422H         LINE#         302
  C:0428H         LINE#         303
  C:042BH         LINE#         304
  C:042BH         LINE#         305
  C:042BH         LINE#         306
  C:042BH         LINE#         307
  C:042EH         LINE#         308
  C:042EH         LINE#         309
  C:0436H         LINE#         310
  C:0445H         LINE#         311
  C:0445H         LINE#         312
  C:0445H         LINE#         313
  C:044CH         LINE#         314
  C:0451H         LINE#         316
  C:0451H         LINE#         317
  C:0454H         LINE#         318
  C:0454H         LINE#         319
  C:045AH         LINE#         320
  C:045AH         LINE#         321
  C:0495H         LINE#         322
  C:04ADH         LINE#         323
  C:04AFH         LINE#         325
  C:04AFH         LINE#         326
BL51 BANKED LINKER/LOCATER V5.03                                                      10/16/2013  16:33:59  PAGE 14


  C:04B1H         LINE#         327
  C:04B1H         LINE#         328
  C:04B1H         LINE#         329
  C:04B1H         LINE#         330
  C:04B6H         LINE#         331
  C:04C2H         LINE#         332
  C:04C2H         LINE#         333
  C:04C2H         LINE#         334
  C:04C9H         LINE#         335
  C:04CDH         LINE#         336
  C:04D5H         LINE#         342
  C:04D5H         LINE#         344
  C:04D5H         LINE#         345
  C:04D7H         LINE#         346
  C:04D7H         LINE#         347
  C:050EH         LINE#         348
  C:0510H         LINE#         349
  C:0510H         LINE#         350
  C:0510H         LINE#         351
  C:0510H         LINE#         352
  C:0515H         LINE#         353
  C:051CH         LINE#         354
  C:051CH         LINE#         357
  C:0523H         LINE#         358
  -------         ENDPROC       SETUPCOMMAND
  -------         PROC          RESUME_ISR
  C:115AH         LINE#         361
  C:115AH         LINE#         363
  C:115DH         LINE#         364
  -------         ENDPROC       RESUME_ISR
  -------         ENDMOD        FW

  -------         MODULE        DSCR
  C:0100H         PUBLIC        DEVICEDSCR
  C:0114H         PUBLIC        DEVICEQUALDSCR
  C:0142H         PUBLIC        FULLSPEEDCONFIGDSCR
  C:0120H         PUBLIC        HIGHSPEEDCONFIGDSCR
  C:0164H         PUBLIC        STRINGDSCR
  C:01B8H         PUBLIC        USERDSCR
  N:0002H         SYMBOL        DSCR_CONFIG
  N:0009H         SYMBOL        DSCR_CONFIG_LEN
  N:0001H         SYMBOL        DSCR_DEVICE
  N:0012H         SYMBOL        DSCR_DEVICE_LEN
  N:0006H         SYMBOL        DSCR_DEVQUAL
  N:000AH         SYMBOL        DSCR_DEVQUAL_LEN
  N:0005H         SYMBOL        DSCR_ENDPNT
  N:0007H         SYMBOL        DSCR_ENDPNT_LEN
  N:0004H         SYMBOL        DSCR_INTRFC
  N:0009H         SYMBOL        DSCR_INTRFC_LEN
  N:0003H         SYMBOL        DSCR_STRING
  N:0002H         SYMBOL        ET_BULK
  N:0000H         SYMBOL        ET_CONTROL
  N:0003H         SYMBOL        ET_INT
  N:0001H         SYMBOL        ET_ISO
  C:0162H         SYMBOL        FULLSPEEDCONFIGDSCREND
  C:0140H         SYMBOL        HIGHSPEEDCONFIGDSCREND
  C:0164H         SYMBOL        STRINGDSCR0
BL51 BANKED LINKER/LOCATER V5.03                                                      10/16/2013  16:33:59  PAGE 15


  C:0168H         SYMBOL        STRINGDSCR0END
  C:0168H         SYMBOL        STRINGDSCR1
  C:0178H         SYMBOL        STRINGDSCR1END
  C:0178H         SYMBOL        STRINGDSCR2
  C:01B8H         SYMBOL        STRINGDSCR2END
  -------         ENDMOD        DSCR

  -------         MODULE        INT0
  C:0000H         SYMBOL        _ICE_DUMMY_
  B:00A8H.0       PUBLIC        EX0
  C:0AFAH         PUBLIC        int0
  -------         PROC          INT0
  C:0AFAH         LINE#         11
  C:0AFAH         LINE#         13
  C:0AFCH         LINE#         14
  C:0AFEH         LINE#         19
  -------         ENDPROC       INT0
  -------         ENDMOD        INT0

  -------         MODULE        MASTER
  C:0000H         SYMBOL        _ICE_DUMMY_
  C:117AH         PUBLIC        ISR_Errorlimit
  X:8800H         PUBLIC        LED0_ON
  X:9800H         PUBLIC        LED1_ON
  X:A800H         PUBLIC        LED2_ON
  C:0E8FH         PUBLIC        DR_SetConfiguration
  X:B800H         PUBLIC        LED3_ON
  D:002FH         PUBLIC        AlternateSetting
  C:116BH         PUBLIC        ISR_Ep0in
  C:116DH         PUBLIC        ISR_Ep1in
  C:0BB8H         PUBLIC        TD_Init
  C:116CH         PUBLIC        ISR_Ep0out
  C:116EH         PUBLIC        ISR_Ep1out
  C:08E5H         PUBLIC        TD_Poll
  D:0030H         PUBLIC        ledX_rdvar
  C:118BH         PUBLIC        ISR_GpifComplete
  C:0D63H         PUBLIC        LED_Control
  C:1164H         PUBLIC        DR_GetStatus
  C:1174H         PUBLIC        ISR_Ep0pingnak
  B:0020H.4       PUBLIC        in_enable
  C:1175H         PUBLIC        ISR_Ep1pingnak
  C:118CH         PUBLIC        ISR_GpifWaveform
  C:117BH         PUBLIC        ISR_Ep2piderror
  C:1176H         PUBLIC        ISR_Ep2pingnak
  C:117CH         PUBLIC        ISR_Ep4piderror
  C:1177H         PUBLIC        ISR_Ep4pingnak
  C:117DH         PUBLIC        ISR_Ep6piderror
  C:1178H         PUBLIC        ISR_Ep6pingnak
  C:117EH         PUBLIC        ISR_Ep8piderror
  C:1179H         PUBLIC        ISR_Ep8pingnak
  D:0091H         PUBLIC        EXIF
  B:0020H.5       PUBLIC        enum_high_speed
  C:112EH         PUBLIC        DR_GetInterface
  C:1166H         PUBLIC        DR_ClearFeature
  C:0DBBH         PUBLIC        _LED_Off
  C:1183H         PUBLIC        ISR_Ep2eflag
  X:1AABH         PUBLIC        LED_State
BL51 BANKED LINKER/LOCATER V5.03                                                      10/16/2013  16:33:59  PAGE 16


  C:1187H         PUBLIC        ISR_Ep2fflag
  C:1184H         PUBLIC        ISR_Ep4eflag
  C:114AH         PUBLIC        DR_SetInterface
  C:1188H         PUBLIC        ISR_Ep4fflag
  C:1185H         PUBLIC        ISR_Ep6eflag
  X:1AACH         SYMBOL        LED_Status
  C:1189H         PUBLIC        ISR_Ep6fflag
  C:1162H         PUBLIC        DR_GetDescriptor
  C:1186H         PUBLIC        ISR_Ep8eflag
  C:118AH         PUBLIC        ISR_Ep8fflag
  X:1AADH         SYMBOL        LED_Count
  X:8000H         PUBLIC        LED0_OFF
  X:9000H         PUBLIC        LED1_OFF
  X:A000H         PUBLIC        LED2_OFF
  C:117FH         PUBLIC        ISR_Ep2pflag
  X:B000H         PUBLIC        LED3_OFF
  B:00A0H.2       PUBLIC        PC2
  C:1180H         PUBLIC        ISR_Ep4pflag
  C:1181H         PUBLIC        ISR_Ep6pflag
  C:1182H         PUBLIC        ISR_Ep8pflag
  B:00A8H.0       PUBLIC        EX0
  B:0088H.0       PUBLIC        IT0
  D:00ABH         PUBLIC        EP24FIFOFLGS
  C:0E02H         PUBLIC        _LED_On
  C:10C0H         PUBLIC        ISR_Sudav
  B:0020H.6       PUBLIC        zerolenpkt
  D:00B2H         PUBLIC        OEA
  D:00B4H         PUBLIC        OEC
  D:00ACH         PUBLIC        EP68FIFOFLGS
  B:0080H.6       PUBLIC        PERIPH_FIFOADR0
  D:0080H         PUBLIC        IOA
  B:0080H.7       PUBLIC        PERIPH_FIFOADR1
  C:115EH         PUBLIC        TD_Suspend
  D:00BBH         PUBLIC        GPIFTRIG
  D:0031H         PUBLIC        Configuration
  X:1AAFH         SYMBOL        Blink_Rate
  C:0AFFH         PUBLIC        ISR_Ep0ack
  C:0ECCH         PUBLIC        ISR_Highspeed
  C:10F0H         PUBLIC        ISR_Sutok
  C:1173H         PUBLIC        ISR_Ibn
  D:0032H         PUBLIC        j
  C:116FH         PUBLIC        ISR_Ep2inout
  C:1170H         PUBLIC        ISR_Ep4inout
  C:0CD9H         PUBLIC        DR_VendorCmnd
  C:1160H         PUBLIC        TD_Resume
  C:1171H         PUBLIC        ISR_Ep6inout
  C:116AH         PUBLIC        ISR_Stub
  C:1172H         PUBLIC        ISR_Ep8inout
  C:0F41H         PUBLIC        ISR_Ures
  X:1AB1H         PUBLIC        Digit
  C:1168H         PUBLIC        DR_SetFeature
  C:1106H         PUBLIC        ISR_Sof
  C:111CH         PUBLIC        DR_GetConfiguration
  C:10D8H         PUBLIC        ISR_Susp
  -------         PROC          TD_INIT
  C:0BB8H         LINE#         107
  C:0BB8H         LINE#         108
BL51 BANKED LINKER/LOCATER V5.03                                                      10/16/2013  16:33:59  PAGE 17


  C:0BB8H         LINE#         111
  C:0BBEH         LINE#         112
  C:0BC1H         LINE#         115
  C:0BC4H         LINE#         116
  C:0BC7H         LINE#         119
  C:0BCAH         LINE#         120
  C:0BD4H         LINE#         135
  C:0BDAH         LINE#         136
  C:0BDDH         LINE#         137
  C:0BE3H         LINE#         138
  C:0BE6H         LINE#         139
  C:0BEBH         LINE#         140
  C:0BEEH         LINE#         141
  C:0BF2H         LINE#         142
  C:0BF5H         LINE#         145
  C:0BFBH         LINE#         146
  C:0BFEH         LINE#         147
  C:0C01H         LINE#         148
  C:0C04H         LINE#         149
  C:0C07H         LINE#         150
  C:0C0AH         LINE#         151
  C:0C0CH         LINE#         152
  C:0C0FH         LINE#         154
  C:0C13H         LINE#         155
  C:0C16H         LINE#         156
  C:0C19H         LINE#         157
  C:0C1CH         LINE#         158
  C:0C22H         LINE#         159
  C:0C25H         LINE#         162
  C:0C2BH         LINE#         163
  C:0C2EH         LINE#         164
  C:0C33H         LINE#         165
  C:0C36H         LINE#         169
  C:0C3BH         LINE#         170
  C:0C3EH         LINE#         172
  C:0C41H         LINE#         174
  C:0C48H         LINE#         178
  C:0C4AH         LINE#         179
  C:0C4CH         LINE#         186
  -------         ENDPROC       TD_INIT
  -------         PROC          TD_POLL
  -------         DO            
  D:0007H         SYMBOL        waiting_inpkts
  -------         ENDDO         
  C:08E5H         LINE#         188
  C:08E5H         LINE#         189
  C:08E5H         LINE#         194
  C:08EEH         LINE#         195
  C:08FFH         LINE#         196
  C:0904H         LINE#         201
  C:0907H         LINE#         206
  C:090CH         LINE#         207
  C:090CH         LINE#         208
  C:0911H         LINE#         209
  C:0911H         LINE#         211
  C:0913H         LINE#         212
  C:0915H         LINE#         213
BL51 BANKED LINKER/LOCATER V5.03                                                      10/16/2013  16:33:59  PAGE 18


  C:0918H         LINE#         215
  C:091FH         LINE#         216
  C:091FH         LINE#         217
  C:0922H         LINE#         218
  C:0922H         LINE#         219
  C:0925H         LINE#         220
  C:092BH         LINE#         221
  C:092EH         LINE#         222
  C:0932H         LINE#         223
  C:0932H         LINE#         224
  C:0934H         LINE#         226
  C:0934H         LINE#         227
  C:0937H         LINE#         228
  C:093CH         LINE#         229
  C:093FH         LINE#         230
  C:0945H         LINE#         231
  C:0948H         LINE#         232
  C:0948H         LINE#         234
  C:094BH         LINE#         235
  C:094EH         LINE#         236
  C:0951H         LINE#         238
  C:0956H         LINE#         239
  C:0956H         LINE#         241
  C:0956H         LINE#         242
  C:0959H         LINE#         243
  C:0959H         LINE#         244
  C:0959H         LINE#         245
  C:0959H         LINE#         248
  C:095CH         LINE#         249
  C:095CH         LINE#         251
  C:095FH         LINE#         252
  C:095FH         LINE#         253
  C:0964H         LINE#         254
  C:0964H         LINE#         255
  C:0966H         LINE#         256
  C:0968H         LINE#         257
  C:096BH         LINE#         259
  C:0972H         LINE#         260
  C:0972H         LINE#         261
  C:0977H         LINE#         262
  C:0977H         LINE#         263
  C:097AH         LINE#         264
  C:097AH         LINE#         265
  C:097DH         LINE#         266
  C:0983H         LINE#         267
  C:0986H         LINE#         268
  C:098BH         LINE#         269
  C:098EH         LINE#         270
  C:0990H         LINE#         271
  C:0992H         LINE#         273
  C:0992H         LINE#         274
  C:0995H         LINE#         275
  C:099AH         LINE#         276
  C:099DH         LINE#         277
  C:09A3H         LINE#         278
  C:09A6H         LINE#         279
  C:09A6H         LINE#         281
BL51 BANKED LINKER/LOCATER V5.03                                                      10/16/2013  16:33:59  PAGE 19


  C:09A9H         LINE#         282
  C:09ACH         LINE#         283
  C:09B1H         LINE#         284
  C:09B1H         LINE#         286
  C:09B1H         LINE#         287
  C:09B1H         LINE#         288
  C:09B1H         LINE#         289
  C:09B1H         LINE#         290
  C:09B1H         LINE#         291
  C:09B3H         LINE#         292
  C:09B3H         LINE#         293
  C:09B9H         LINE#         294
  C:09BCH         LINE#         295
  C:09BFH         LINE#         296
  C:09C2H         LINE#         297
  C:09C4H         LINE#         298
  C:09C7H         LINE#         299
  C:09C7H         LINE#         300
  C:09C7H         LINE#         302
  -------         ENDPROC       TD_POLL
  -------         PROC          TD_SUSPEND
  C:115EH         LINE#         304
  C:115EH         LINE#         305
  C:115EH         LINE#         306
  C:115FH         LINE#         307
  -------         ENDPROC       TD_SUSPEND
  -------         PROC          TD_RESUME
  C:1160H         LINE#         309
  C:1160H         LINE#         310
  C:1160H         LINE#         311
  C:1161H         LINE#         312
  -------         ENDPROC       TD_RESUME
  -------         PROC          DR_GETDESCRIPTOR
  C:1162H         LINE#         319
  C:1162H         LINE#         320
  C:1162H         LINE#         321
  C:1163H         LINE#         322
  -------         ENDPROC       DR_GETDESCRIPTOR
  -------         PROC          DR_SETCONFIGURATION
  C:0E8FH         LINE#         324
  C:0E8FH         LINE#         325
  C:0E8FH         LINE#         326
  C:0E96H         LINE#         327
  C:0E96H         LINE#         328
  C:0E99H         LINE#         329
  C:0E9FH         LINE#         330
  C:0EA2H         LINE#         331
  C:0EA7H         LINE#         332
  C:0EAAH         LINE#         333
  C:0EACH         LINE#         334
  C:0EAEH         LINE#         336
  C:0EAEH         LINE#         337
  C:0EB1H         LINE#         338
  C:0EB6H         LINE#         339
  C:0EB9H         LINE#         340
  C:0EBFH         LINE#         341
  C:0EC2H         LINE#         342
BL51 BANKED LINKER/LOCATER V5.03                                                      10/16/2013  16:33:59  PAGE 20


  C:0EC4H         LINE#         343
  C:0EC4H         LINE#         345
  C:0ECAH         LINE#         346
  C:0ECBH         LINE#         347
  -------         ENDPROC       DR_SETCONFIGURATION
  -------         PROC          DR_GETCONFIGURATION
  C:111CH         LINE#         349
  C:111CH         LINE#         350
  C:111CH         LINE#         351
  C:1122H         LINE#         352
  C:1127H         LINE#         353
  C:112CH         LINE#         354
  C:112DH         LINE#         355
  -------         ENDPROC       DR_GETCONFIGURATION
  -------         PROC          DR_SETINTERFACE
  C:114AH         LINE#         357
  C:114AH         LINE#         358
  C:114AH         LINE#         359
  C:1150H         LINE#         360
  C:1151H         LINE#         361
  -------         ENDPROC       DR_SETINTERFACE
  -------         PROC          DR_GETINTERFACE
  C:112EH         LINE#         363
  C:112EH         LINE#         364
  C:112EH         LINE#         365
  C:1134H         LINE#         366
  C:1139H         LINE#         367
  C:113EH         LINE#         368
  C:113FH         LINE#         369
  -------         ENDPROC       DR_GETINTERFACE
  -------         PROC          DR_GETSTATUS
  C:1164H         LINE#         371
  C:1164H         LINE#         372
  C:1164H         LINE#         373
  C:1165H         LINE#         374
  -------         ENDPROC       DR_GETSTATUS
  -------         PROC          DR_CLEARFEATURE
  C:1166H         LINE#         376
  C:1166H         LINE#         377
  C:1166H         LINE#         378
  C:1167H         LINE#         379
  -------         ENDPROC       DR_CLEARFEATURE
  -------         PROC          DR_SETFEATURE
  C:1168H         LINE#         381
  C:1168H         LINE#         382
  C:1168H         LINE#         383
  C:1169H         LINE#         384
  -------         ENDPROC       DR_SETFEATURE
  -------         PROC          DR_VENDORCMND
  C:0CD9H         LINE#         392
  C:0CD9H         LINE#         393
  C:0CD9H         LINE#         394
  C:0CF1H         LINE#         395
  C:0CF1H         LINE#         396
  C:0CF1H         LINE#         399
  C:0CF6H         LINE#         400
  C:0CF6H         LINE#         401
BL51 BANKED LINKER/LOCATER V5.03                                                      10/16/2013  16:33:59  PAGE 21


  C:0CF6H         LINE#         402
  C:0CF6H         LINE#         403
  C:0CF8H         LINE#         404
  C:0CF8H         LINE#         405
  C:0CF8H         LINE#         406
  C:0CF8H         LINE#         409
  C:0CFDH         LINE#         410
  C:0CFDH         LINE#         411
  C:0CFDH         LINE#         412
  C:0CFDH         LINE#         413
  C:0CFFH         LINE#         414
  C:0CFFH         LINE#         415
  C:0CFFH         LINE#         416
  C:0CFFH         LINE#         417
  C:0D01H         LINE#         419
  C:0D06H         LINE#         420
  C:0D06H         LINE#         421
  C:0D06H         LINE#         422
  C:0D06H         LINE#         423
  C:0D08H         LINE#         424
  C:0D08H         LINE#         425
  C:0D08H         LINE#         426
  C:0D08H         LINE#         427
  C:0D0AH         LINE#         429
  C:0D10H         LINE#         430
  C:0D15H         LINE#         431
  C:0D19H         LINE#         432
  C:0D19H         LINE#         433
  C:0D1BH         LINE#         434
  C:0D1BH         LINE#         435
  C:0D1BH         LINE#         436
  C:0D1BH         LINE#         437
  C:0D21H         LINE#         438
  C:0D24H         LINE#         439
  C:0D2CH         LINE#         440
  C:0D2FH         LINE#         441
  C:0D34H         LINE#         442
  C:0D39H         LINE#         443
  C:0D39H         LINE#         444
  C:0D3BH         LINE#         445
  C:0D3BH         LINE#         446
  C:0D3BH         LINE#         447
  C:0D3BH         LINE#         448
  C:0D41H         LINE#         449
  C:0D44H         LINE#         450
  C:0D48H         LINE#         451
  C:0D4BH         LINE#         452
  C:0D50H         LINE#         453
  C:0D56H         LINE#         454
  C:0D5DH         LINE#         455
  C:0D5FH         LINE#         456
  C:0D5FH         LINE#         457
  C:0D5FH         LINE#         458
  C:0D61H         LINE#         459
  C:0D61H         LINE#         461
  C:0D62H         LINE#         462
  -------         ENDPROC       DR_VENDORCMND
BL51 BANKED LINKER/LOCATER V5.03                                                      10/16/2013  16:33:59  PAGE 22


  -------         PROC          ISR_SUDAV
  C:10C0H         LINE#         470
  C:10C6H         LINE#         472
  C:10C8H         LINE#         473
  C:10CBH         LINE#         474
  C:10D1H         LINE#         475
  -------         ENDPROC       ISR_SUDAV
  -------         PROC          ISR_SUTOK
  C:10F0H         LINE#         478
  C:10F6H         LINE#         480
  C:10F9H         LINE#         481
  C:10FFH         LINE#         482
  -------         ENDPROC       ISR_SUTOK
  -------         PROC          ISR_SOF
  C:1106H         LINE#         484
  C:110CH         LINE#         486
  C:110FH         LINE#         487
  C:1115H         LINE#         488
  -------         ENDPROC       ISR_SOF
  -------         PROC          ISR_URES
  C:0F41H         LINE#         490
  C:0F47H         LINE#         493
  C:0F4DH         LINE#         494
  C:0F57H         LINE#         495
  C:0F5DH         LINE#         496
  C:0F67H         LINE#         498
  C:0F6AH         LINE#         499
  C:0F70H         LINE#         500
  -------         ENDPROC       ISR_URES
  -------         PROC          ISR_SUSP
  C:10D8H         LINE#         502
  C:10DEH         LINE#         504
  C:10E0H         LINE#         505
  C:10E3H         LINE#         506
  C:10E9H         LINE#         507
  -------         ENDPROC       ISR_SUSP
  -------         PROC          ISR_HIGHSPEED
  C:0ECCH         LINE#         509
  C:0ED2H         LINE#         511
  C:0ED9H         LINE#         512
  C:0ED9H         LINE#         513
  C:0EDFH         LINE#         514
  C:0EE9H         LINE#         515
  C:0EEFH         LINE#         516
  C:0EF9H         LINE#         517
  C:0EF9H         LINE#         519
  C:0EFCH         LINE#         520
  C:0F02H         LINE#         521
  -------         ENDPROC       ISR_HIGHSPEED
  -------         PROC          ISR_EP0ACK
  C:0AFFH         LINE#         522
  C:0AFFH         LINE#         524
  -------         ENDPROC       ISR_EP0ACK
  -------         PROC          ISR_STUB
  C:116AH         LINE#         525
  C:116AH         LINE#         527
  -------         ENDPROC       ISR_STUB
BL51 BANKED LINKER/LOCATER V5.03                                                      10/16/2013  16:33:59  PAGE 23


  -------         PROC          ISR_EP0IN
  C:116BH         LINE#         528
  C:116BH         LINE#         530
  -------         ENDPROC       ISR_EP0IN
  -------         PROC          ISR_EP0OUT
  C:116CH         LINE#         531
  C:116CH         LINE#         533
  -------         ENDPROC       ISR_EP0OUT
  -------         PROC          ISR_EP1IN
  C:116DH         LINE#         534
  C:116DH         LINE#         536
  -------         ENDPROC       ISR_EP1IN
  -------         PROC          ISR_EP1OUT
  C:116EH         LINE#         537
  C:116EH         LINE#         539
  -------         ENDPROC       ISR_EP1OUT
  -------         PROC          ISR_EP2INOUT
  C:116FH         LINE#         540
  C:116FH         LINE#         542
  -------         ENDPROC       ISR_EP2INOUT
  -------         PROC          ISR_EP4INOUT
  C:1170H         LINE#         543
  C:1170H         LINE#         545
  -------         ENDPROC       ISR_EP4INOUT
  -------         PROC          ISR_EP6INOUT
  C:1171H         LINE#         546
  C:1171H         LINE#         548
  -------         ENDPROC       ISR_EP6INOUT
  -------         PROC          ISR_EP8INOUT
  C:1172H         LINE#         549
  C:1172H         LINE#         551
  -------         ENDPROC       ISR_EP8INOUT
  -------         PROC          ISR_IBN
  C:1173H         LINE#         552
  C:1173H         LINE#         554
  -------         ENDPROC       ISR_IBN
  -------         PROC          ISR_EP0PINGNAK
  C:1174H         LINE#         555
  C:1174H         LINE#         557
  -------         ENDPROC       ISR_EP0PINGNAK
  -------         PROC          ISR_EP1PINGNAK
  C:1175H         LINE#         558
  C:1175H         LINE#         560
  -------         ENDPROC       ISR_EP1PINGNAK
  -------         PROC          ISR_EP2PINGNAK
  C:1176H         LINE#         561
  C:1176H         LINE#         563
  -------         ENDPROC       ISR_EP2PINGNAK
  -------         PROC          ISR_EP4PINGNAK
  C:1177H         LINE#         564
  C:1177H         LINE#         566
  -------         ENDPROC       ISR_EP4PINGNAK
  -------         PROC          ISR_EP6PINGNAK
  C:1178H         LINE#         567
  C:1178H         LINE#         569
  -------         ENDPROC       ISR_EP6PINGNAK
  -------         PROC          ISR_EP8PINGNAK
BL51 BANKED LINKER/LOCATER V5.03                                                      10/16/2013  16:33:59  PAGE 24


  C:1179H         LINE#         570
  C:1179H         LINE#         572
  -------         ENDPROC       ISR_EP8PINGNAK
  -------         PROC          ISR_ERRORLIMIT
  C:117AH         LINE#         573
  C:117AH         LINE#         575
  -------         ENDPROC       ISR_ERRORLIMIT
  -------         PROC          ISR_EP2PIDERROR
  C:117BH         LINE#         576
  C:117BH         LINE#         578
  -------         ENDPROC       ISR_EP2PIDERROR
  -------         PROC          ISR_EP4PIDERROR
  C:117CH         LINE#         579
  C:117CH         LINE#         581
  -------         ENDPROC       ISR_EP4PIDERROR
  -------         PROC          ISR_EP6PIDERROR
  C:117DH         LINE#         582
  C:117DH         LINE#         584
  -------         ENDPROC       ISR_EP6PIDERROR
  -------         PROC          ISR_EP8PIDERROR
  C:117EH         LINE#         585
  C:117EH         LINE#         587
  -------         ENDPROC       ISR_EP8PIDERROR
  -------         PROC          ISR_EP2PFLAG
  C:117FH         LINE#         588
  C:117FH         LINE#         590
  -------         ENDPROC       ISR_EP2PFLAG
  -------         PROC          ISR_EP4PFLAG
  C:1180H         LINE#         591
  C:1180H         LINE#         593
  -------         ENDPROC       ISR_EP4PFLAG
  -------         PROC          ISR_EP6PFLAG
  C:1181H         LINE#         594
  C:1181H         LINE#         596
  -------         ENDPROC       ISR_EP6PFLAG
  -------         PROC          ISR_EP8PFLAG
  C:1182H         LINE#         597
  C:1182H         LINE#         599
  -------         ENDPROC       ISR_EP8PFLAG
  -------         PROC          ISR_EP2EFLAG
  C:1183H         LINE#         600
  C:1183H         LINE#         602
  -------         ENDPROC       ISR_EP2EFLAG
  -------         PROC          ISR_EP4EFLAG
  C:1184H         LINE#         603
  C:1184H         LINE#         605
  -------         ENDPROC       ISR_EP4EFLAG
  -------         PROC          ISR_EP6EFLAG
  C:1185H         LINE#         606
  C:1185H         LINE#         608
  -------         ENDPROC       ISR_EP6EFLAG
  -------         PROC          ISR_EP8EFLAG
  C:1186H         LINE#         609
  C:1186H         LINE#         611
  -------         ENDPROC       ISR_EP8EFLAG
  -------         PROC          ISR_EP2FFLAG
  C:1187H         LINE#         612
BL51 BANKED LINKER/LOCATER V5.03                                                      10/16/2013  16:33:59  PAGE 25


  C:1187H         LINE#         614
  -------         ENDPROC       ISR_EP2FFLAG
  -------         PROC          ISR_EP4FFLAG
  C:1188H         LINE#         615
  C:1188H         LINE#         617
  -------         ENDPROC       ISR_EP4FFLAG
  -------         PROC          ISR_EP6FFLAG
  C:1189H         LINE#         618
  C:1189H         LINE#         620
  -------         ENDPROC       ISR_EP6FFLAG
  -------         PROC          ISR_EP8FFLAG
  C:118AH         LINE#         621
  C:118AH         LINE#         623
  -------         ENDPROC       ISR_EP8FFLAG
  -------         PROC          ISR_GPIFCOMPLETE
  C:118BH         LINE#         624
  C:118BH         LINE#         626
  -------         ENDPROC       ISR_GPIFCOMPLETE
  -------         PROC          ISR_GPIFWAVEFORM
  C:118CH         LINE#         627
  C:118CH         LINE#         629
  -------         ENDPROC       ISR_GPIFWAVEFORM
  -------         PROC          _LED_OFF
  D:0005H         SYMBOL        LED_Mask
  C:0DBBH         LINE#         630
  C:0DBDH         LINE#         631
  C:0DBDH         LINE#         632
  C:0DC1H         LINE#         633
  C:0DC1H         LINE#         634
  C:0DC7H         LINE#         635
  C:0DCEH         LINE#         636
  C:0DCEH         LINE#         637
  C:0DD2H         LINE#         638
  C:0DD2H         LINE#         639
  C:0DD8H         LINE#         640
  C:0DDFH         LINE#         641
  C:0DDFH         LINE#         642
  C:0DE3H         LINE#         643
  C:0DE3H         LINE#         644
  C:0DE9H         LINE#         645
  C:0DF0H         LINE#         646
  C:0DF0H         LINE#         647
  C:0DF4H         LINE#         648
  C:0DF4H         LINE#         649
  C:0DFAH         LINE#         650
  C:0E01H         LINE#         651
  C:0E01H         LINE#         652
  -------         ENDPROC       _LED_OFF
  -------         PROC          _LED_ON
  D:0005H         SYMBOL        LED_Mask
  C:0E02H         LINE#         654
  C:0E04H         LINE#         655
  C:0E04H         LINE#         656
  C:0E08H         LINE#         657
  C:0E08H         LINE#         658
  C:0E0EH         LINE#         659
  C:0E15H         LINE#         660
BL51 BANKED LINKER/LOCATER V5.03                                                      10/16/2013  16:33:59  PAGE 26


  C:0E15H         LINE#         661
  C:0E19H         LINE#         662
  C:0E19H         LINE#         663
  C:0E1FH         LINE#         664
  C:0E26H         LINE#         665
  C:0E26H         LINE#         666
  C:0E2AH         LINE#         667
  C:0E2AH         LINE#         668
  C:0E30H         LINE#         669
  C:0E37H         LINE#         670
  C:0E37H         LINE#         671
  C:0E3BH         LINE#         672
  C:0E3BH         LINE#         673
  C:0E41H         LINE#         674
  C:0E48H         LINE#         675
  C:0E48H         LINE#         676
  -------         ENDPROC       _LED_ON
  -------         PROC          LED_CONTROL
  C:0D63H         LINE#         680
  C:0D63H         LINE#         681
  C:0D63H         LINE#         682
  C:0D6AH         LINE#         683
  C:0D6FH         LINE#         685
  C:0D72H         LINE#         687
  C:0D79H         LINE#         688
  C:0D7EH         LINE#         690
  C:0D81H         LINE#         694
  C:0D98H         LINE#         695
  C:0DA0H         LINE#         696
  C:0DA0H         LINE#         697
  C:0DA3H         LINE#         698
  C:0DA8H         LINE#         699
  C:0DAAH         LINE#         701
  C:0DAAH         LINE#         702
  C:0DADH         LINE#         703
  C:0DB3H         LINE#         704
  C:0DB3H         LINE#         705
  C:0DBAH         LINE#         706
  C:0DBAH         LINE#         707
  -------         ENDPROC       LED_CONTROL
  -------         ENDMOD        MASTER

  -------         MODULE        RESUME
  C:0000H         SYMBOL        _ICE_DUMMY_
  C:100CH         PUBLIC        EZUSB_Resume
  -------         PROC          EZUSB_RESUME
  C:100CH         LINE#         38
  C:100CH         LINE#         39
  C:100CH         LINE#         40
  C:1022H         LINE#         42
  C:1022H         LINE#         43
  C:1029H         LINE#         44
  C:1030H         LINE#         45
  C:1037H         LINE#         46
  C:1037H         LINE#         47
  -------         ENDPROC       EZUSB_RESUME
  -------         ENDMOD        RESUME
BL51 BANKED LINKER/LOCATER V5.03                                                      10/16/2013  16:33:59  PAGE 27



  -------         MODULE        DISCON
  C:0000H         SYMBOL        _ICE_DUMMY_
  D:0091H         PUBLIC        EXIF
  C:0FDDH         PUBLIC        EZUSB_Discon
  -------         PROC          EZUSB_DISCON
  B:0020H.7       SYMBOL        renum
  C:0FDDH         LINE#         39
  C:0FDDH         LINE#         40
  C:0FDDH         LINE#         42
  C:0FE0H         LINE#         43
  C:0FE9H         LINE#         45
  C:0FF0H         LINE#         47
  C:0FF7H         LINE#         49
  C:0FFDH         LINE#         50
  C:1001H         LINE#         51
  C:1004H         LINE#         53
  C:100BH         LINE#         54
  -------         ENDPROC       EZUSB_DISCON
  -------         ENDMOD        DISCON

  -------         MODULE        EZREGS
  C:0000H         SYMBOL        _ICE_DUMMY_
  X:E652H         PUBLIC        EP4FIFOIE
  X:E668H         PUBLIC        INTSETUP
  X:E600H         PUBLIC        CPUCS
  X:E654H         PUBLIC        EP6FIFOIE
  X:E680H         PUBLIC        USBCS
  X:E65FH         PUBLIC        EPIRQ
  X:E656H         PUBLIC        EP8FIFOIE
  X:E6F2H         PUBLIC        XGPIFSGLDATLNOX
  X:E6C0H         PUBLIC        GPIFWFSELECT
  X:E6F0H         PUBLIC        XGPIFSGLDATH
  X:E605H         PUBLIC        BREAKPT
  X:E609H         PUBLIC        FIFOPINPOLAR
  X:E640H         PUBLIC        EP2ISOINPKTS
  X:E678H         PUBLIC        I2CS
  X:E610H         PUBLIC        EP1OUTCFG
  X:E6F9H         PUBLIC        TESTCFG
  X:E641H         PUBLIC        EP4ISOINPKTS
  X:E68AH         PUBLIC        EP0BCH
  X:E661H         PUBLIC        GPIFIRQ
  X:E642H         PUBLIC        EP6ISOINPKTS
  X:E690H         PUBLIC        EP2BCH
  X:E643H         PUBLIC        EP8ISOINPKTS
  X:E694H         PUBLIC        EP4BCH
  X:E68BH         PUBLIC        EP0BCL
  X:E612H         PUBLIC        EP2CFG
  X:E698H         PUBLIC        EP6BCH
  X:E691H         PUBLIC        EP2BCL
  X:E613H         PUBLIC        EP4CFG
  X:E6A7H         PUBLIC        EP2FIFOFLGS
  X:E69CH         PUBLIC        EP8BCH
  X:E695H         PUBLIC        EP4BCL
  X:E628H         PUBLIC        ECCCFG
  X:E614H         PUBLIC        EP6CFG
  X:E6A8H         PUBLIC        EP4FIFOFLGS
BL51 BANKED LINKER/LOCATER V5.03                                                      10/16/2013  16:33:59  PAGE 28


  X:E699H         PUBLIC        EP6BCL
  X:E780H         PUBLIC        EP1OUTBUF
  X:E67BH         PUBLIC        XAUTODAT1
  X:E615H         PUBLIC        EP8CFG
  X:E6A9H         PUBLIC        EP6FIFOFLGS
  X:E69DH         PUBLIC        EP8BCL
  X:E67CH         PUBLIC        XAUTODAT2
  X:E684H         PUBLIC        USBFRAMEH
  X:E6F5H         PUBLIC        GPIFABORT
  X:E6AAH         PUBLIC        EP8FIFOFLGS
  X:E6F8H         PUBLIC        DBUG
  X:E740H         PUBLIC        EP0BUF
  X:E6CBH         PUBLIC        FLOWSTB
  X:E65EH         PUBLIC        EPIE
  X:E685H         PUBLIC        USBFRAMEL
  X:E681H         PUBLIC        SUSPEND
  X:E60CH         PUBLIC        GPIFHOLDAMOUNT
  X:E6D4H         PUBLIC        EP2GPIFTRIG
  X:E6C7H         PUBLIC        FLOWLOGIC
  X:E6DCH         PUBLIC        EP4GPIFTRIG
  X:E604H         PUBLIC        FIFORESET
  X:E6E4H         PUBLIC        EP6GPIFTRIG
  X:E6C2H         PUBLIC        GPIFIDLECTL
  X:E6FAH         PUBLIC        USBTEST
  X:E6B3H         PUBLIC        SUDPTRH
  X:E6ECH         PUBLIC        EP8GPIFTRIG
  X:E6D2H         PUBLIC        EP2GPIFFLGSEL
  X:E611H         PUBLIC        EP1INCFG
  X:E6B4H         PUBLIC        SUDPTRL
  X:E687H         PUBLIC        FNADDR
  X:E6DAH         PUBLIC        EP4GPIFFLGSEL
  X:E6D1H         PUBLIC        GPIFTCB0
  X:E6CDH         PUBLIC        FLOWSTBHPERIOD
  X:E6D0H         PUBLIC        GPIFTCB1
  X:E665H         PUBLIC        CLRERRCNT
  X:E6E2H         PUBLIC        EP6GPIFFLGSEL
  X:E6CFH         PUBLIC        GPIFTCB2
  X:E664H         PUBLIC        ERRCNTLIM
  X:E6CEH         PUBLIC        GPIFTCB3
  X:E6EAH         PUBLIC        EP8GPIFFLGSEL
  X:E660H         PUBLIC        GPIFIE
  X:E67FH         PUBLIC        UDMACRCQUAL
  X:E400H         PUBLIC        GPIF_WAVE_DATA
  X:E6CCH         PUBLIC        FLOWSTBEDGE
  X:E6ABH         PUBLIC        EP2FIFOBCH
  X:E7C0H         PUBLIC        EP1INBUF
  X:E6C6H         PUBLIC        FLOWSTATE
  X:E6ADH         PUBLIC        EP4FIFOBCH
  X:E6CAH         PUBLIC        FLOWHOLDOFF
  X:E618H         PUBLIC        EP2FIFOCFG
  X:E6AFH         PUBLIC        EP6FIFOBCH
  X:E6ACH         PUBLIC        EP2FIFOBCL
  X:E619H         PUBLIC        EP4FIFOCFG
  X:E6B1H         PUBLIC        EP8FIFOBCH
  X:E6AEH         PUBLIC        EP4FIFOBCL
  X:E649H         PUBLIC        OUTPKTEND
  X:E663H         PUBLIC        USBERRIRQ
BL51 BANKED LINKER/LOCATER V5.03                                                      10/16/2013  16:33:59  PAGE 29


  X:E61AH         PUBLIC        EP6FIFOCFG
  X:E6B0H         PUBLIC        EP6FIFOBCL
  X:E620H         PUBLIC        EP2AUTOINLENH
  X:E61BH         PUBLIC        EP8FIFOCFG
  X:E6B2H         PUBLIC        EP8FIFOBCL
  X:E68DH         PUBLIC        EP1OUTBC
  X:E622H         PUBLIC        EP4AUTOINLENH
  X:E666H         PUBLIC        INT2IVEC
  X:E659H         PUBLIC        IBNIRQ
  X:E6FBH         PUBLIC        CT1
  X:E6C4H         PUBLIC        GPIFADRH
  X:E65BH         PUBLIC        NAKIRQ
  X:E624H         PUBLIC        EP6AUTOINLENH
  X:E621H         PUBLIC        EP2AUTOINLENL
  X:E601H         PUBLIC        IFCONFIG
  X:E6FCH         PUBLIC        CT2
  X:E6B5H         PUBLIC        SUDPTRCTL
  X:E667H         PUBLIC        INT4IVEC
  X:E6FDH         PUBLIC        CT3
  X:E67DH         PUBLIC        UDMACRCH
  X:E626H         PUBLIC        EP8AUTOINLENH
  X:E623H         PUBLIC        EP4AUTOINLENL
  X:E6FEH         PUBLIC        CT4
  X:F000H         PUBLIC        EP2FIFOBUF
  X:E6C5H         PUBLIC        GPIFADRL
  X:E625H         PUBLIC        EP6AUTOINLENL
  X:E630H         PUBLIC        EP2FIFOPFH
  X:F400H         PUBLIC        EP4FIFOBUF
  X:E67EH         PUBLIC        UDMACRCL
  X:E627H         PUBLIC        EP8AUTOINLENL
  X:E6D3H         PUBLIC        EP2GPIFPFSTOP
  X:E683H         PUBLIC        TOGCTL
  X:E632H         PUBLIC        EP4FIFOPFH
  X:F800H         PUBLIC        EP6FIFOBUF
  X:E629H         PUBLIC        ECCRESET
  X:E6DBH         PUBLIC        EP4GPIFPFSTOP
  X:E634H         PUBLIC        EP6FIFOPFH
  X:E631H         PUBLIC        EP2FIFOPFL
  X:FC00H         PUBLIC        EP8FIFOBUF
  X:E60BH         PUBLIC        REVCTL
  X:E6E3H         PUBLIC        EP6GPIFPFSTOP
  X:E636H         PUBLIC        EP8FIFOPFH
  X:E633H         PUBLIC        EP4FIFOPFL
  X:E608H         PUBLIC        UART230
  X:E480H         PUBLIC        RES_WAVEDATA_END
  X:E6EBH         PUBLIC        EP8GPIFPFSTOP
  X:E679H         PUBLIC        I2DAT
  X:E635H         PUBLIC        EP6FIFOPFL
  X:E6A1H         PUBLIC        EP1OUTCS
  X:E637H         PUBLIC        EP8FIFOPFL
  X:E65DH         PUBLIC        USBIRQ
  X:E670H         PUBLIC        PORTACFG
  X:E671H         PUBLIC        PORTCCFG
  X:E651H         PUBLIC        EP2FIFOIRQ
  X:E602H         PUBLIC        PINFLAGSAB
  X:E6A0H         PUBLIC        EP0CS
  X:E6F4H         PUBLIC        GPIFREADYSTAT
BL51 BANKED LINKER/LOCATER V5.03                                                      10/16/2013  16:33:59  PAGE 30


  X:E6C3H         PUBLIC        GPIFCTLCFG
  X:E672H         PUBLIC        PORTECFG
  X:E653H         PUBLIC        EP4FIFOIRQ
  X:E6C1H         PUBLIC        GPIFIDLECS
  X:E6A3H         PUBLIC        EP2CS
  X:E50DH         PUBLIC        GPCR2
  X:E67AH         PUBLIC        I2CTL
  X:E655H         PUBLIC        EP6FIFOIRQ
  X:E603H         PUBLIC        PINFLAGSCD
  X:E6A4H         PUBLIC        EP4CS
  X:E648H         PUBLIC        INPKTEND
  X:E657H         PUBLIC        EP8FIFOIRQ
  X:E6A5H         PUBLIC        EP6CS
  X:E6A6H         PUBLIC        EP8CS
  X:E68FH         PUBLIC        EP1INBC
  X:E662H         PUBLIC        USBERRIE
  X:E6C8H         PUBLIC        FLOWEQ0CTL
  X:E6C9H         PUBLIC        FLOWEQ1CTL
  X:E682H         PUBLIC        WAKEUPCS
  X:E6F1H         PUBLIC        XGPIFSGLDATLX
  X:E658H         PUBLIC        IBNIE
  X:E686H         PUBLIC        MICROFRAME
  X:E65AH         PUBLIC        NAKIE
  X:E6B8H         PUBLIC        SETUPDAT
  X:E62AH         PUBLIC        ECC1B0
  X:E62DH         PUBLIC        ECC2B0
  X:E62BH         PUBLIC        ECC1B1
  X:E6F3H         PUBLIC        GPIFREADYCFG
  X:E62EH         PUBLIC        ECC2B1
  X:E62CH         PUBLIC        ECC1B2
  X:E62FH         PUBLIC        ECC2B2
  X:E6A2H         PUBLIC        EP1INCS
  X:E606H         PUBLIC        BPADDRH
  X:E65CH         PUBLIC        USBIE
  X:E60AH         PUBLIC        REVID
  X:E607H         PUBLIC        BPADDRL
  X:E650H         PUBLIC        EP2FIFOIE
  -------         ENDMOD        EZREGS

  -------         MODULE        I2C
  C:0000H         SYMBOL        _ICE_DUMMY_
  B:00E8H.1       PUBLIC        EI2C
  B:00A8H.7       PUBLIC        EA
  D:0091H         PUBLIC        EXIF
  C:06F5H         PUBLIC        i2c_isr
  C:1152H         PUBLIC        EZUSB_InitI2C
  D:001AH         PUBLIC        I2CPckt
  C:0F09H         PUBLIC        _EZUSB_WaitForEEPROMWrite
  C:0F77H         PUBLIC        _EZUSB_ReadI2C_
  C:0FABH         PUBLIC        _EZUSB_WriteI2C_
  -------         PROC          EZUSB_INITI2C
  C:1152H         LINE#         40
  C:1152H         LINE#         41
  C:1152H         LINE#         42
  C:1155H         LINE#         44
  C:1157H         LINE#         45
  C:1159H         LINE#         50
BL51 BANKED LINKER/LOCATER V5.03                                                      10/16/2013  16:33:59  PAGE 31


  -------         ENDPROC       EZUSB_INITI2C
  -------         PROC          _EZUSB_WAITFOREEPROMWRITE
  D:0005H         SYMBOL        addr
  C:0F09H         LINE#         52
  C:0F0BH         LINE#         53
  C:0F0BH         LINE#         56
  C:0F12H         LINE#         60
  C:0F14H         LINE#         63
  C:0F14H         LINE#         64
  C:0F1BH         LINE#         65
  C:0F22H         LINE#         66
  C:0F29H         LINE#         67
  C:0F30H         LINE#         68
  C:0F37H         LINE#         69
  C:0F3EH         LINE#         72
  C:0F40H         LINE#         74
  -------         ENDPROC       _EZUSB_WAITFOREEPROMWRITE
  -------         PROC          _EZUSB_WRITEI2C_
  D:0004H         SYMBOL        addr
  D:0005H         SYMBOL        length
  D:0002H         SYMBOL        dat
  C:0FABH         LINE#         75
  C:0FADH         LINE#         76
  C:0FADH         LINE#         79
  C:0FB4H         LINE#         82
  C:0FB8H         LINE#         83
  C:0FB8H         LINE#         84
  C:0FBFH         LINE#         85
  C:0FC6H         LINE#         87
  C:0FC8H         LINE#         88
  C:0FD3H         LINE#         89
  C:0FD6H         LINE#         90
  C:0FD9H         LINE#         92
  C:0FDBH         LINE#         93
  C:0FDBH         LINE#         95
  C:0FDCH         LINE#         96
  -------         ENDPROC       _EZUSB_WRITEI2C_
  -------         PROC          _EZUSB_READI2C_
  D:0004H         SYMBOL        addr
  D:0005H         SYMBOL        length
  D:0002H         SYMBOL        dat
  C:0F77H         LINE#         98
  C:0F79H         LINE#         99
  C:0F79H         LINE#         102
  C:0F80H         LINE#         105
  C:0F84H         LINE#         106
  C:0F84H         LINE#         107
  C:0F8BH         LINE#         108
  C:0F94H         LINE#         110
  C:0F96H         LINE#         111
  C:0FA1H         LINE#         112
  C:0FA4H         LINE#         113
  C:0FA7H         LINE#         115
  C:0FA9H         LINE#         116
  C:0FA9H         LINE#         118
  C:0FAAH         LINE#         119
  -------         ENDPROC       _EZUSB_READI2C_
[...]
  C:1063H         LINE#         22
  C:1066H         LINE#         23
  C:1067H         LINE#         24
  C:1069H         LINE#         25
  C:106AH         LINE#         27
  C:106DH         LINE#         28
  C:106EH         LINE#         30
  C:1071H         LINE#         32
  C:1072H         LINE#         33
  C:1073H         LINE#         34
  C:1074H         LINE#         35
  C:1075H         LINE#         36
  C:1076H         LINE#         37
  -------         ENDMOD        SUSP

  -------         MODULE        DELAY
  C:0000H         SYMBOL        _ICE_DUMMY_
  C:0E49H         PUBLIC        _EZUSB_Delay
  -------         PROC          _EZUSB_DELAY
  D:0018H         SYMBOL        ms
  C:0E49H         LINE#         39
  C:0E4DH         LINE#         40
  C:0E4DH         LINE#         46
  C:0E55H         LINE#         47
  C:0E67H         LINE#         48
  C:0E71H         LINE#         49
  C:0E7CH         LINE#         51
  C:0E89H         LINE#         52
  C:0E8EH         LINE#         53
  -------         ENDPROC       _EZUSB_DELAY
  -------         ENDMOD        DELAY

  -------         MODULE        DELAY1MS
  C:1063H         SEGMENT       EZUSB
  C:1077H         PUBLIC        EZUSB_DELAY1MS
  B:00D0H.6       SYMBOL        AC
  D:00E0H         SYMBOL        ACC
  D:009AH         SYMBOL        APTR1H
  D:009BH         SYMBOL        APTR1L
  D:009AH         SYMBOL        AUTOPTR1H
BL51 BANKED LINKER/LOCATER V5.03                                                      10/16/2013  16:33:59  PAGE 41


  D:009BH         SYMBOL        AUTOPTR1L
  D:009AH         SYMBOL        AUTOPTRH1
  D:009DH         SYMBOL        AUTOPTRH2
  D:009BH         SYMBOL        AUTOPTRL1
  D:009EH         SYMBOL        AUTOPTRL2
  D:00AFH         SYMBOL        AUTOPTRSETUP
  D:00F0H         SYMBOL        B
  X:E606H         SYMBOL        BPADDRH
  X:E607H         SYMBOL        BPADDRL
  X:E605H         SYMBOL        BREAKPT
  D:008EH         SYMBOL        CKCON
  X:E665H         SYMBOL        CLRERRCNT
  X:E600H         SYMBOL        CPUCS
  B:00C8H.0       SYMBOL        CP_RL2
  X:E6FBH         SYMBOL        CT1
  X:E6FCH         SYMBOL        CT2
  X:E6FDH         SYMBOL        CT3
  X:E6FEH         SYMBOL        CT4
  B:00D0H.7       SYMBOL        CY
  B:00C8H.1       SYMBOL        C_T2
  X:E6F8H         SYMBOL        DBUG
  N:0000H         SYMBOL        DELAY1MS
  D:0083H         SYMBOL        DPH
  D:0085H         SYMBOL        DPH1
  D:0082H         SYMBOL        DPL
  D:0084H         SYMBOL        DPL1
  D:0086H         SYMBOL        DPS
  B:00A8H.7       SYMBOL        EA
  X:E62AH         SYMBOL        ECC1B0
  X:E62BH         SYMBOL        ECC1B1
  X:E62CH         SYMBOL        ECC1B2
  X:E62DH         SYMBOL        ECC2B0
  X:E62EH         SYMBOL        ECC2B1
  X:E62FH         SYMBOL        ECC2B2
  X:E628H         SYMBOL        ECCCFG
  X:E629H         SYMBOL        ECCRESET
  B:00E8H.1       SYMBOL        EI2C
  D:00D8H         SYMBOL        EICON
  D:00E8H         SYMBOL        EIE
  B:00E8H.2       SYMBOL        EIEX4
  B:00E8H.3       SYMBOL        EIEX5
  B:00E8H.4       SYMBOL        EIEX6
  D:00F8H         SYMBOL        EIP
  B:00F8H.2       SYMBOL        EIPX4
  B:00F8H.3       SYMBOL        EIPX5
  B:00F8H.4       SYMBOL        EIPX6
  D:00BAH         SYMBOL        EP01STAT
  X:E68AH         SYMBOL        EP0BCH
  X:E68BH         SYMBOL        EP0BCL
  X:E740H         SYMBOL        EP0BUF
  X:E6A0H         SYMBOL        EP0CS
  X:E68FH         SYMBOL        EP1INBC
  X:E7C0H         SYMBOL        EP1INBUF
  X:E611H         SYMBOL        EP1INCFG
  X:E6A2H         SYMBOL        EP1INCS
  X:E68DH         SYMBOL        EP1OUTBC
  X:E780H         SYMBOL        EP1OUTBUF
BL51 BANKED LINKER/LOCATER V5.03                                                      10/16/2013  16:33:59  PAGE 42


  X:E610H         SYMBOL        EP1OUTCFG
  X:E6A1H         SYMBOL        EP1OUTCS
  D:00AAH         SYMBOL        EP2468STAT
  D:00ABH         SYMBOL        EP24FIFOFLGS
  X:E620H         SYMBOL        EP2AUTOINLENH
  X:E621H         SYMBOL        EP2AUTOINLENL
  X:E690H         SYMBOL        EP2BCH
  X:E691H         SYMBOL        EP2BCL
  X:E612H         SYMBOL        EP2CFG
  X:E6A3H         SYMBOL        EP2CS
  X:E6ABH         SYMBOL        EP2FIFOBCH
  X:E6ACH         SYMBOL        EP2FIFOBCL
  X:F000H         SYMBOL        EP2FIFOBUF
  X:E618H         SYMBOL        EP2FIFOCFG
  X:E6A7H         SYMBOL        EP2FIFOFLGS
  X:E650H         SYMBOL        EP2FIFOIE
  X:E651H         SYMBOL        EP2FIFOIRQ
  X:E630H         SYMBOL        EP2FIFOPFH
  X:E631H         SYMBOL        EP2FIFOPFL
  X:E6D2H         SYMBOL        EP2GPIFFLGSEL
  X:E6D3H         SYMBOL        EP2GPIFPFSTOP
  X:E6D0H         SYMBOL        EP2GPIFTCH
  X:E6D1H         SYMBOL        EP2GPIFTCL
  X:E6D4H         SYMBOL        EP2GPIFTRIG
  X:E640H         SYMBOL        EP2ISOINPKTS
  X:E622H         SYMBOL        EP4AUTOINLENH
  X:E623H         SYMBOL        EP4AUTOINLENL
  X:E694H         SYMBOL        EP4BCH
  X:E695H         SYMBOL        EP4BCL
  X:E613H         SYMBOL        EP4CFG
  X:E6A4H         SYMBOL        EP4CS
  X:E6ADH         SYMBOL        EP4FIFOBCH
  X:E6AEH         SYMBOL        EP4FIFOBCL
  X:F400H         SYMBOL        EP4FIFOBUF
  X:E619H         SYMBOL        EP4FIFOCFG
  X:E6A8H         SYMBOL        EP4FIFOFLGS
  X:E652H         SYMBOL        EP4FIFOIE
  X:E653H         SYMBOL        EP4FIFOIRQ
  X:E632H         SYMBOL        EP4FIFOPFH
  X:E633H         SYMBOL        EP4FIFOPFL
  X:E6DAH         SYMBOL        EP4GPIFFLGSEL
  X:E6DBH         SYMBOL        EP4GPIFPFSTOP
  X:E6D0H         SYMBOL        EP4GPIFTCH
  X:E6D1H         SYMBOL        EP4GPIFTCL
  X:E6DCH         SYMBOL        EP4GPIFTRIG
  X:E641H         SYMBOL        EP4ISOINPKTS
  D:00ACH         SYMBOL        EP68FIFOFLGS
  X:E624H         SYMBOL        EP6AUTOINLENH
  X:E625H         SYMBOL        EP6AUTOINLENL
  X:E698H         SYMBOL        EP6BCH
  X:E699H         SYMBOL        EP6BCL
  X:E614H         SYMBOL        EP6CFG
  X:E6A5H         SYMBOL        EP6CS
  X:E6AFH         SYMBOL        EP6FIFOBCH
  X:E6B0H         SYMBOL        EP6FIFOBCL
  X:F800H         SYMBOL        EP6FIFOBUF
  X:E61AH         SYMBOL        EP6FIFOCFG
BL51 BANKED LINKER/LOCATER V5.03                                                      10/16/2013  16:33:59  PAGE 43


  X:E6A9H         SYMBOL        EP6FIFOFLGS
  X:E654H         SYMBOL        EP6FIFOIE
  X:E655H         SYMBOL        EP6FIFOIRQ
  X:E634H         SYMBOL        EP6FIFOPFH
  X:E635H         SYMBOL        EP6FIFOPFL
  X:E6E2H         SYMBOL        EP6GPIFFLGSEL
  X:E6E3H         SYMBOL        EP6GPIFPFSTOP
  X:E6D0H         SYMBOL        EP6GPIFTCH
  X:E6D1H         SYMBOL        EP6GPIFTCL
  X:E6E4H         SYMBOL        EP6GPIFTRIG
  X:E642H         SYMBOL        EP6ISOINPKTS
  X:E626H         SYMBOL        EP8AUTOINLENH
  X:E627H         SYMBOL        EP8AUTOINLENL
  X:E69CH         SYMBOL        EP8BCH
  X:E69DH         SYMBOL        EP8BCL
  X:E615H         SYMBOL        EP8CFG
  X:E6A6H         SYMBOL        EP8CS
  X:E6B1H         SYMBOL        EP8FIFOBCH
  X:E6B2H         SYMBOL        EP8FIFOBCL
  X:FC00H         SYMBOL        EP8FIFOBUF
  X:E61BH         SYMBOL        EP8FIFOCFG
  X:E6AAH         SYMBOL        EP8FIFOFLGS
  X:E656H         SYMBOL        EP8FIFOIE
  X:E657H         SYMBOL        EP8FIFOIRQ
  X:E636H         SYMBOL        EP8FIFOPFH
  X:E637H         SYMBOL        EP8FIFOPFL
  X:E6EAH         SYMBOL        EP8GPIFFLGSEL
  X:E6EBH         SYMBOL        EP8GPIFPFSTOP
  X:E6D0H         SYMBOL        EP8GPIFTCH
  X:E6D1H         SYMBOL        EP8GPIFTCL
  X:E6ECH         SYMBOL        EP8GPIFTRIG
  X:E643H         SYMBOL        EP8ISOINPKTS
  X:E65EH         SYMBOL        EPIE
  X:E65FH         SYMBOL        EPIRQ
  B:00D8H.5       SYMBOL        ERESI
  X:E664H         SYMBOL        ERRCNTLIM
  C:1087H         SYMBOL        ER_END
  B:00A8H.4       SYMBOL        ES0
  B:00A8H.6       SYMBOL        ES1
  B:00A8H.1       SYMBOL        ET0
  B:00A8H.3       SYMBOL        ET1
  B:00A8H.5       SYMBOL        ET2
  B:00E8H.0       SYMBOL        EUSB
  B:00A8H.0       SYMBOL        EX0
  B:00A8H.2       SYMBOL        EX1
  B:00C8H.3       SYMBOL        EXEN2
  B:00C8H.6       SYMBOL        EXF2
  D:0091H         SYMBOL        EXIF
  X:E67BH         SYMBOL        EXTAUTODAT1
  X:E67CH         SYMBOL        EXTAUTODAT2
  B:00D0H.5       SYMBOL        F0
  X:E609H         SYMBOL        FIFOPINPOLAR
  X:E604H         SYMBOL        FIFORESET
  B:00D0H.1       SYMBOL        FL
  X:E6CCH         SYMBOL        FLOWEDGE
  X:E6C8H         SYMBOL        FLOWEQ0CTL
  X:E6C9H         SYMBOL        FLOWEQ1CTL
BL51 BANKED LINKER/LOCATER V5.03                                                      10/16/2013  16:33:59  PAGE 44


  X:E6C7H         SYMBOL        FLOWLOGIC
  X:E6C6H         SYMBOL        FLOWSTATE
  X:E6CBH         SYMBOL        FLOWSTB
  X:E6CDH         SYMBOL        FLOWSTBHPERIOD
  X:E687H         SYMBOL        FNADDR
  X:E509H         SYMBOL        GPCR2
  X:E6F5H         SYMBOL        GPIFABORT
  X:E6C4H         SYMBOL        GPIFADRH
  X:E6C5H         SYMBOL        GPIFADRL
  X:E6C3H         SYMBOL        GPIFCTLCFG
  X:E60CH         SYMBOL        GPIFHOLDAMOUNT
  X:E6C1H         SYMBOL        GPIFIDLECS
  X:E6C2H         SYMBOL        GPIFIDLECTL
  X:E660H         SYMBOL        GPIFIE
  X:E661H         SYMBOL        GPIFIRQ
  X:E6F3H         SYMBOL        GPIFREADYCFG
  X:E6F4H         SYMBOL        GPIFREADYSTAT
  D:00BDH         SYMBOL        GPIFSGLDATH
  D:00BFH         SYMBOL        GPIFSGLDATLNOX
  D:00BEH         SYMBOL        GPIFSGLDATLX
  X:E6D1H         SYMBOL        GPIFTCB0
  X:E6D0H         SYMBOL        GPIFTCB1
  X:E6CFH         SYMBOL        GPIFTCB2
  X:E6CEH         SYMBOL        GPIFTCB3
  D:00BBH         SYMBOL        GPIFTRIG
  X:E6C0H         SYMBOL        GPIFWFSELECT
  X:E400H         SYMBOL        GPIF_WAVE_DATA
  X:E678H         SYMBOL        I2CS
  X:E67AH         SYMBOL        I2CTL
  X:E679H         SYMBOL        I2DAT
  X:E658H         SYMBOL        IBNIE
  X:E659H         SYMBOL        IBNIRQ
  D:00A8H         SYMBOL        IE
  B:0088H.1       SYMBOL        IE0
  B:0088H.3       SYMBOL        IE1
  X:E601H         SYMBOL        IFCONFIG
  X:E648H         SYMBOL        INPKTEND
  D:00A1H         SYMBOL        INT2CLR
  X:E666H         SYMBOL        INT2IVEC
  D:00A2H         SYMBOL        INT4CLR
  X:E667H         SYMBOL        INT4IVEC
  B:00D8H.3       SYMBOL        INT6
  X:E668H         SYMBOL        INTSETUP
  D:0080H         SYMBOL        IOA
  D:0090H         SYMBOL        IOB
  D:00A0H         SYMBOL        IOC
  D:00B0H         SYMBOL        IOD
  D:00B1H         SYMBOL        IOE
  D:00B8H         SYMBOL        IP
  B:0088H.0       SYMBOL        IT0
  B:0088H.2       SYMBOL        IT1
  C:1080H         SYMBOL        LOOP
  X:E686H         SYMBOL        MICROFRAME
  D:0092H         SYMBOL        MPAGE
  X:E65AH         SYMBOL        NAKIE
  X:E65BH         SYMBOL        NAKIRQ
  D:00B2H         SYMBOL        OEA
BL51 BANKED LINKER/LOCATER V5.03                                                      10/16/2013  16:33:59  PAGE 45


  D:00B3H         SYMBOL        OEB
  D:00B4H         SYMBOL        OEC
  D:00B5H         SYMBOL        OED
  D:00B6H         SYMBOL        OEE
  X:E649H         SYMBOL        OUTPKTEND
  B:00D0H.2       SYMBOL        OV
  B:00D0H.0       SYMBOL        P
  B:0080H.0       SYMBOL        PA0
  B:0080H.1       SYMBOL        PA1
  B:0080H.2       SYMBOL        PA2
  B:0080H.3       SYMBOL        PA3
  B:0080H.4       SYMBOL        PA4
  B:0080H.5       SYMBOL        PA5
  B:0080H.6       SYMBOL        PA6
  B:0080H.7       SYMBOL        PA7
  B:0090H.0       SYMBOL        PB0
  B:0090H.1       SYMBOL        PB1
  B:0090H.2       SYMBOL        PB2
  B:0090H.3       SYMBOL        PB3
  B:0090H.4       SYMBOL        PB4
  B:0090H.5       SYMBOL        PB5
  B:0090H.6       SYMBOL        PB6
  B:0090H.7       SYMBOL        PB7
  B:00A0H.0       SYMBOL        PC0
  B:00A0H.1       SYMBOL        PC1
  B:00A0H.2       SYMBOL        PC2
  B:00A0H.3       SYMBOL        PC3
  B:00A0H.4       SYMBOL        PC4
  B:00A0H.5       SYMBOL        PC5
  B:00A0H.6       SYMBOL        PC6
  B:00A0H.7       SYMBOL        PC7
  D:0087H         SYMBOL        PCON
  B:00B0H.0       SYMBOL        PD0
  B:00B0H.1       SYMBOL        PD1
  B:00B0H.2       SYMBOL        PD2
  B:00B0H.3       SYMBOL        PD3
  B:00B0H.4       SYMBOL        PD4
  B:00B0H.5       SYMBOL        PD5
  B:00B0H.6       SYMBOL        PD6
  B:00B0H.7       SYMBOL        PD7
  B:00F8H.1       SYMBOL        PI2C
  X:E602H         SYMBOL        PINFLAGSAB
  X:E603H         SYMBOL        PINFLAGSCD
  X:E670H         SYMBOL        PORTACFG
  X:E671H         SYMBOL        PORTCCFG
  X:E672H         SYMBOL        PORTECFG
  B:00B8H.4       SYMBOL        PS0
  B:00B8H.6       SYMBOL        PS1
  D:00D0H         SYMBOL        PSW
  B:00B8H.1       SYMBOL        PT0
  B:00B8H.3       SYMBOL        PT1
  B:00B8H.5       SYMBOL        PT2
  B:00F8H.0       SYMBOL        PUSB
  B:00B8H.0       SYMBOL        PX0
  B:00B8H.2       SYMBOL        PX1
  B:0098H.2       SYMBOL        RB8
  B:00C0H.2       SYMBOL        RB81
BL51 BANKED LINKER/LOCATER V5.03                                                      10/16/2013  16:33:59  PAGE 46


  D:00CBH         SYMBOL        RCAP2H
  D:00CAH         SYMBOL        RCAP2L
  B:00C8H.5       SYMBOL        RCLK
  B:0098H.4       SYMBOL        REN
  B:00C0H.4       SYMBOL        REN1
  B:00D8H.4       SYMBOL        RESI
  X:E480H         SYMBOL        RES_WAVEDATA_END
  X:E60BH         SYMBOL        REVCTL
  X:E60AH         SYMBOL        REVID
  B:0098H.0       SYMBOL        RI
  B:00C0H.0       SYMBOL        RI1
  B:00D0H.3       SYMBOL        RS0
  B:00D0H.4       SYMBOL        RS1
  D:0099H         SYMBOL        SBUF0
  D:00C1H         SYMBOL        SBUF1
  D:0098H         SYMBOL        SCON0
  D:00C0H         SYMBOL        SCON1
  X:E6B8H         SYMBOL        SETUPDAT
  B:0098H.7       SYMBOL        SM0
  B:00C0H.7       SYMBOL        SM01
  B:0098H.6       SYMBOL        SM1
  B:00C0H.6       SYMBOL        SM11
  B:0098H.5       SYMBOL        SM2
  B:00C0H.5       SYMBOL        SM21
  B:00D8H.7       SYMBOL        SMOD1
  D:0081H         SYMBOL        SP
  X:E6B5H         SYMBOL        SUDPTRCTL
  X:E6B3H         SYMBOL        SUDPTRH
  X:E6B4H         SYMBOL        SUDPTRL
  X:E681H         SYMBOL        SUSPEND
  D:00C8H         SYMBOL        T2CON
  B:0098H.3       SYMBOL        TB8
  B:00C0H.3       SYMBOL        TB81
  B:00C8H.4       SYMBOL        TCLK
  D:0088H         SYMBOL        TCON
  X:E6F9H         SYMBOL        TESTCFG
  B:0088H.5       SYMBOL        TF0
  B:0088H.7       SYMBOL        TF1
  B:00C8H.7       SYMBOL        TF2
  D:008CH         SYMBOL        TH0
  D:008DH         SYMBOL        TH1
  D:00CDH         SYMBOL        TH2
  B:0098H.1       SYMBOL        TI
  B:00C0H.1       SYMBOL        TI1
  D:008AH         SYMBOL        TL0
  D:008BH         SYMBOL        TL1
  D:00CCH         SYMBOL        TL2
  D:0089H         SYMBOL        TMOD
  X:E683H         SYMBOL        TOGCTL
  B:0088H.4       SYMBOL        TR0
  B:0088H.6       SYMBOL        TR1
  B:00C8H.2       SYMBOL        TR2
  X:E608H         SYMBOL        UART230
  X:E67DH         SYMBOL        UDMACRCH
  X:E67EH         SYMBOL        UDMACRCL
  X:E67FH         SYMBOL        UDMACRCQUAL
  X:E680H         SYMBOL        USBCS
BL51 BANKED LINKER/LOCATER V5.03                                                      10/16/2013  16:33:59  PAGE 47


  X:E662H         SYMBOL        USBERRIE
  X:E663H         SYMBOL        USBERRIRQ
  X:E684H         SYMBOL        USBFRAMEH
  X:E685H         SYMBOL        USBFRAMEL
  X:E65CH         SYMBOL        USBIE
  X:E65DH         SYMBOL        USBIRQ
  X:E6FAH         SYMBOL        USBTEST
  X:E682H         SYMBOL        WAKEUPCS
  X:E6F0H         SYMBOL        XGPIFSGLDATH
  X:E6F2H         SYMBOL        XGPIFSGLDATLNOX
  X:E6F1H         SYMBOL        XGPIFSGLDATLX
  C:1077H         LINE#         48
  C:1079H         LINE#         49
  C:107BH         LINE#         50
  C:107EH         LINE#         51
  C:1080H         LINE#         53
  C:1081H         LINE#         54
  C:1083H         LINE#         55
  C:1085H         LINE#         56
  C:1087H         LINE#         58
  -------         ENDMOD        DELAY1MS

  -------         MODULE        USBJMPTBL
  C:0B00H         SEGMENT       ?PR?USB_JUMP_TABLE?USBJT
  N:0045H         PUBLIC        USB_INT2AUTOVECTOR
  N:0055H         PUBLIC        USB_INT4AUTOVECTOR
  C:0B00H         PUBLIC        USB_JUMP_TABLE
  N:0000H         SYMBOL        USBJMPTBL
  C:0043H         LINE#         49
  C:0053H         LINE#         53
  C:0B00H         LINE#         61
  C:0B04H         LINE#         63
  C:0B08H         LINE#         65
  C:0B0CH         LINE#         67
  C:0B10H         LINE#         69
  C:0B14H         LINE#         71
  C:0B18H         LINE#         73
  C:0B1CH         LINE#         75
  C:0B20H         LINE#         77
  C:0B24H         LINE#         79
  C:0B28H         LINE#         81
  C:0B2CH         LINE#         83
  C:0B30H         LINE#         85
  C:0B34H         LINE#         87
  C:0B38H         LINE#         89
  C:0B3CH         LINE#         91
  C:0B40H         LINE#         93
  C:0B44H         LINE#         95
  C:0B48H         LINE#         97
  C:0B4CH         LINE#         99
  C:0B50H         LINE#         101
  C:0B54H         LINE#         103
  C:0B58H         LINE#         105
  C:0B5CH         LINE#         107
  C:0B60H         LINE#         109
  C:0B64H         LINE#         111
  C:0B68H         LINE#         113
BL51 BANKED LINKER/LOCATER V5.03                                                      10/16/2013  16:33:59  PAGE 48


  C:0B6CH         LINE#         115
  C:0B70H         LINE#         117
  C:0B74H         LINE#         119
  C:0B78H         LINE#         121
  C:0B7CH         LINE#         123
  C:0B80H         LINE#         126
  C:0B84H         LINE#         128
  C:0B88H         LINE#         130
  C:0B8CH         LINE#         132
  C:0B90H         LINE#         134
  C:0B94H         LINE#         136
  C:0B98H         LINE#         138
  C:0B9CH         LINE#         140
  C:0BA0H         LINE#         142
  C:0BA4H         LINE#         144
  C:0BA8H         LINE#         146
  C:0BACH         LINE#         148
  C:0BB0H         LINE#         150
  C:0BB4H         LINE#         152
  -------         ENDMOD        USBJMPTBL

  -------         MODULE        ?C?CLDOPTR
  C:0A84H         PUBLIC        ?C?CLDOPTR
  -------         ENDMOD        ?C?CLDOPTR

  -------         MODULE        ?C?CSTOPTR
  C:0AB1H         PUBLIC        ?C?CSTOPTR
  -------         ENDMOD        ?C?CSTOPTR

  -------         MODULE        ?C?IILDX
  C:0AD3H         PUBLIC        ?C?IILDX
  -------         ENDMOD        ?C?IILDX

  -------         MODULE        ?C?ULCMP
  C:0AE9H         PUBLIC        ?C?ULCMP
  -------         ENDMOD        ?C?ULCMP

*** WARNING L16: UNCALLED SEGMENT, IGNORED FOR OVERLAY PROCESS
    SEGMENT: ?PR?_EZUSB_READI2C?I2C_RW

Program Size: data=52.0 xdata=4674 code=3929
LINK/LOCATE RUN COMPLETE.  1 WARNING(S),  0 ERROR(S)
